Component: Arm Compiler for Embedded 6.18 Tool: armlink [5e4cc100]

==============================================================================

Section Cross References

    startup_stm32f405xx.o(STACK) refers (Special) to heapauxi.o(.text) for __use_two_region_memory
    startup_stm32f405xx.o(HEAP) refers (Special) to heapauxi.o(.text) for __use_two_region_memory
    startup_stm32f405xx.o(RESET) refers (Special) to heapauxi.o(.text) for __use_two_region_memory
    startup_stm32f405xx.o(RESET) refers to startup_stm32f405xx.o(STACK) for __initial_sp
    startup_stm32f405xx.o(RESET) refers to startup_stm32f405xx.o(.text) for Reset_Handler
    startup_stm32f405xx.o(RESET) refers to stm32f4xx_it.o(.text.NMI_Handler) for NMI_Handler
    startup_stm32f405xx.o(RESET) refers to stm32f4xx_it.o(.text.HardFault_Handler) for HardFault_Handler
    startup_stm32f405xx.o(RESET) refers to stm32f4xx_it.o(.text.MemManage_Handler) for MemManage_Handler
    startup_stm32f405xx.o(RESET) refers to stm32f4xx_it.o(.text.BusFault_Handler) for BusFault_Handler
    startup_stm32f405xx.o(RESET) refers to stm32f4xx_it.o(.text.UsageFault_Handler) for UsageFault_Handler
    startup_stm32f405xx.o(RESET) refers to port.o(.text.SVC_Handler) for SVC_Handler
    startup_stm32f405xx.o(RESET) refers to stm32f4xx_it.o(.text.DebugMon_Handler) for DebugMon_Handler
    startup_stm32f405xx.o(RESET) refers to port.o(.text.PendSV_Handler) for PendSV_Handler
    startup_stm32f405xx.o(RESET) refers to cmsis_os2.o(.text.SysTick_Handler) for SysTick_Handler
    startup_stm32f405xx.o(RESET) refers to stm32f4xx_it.o(.text.CAN1_RX0_IRQHandler) for CAN1_RX0_IRQHandler
    startup_stm32f405xx.o(RESET) refers to stm32f4xx_it.o(.text.CAN1_RX1_IRQHandler) for CAN1_RX1_IRQHandler
    startup_stm32f405xx.o(RESET) refers to stm32f4xx_it.o(.text.TIM1_UP_TIM10_IRQHandler) for TIM1_UP_TIM10_IRQHandler
    startup_stm32f405xx.o(RESET) refers to stm32f4xx_it.o(.text.TIM2_IRQHandler) for TIM2_IRQHandler
    startup_stm32f405xx.o(RESET) refers to stm32f4xx_it.o(.text.USART1_IRQHandler) for USART1_IRQHandler
    startup_stm32f405xx.o(RESET) refers to stm32f4xx_it.o(.text.EXTI15_10_IRQHandler) for EXTI15_10_IRQHandler
    startup_stm32f405xx.o(RESET) refers to stm32f4xx_it.o(.text.DMA2_Stream2_IRQHandler) for DMA2_Stream2_IRQHandler
    startup_stm32f405xx.o(RESET) refers to stm32f4xx_it.o(.text.DMA2_Stream7_IRQHandler) for DMA2_Stream7_IRQHandler
    startup_stm32f405xx.o(.text) refers (Special) to heapauxi.o(.text) for __use_two_region_memory
    startup_stm32f405xx.o(.text) refers to system_stm32f4xx.o(.text.SystemInit) for SystemInit
    startup_stm32f405xx.o(.text) refers to __main.o(!!!main) for __main
    startup_stm32f405xx.o(.text) refers to startup_stm32f405xx.o(HEAP) for Heap_Mem
    startup_stm32f405xx.o(.text) refers to startup_stm32f405xx.o(STACK) for Stack_Mem
    main.o(.text.main) refers to stm32f4xx_hal.o(.text.HAL_Init) for HAL_Init
    main.o(.text.main) refers to main.o(.text.SystemClock_Config) for SystemClock_Config
    main.o(.text.main) refers to gpio.o(.text.MX_GPIO_Init) for MX_GPIO_Init
    main.o(.text.main) refers to dma.o(.text.MX_DMA_Init) for MX_DMA_Init
    main.o(.text.main) refers to tim.o(.text.MX_TIM2_Init) for MX_TIM2_Init
    main.o(.text.main) refers to tim.o(.text.MX_TIM3_Init) for MX_TIM3_Init
    main.o(.text.main) refers to usart.o(.text.MX_USART1_UART_Init) for MX_USART1_UART_Init
    main.o(.text.main) refers to can.o(.text.MX_CAN1_Init) for MX_CAN1_Init
    main.o(.text.main) refers to uart_app.o(.text.uart_app_init) for uart_app_init
    main.o(.text.main) refers to can_app.o(.text.can_app_init) for can_app_init
    main.o(.text.main) refers to dji_motor.o(.text.DJI_motor_init) for DJI_motor_init
    main.o(.text.main) refers to zdrive.o(.text.ZdriveInit) for ZdriveInit
    main.o(.text.main) refers to main.o(.bss.lift_motor) for lift_motor
    main.o(.text.main) refers to motor.o(.text.Motor_Init) for Motor_Init
    main.o(.text.main) refers to lift.o(.text.Lift_Init) for Lift_Init
    main.o(.text.main) refers to main.o(.bss.tick_2ms_count) for tick_2ms_count
    main.o(.text.main) refers to zdrive.o(.text.ZdriveFunc) for ZdriveFunc
    main.o(.text.main) refers to lift.o(.text.Lift_Process) for Lift_Process
    main.o(.ARM.exidx.text.main) refers to main.o(.text.main) for [Anonymous Symbol]
    main.o(.text.SystemClock_Config) refers to rt_memclr_w.o(.text) for __aeabi_memclr4
    main.o(.text.SystemClock_Config) refers to stm32f4xx_hal_rcc.o(.text.HAL_RCC_OscConfig) for HAL_RCC_OscConfig
    main.o(.text.SystemClock_Config) refers to main.o(.text.Error_Handler) for Error_Handler
    main.o(.text.SystemClock_Config) refers to stm32f4xx_hal_rcc.o(.text.HAL_RCC_ClockConfig) for HAL_RCC_ClockConfig
    main.o(.ARM.exidx.text.SystemClock_Config) refers to main.o(.text.SystemClock_Config) for [Anonymous Symbol]
    main.o(.ARM.exidx.text.Error_Handler) refers to main.o(.text.Error_Handler) for [Anonymous Symbol]
[...]
    __NVIC_GetPriorityGrouping               0x08006545   Thumb Code    16  stm32f4xx_hal_cortex.o(.text.__NVIC_GetPriorityGrouping)
    [Anonymous Symbol]                       0x08006544   Section        0  stm32f4xx_hal_cortex.o(.text.__NVIC_GetPriorityGrouping)
    __NVIC_SetPriority                       0x08006555   Thumb Code    66  stm32f4xx_hal_cortex.o(.text.__NVIC_SetPriority)
    [Anonymous Symbol]                       0x08006554   Section        0  stm32f4xx_hal_cortex.o(.text.__NVIC_SetPriority)
    __NVIC_SetPriorityGrouping               0x08006599   Thumb Code    60  stm32f4xx_hal_cortex.o(.text.__NVIC_SetPriorityGrouping)
    [Anonymous Symbol]                       0x08006598   Section        0  stm32f4xx_hal_cortex.o(.text.__NVIC_SetPriorityGrouping)
    [Anonymous Symbol]                       0x080065d4   Section        0  can_app.o(.text.can_app_init)
    [Anonymous Symbol]                       0x08006648   Section        0  main.o(.text.main)
    prvResetNextTaskUnblockTime              0x080066c9   Thumb Code    70  tasks.o(.text.prvResetNextTaskUnblockTime)
    [Anonymous Symbol]                       0x080066c8   Section        0  tasks.o(.text.prvResetNextTaskUnblockTime)
    [Anonymous Symbol]                       0x08006710   Section        0  uart_app.o(.text.uart_app_init)
    [Anonymous Symbol]                       0x08006740   Section        0  list.o(.text.uxListRemove)
    [Anonymous Symbol]                       0x08006788   Section        0  list.o(.text.vListInsertEnd)
    [Anonymous Symbol]                       0x080067c4   Section        0  tasks.o(.text.vTaskSwitchContext)
    [Anonymous Symbol]                       0x0800688c   Section        0  port.o(.text.xPortSysTickHandler)
    [Anonymous Symbol]                       0x080068c8   Section        0  tasks.o(.text.xTaskGetSchedulerState)
    [Anonymous Symbol]                       0x08006900   Section        0  tasks.o(.text.xTaskIncrementTick)
    $v0                                      0x08006ac4   Number         0  d2f.o(x$fpl$d2f)
    x$fpl$d2f                                0x08006ac4   Section       98  d2f.o(x$fpl$d2f)
    $v0                                      0x08006b26   Number         0  dcmpi.o(x$fpl$dcmpinf)
    x$fpl$dcmpinf                            0x08006b26   Section       24  dcmpi.o(x$fpl$dcmpinf)
    $v0                                      0x08006b40   Number         0  ddiv.o(x$fpl$ddiv)
    x$fpl$ddiv                               0x08006b40   Section      692  ddiv.o(x$fpl$ddiv)
    ddiv_entry                               0x08006b47   Thumb Code     0  ddiv.o(x$fpl$ddiv)
    $v0                                      0x08006df4   Number         0  deqf.o(x$fpl$deqf)
    x$fpl$deqf                               0x08006df4   Section      120  deqf.o(x$fpl$deqf)
    $v0                                      0x08006e6c   Number         0  dflt_clz.o(x$fpl$dflt)
    x$fpl$dflt                               0x08006e6c   Section       46  dflt_clz.o(x$fpl$dflt)
    $v0                                      0x08006e9a   Number         0  dflt_clz.o(x$fpl$dfltu)
    x$fpl$dfltu                              0x08006e9a   Section       38  dflt_clz.o(x$fpl$dfltu)
    $v0                                      0x08006ec0   Number         0  dgeqf.o(x$fpl$dgeqf)
    x$fpl$dgeqf                              0x08006ec0   Section      120  dgeqf.o(x$fpl$dgeqf)
    $v0                                      0x08006f38   Number         0  dleqf.o(x$fpl$dleqf)
    x$fpl$dleqf                              0x08006f38   Section      120  dleqf.o(x$fpl$dleqf)
    $v0                                      0x08006fb0   Number         0  dmul.o(x$fpl$dmul)
    x$fpl$dmul                               0x08006fb0   Section      340  dmul.o(x$fpl$dmul)
    $v0                                      0x08007104   Number         0  dnaninf.o(x$fpl$dnaninf)
    x$fpl$dnaninf                            0x08007104   Section      156  dnaninf.o(x$fpl$dnaninf)
    $v0                                      0x080071a0   Number         0  dretinf.o(x$fpl$dretinf)
    x$fpl$dretinf                            0x080071a0   Section       12  dretinf.o(x$fpl$dretinf)
    $v0                                      0x080071ac   Number         0  f2d.o(x$fpl$f2d)
    x$fpl$f2d                                0x080071ac   Section       86  f2d.o(x$fpl$f2d)
    $v0                                      0x08007202   Number         0  dcmp.o(x$fpl$fcmp)
    x$fpl$fcmp                               0x08007202   Section       84  dcmp.o(x$fpl$fcmp)
    $v0                                      0x08007256   Number         0  fnaninf.o(x$fpl$fnaninf)
    x$fpl$fnaninf                            0x08007256   Section      140  fnaninf.o(x$fpl$fnaninf)
    $v0                                      0x080072e2   Number         0  fpinit.o(x$fpl$fpinit)
    x$fpl$fpinit                             0x080072e2   Section       26  fpinit.o(x$fpl$fpinit)
    $v0                                      0x080072fc   Number         0  fretinf.o(x$fpl$fretinf)
    x$fpl$fretinf                            0x080072fc   Section       10  fretinf.o(x$fpl$fretinf)
    x$fpl$usenofp                            0x08007306   Section        0  usenofp.o(x$fpl$usenofp)
    DMA_CalcBaseAndBitshift.flagBitshiftOffset 0x0800731e   Data           8  stm32f4xx_hal_dma.o(.rodata.DMA_CalcBaseAndBitshift.flagBitshiftOffset)
    [Anonymous Symbol]                       0x0800731e   Section        0  stm32f4xx_hal_dma.o(.rodata.DMA_CalcBaseAndBitshift.flagBitshiftOffset)
    s_empty_data                             0x08007326   Data           1  zdrive.o(.rodata.s_empty_data)
    [Anonymous Symbol]                       0x08007326   Section        0  zdrive.o(.rodata.s_empty_data)
    .bss                                     0x20000010   Section       96  libspace.o(.bss)
    can_rx_data                              0x200003b0   Data           8  can_app.o(.bss.can_rx_data)
    [Anonymous Symbol]                       0x200003b0   Section        0  can_app.o(.bss.can_rx_data)
    can_rx_header                            0x200003b8   Data          28  can_app.o(.bss.can_rx_header)
    [Anonymous Symbol]                       0x200003b8   Section        0  can_app.o(.bss.can_rx_header)
    lift                                     0x200009c0   Data          28  lift.o(.bss.lift)
    [Anonymous Symbol]                       0x200009c0   Section        0  lift.o(.bss.lift)
    pxDelayedTaskList                        0x200009e4   Data           4  tasks.o(.bss.pxDelayedTaskList)
    [Anonymous Symbol]                       0x200009e4   Section        0  tasks.o(.bss.pxDelayedTaskList)
    pxOverflowDelayedTaskList                0x200009e8   Data           4  tasks.o(.bss.pxOverflowDelayedTaskList)
    [Anonymous Symbol]                       0x200009e8   Section        0  tasks.o(.bss.pxOverflowDelayedTaskList)
    pxReadyTasksLists                        0x200009ec   Data        1120  tasks.o(.bss.pxReadyTasksLists)
    [Anonymous Symbol]                       0x200009ec   Section        0  tasks.o(.bss.pxReadyTasksLists)
    rx_buffer                                0x20000e4c   Data          64  uart_app.o(.bss.rx_buffer)
    [Anonymous Symbol]                       0x20000e4c   Section        0  uart_app.o(.bss.rx_buffer)
    rx_ready                                 0x20000e8c   Data           1  uart_app.o(.bss.rx_ready)
    [Anonymous Symbol]                       0x20000e8c   Section        0  uart_app.o(.bss.rx_ready)
    rx_size                                  0x20000e8e   Data           2  uart_app.o(.bss.rx_size)
    [Anonymous Symbol]                       0x20000e8e   Section        0  uart_app.o(.bss.rx_size)
    tick_2ms_count                           0x20000e90   Data           4  main.o(.bss.tick_2ms_count)
    [Anonymous Symbol]                       0x20000e90   Section        0  main.o(.bss.tick_2ms_count)
    uxSchedulerSuspended                     0x20000e98   Data           4  tasks.o(.bss.uxSchedulerSuspended)
    [Anonymous Symbol]                       0x20000e98   Section        0  tasks.o(.bss.uxSchedulerSuspended)
    uxTopReadyPriority                       0x20000e9c   Data           4  tasks.o(.bss.uxTopReadyPriority)
    [Anonymous Symbol]                       0x20000e9c   Section        0  tasks.o(.bss.uxTopReadyPriority)
    xNextTaskUnblockTime                     0x20000ea0   Data           4  tasks.o(.bss.xNextTaskUnblockTime)
    [Anonymous Symbol]                       0x20000ea0   Section        0  tasks.o(.bss.xNextTaskUnblockTime)
    xNumOfOverflows                          0x20000ea4   Data           4  tasks.o(.bss.xNumOfOverflows)
    [Anonymous Symbol]                       0x20000ea4   Section        0  tasks.o(.bss.xNumOfOverflows)
    xPendedTicks                             0x20000ea8   Data           4  tasks.o(.bss.xPendedTicks)
    [Anonymous Symbol]                       0x20000ea8   Section        0  tasks.o(.bss.xPendedTicks)
    xSchedulerRunning                        0x20000eac   Data           4  tasks.o(.bss.xSchedulerRunning)
    [Anonymous Symbol]                       0x20000eac   Section        0  tasks.o(.bss.xSchedulerRunning)
    xTickCount                               0x20000eb0   Data           4  tasks.o(.bss.xTickCount)
    [Anonymous Symbol]                       0x20000eb0   Section        0  tasks.o(.bss.xTickCount)
    xYieldPending                            0x20000eb4   Data           4  tasks.o(.bss.xYieldPending)
    [Anonymous Symbol]                       0x20000eb4   Section        0  tasks.o(.bss.xYieldPending)
    Heap_Mem                                 0x20000eb8   Data        2048  startup_stm32f405xx.o(HEAP)
    HEAP                                     0x20000eb8   Section     2048  startup_stm32f405xx.o(HEAP)
    Stack_Mem                                0x200016b8   Data        1024  startup_stm32f405xx.o(STACK)
    STACK                                    0x200016b8   Section     1024  startup_stm32f405xx.o(STACK)
    __initial_sp                             0x20001ab8   Data           0  startup_stm32f405xx.o(STACK)

    Global Symbols

    Symbol Name                              Value     Ov Type        Size  Object(Section)

    BuildAttributes$$THM_ISAv4$E$P$D$K$B$S$7EM$VFPi3$EXTD16$VFPS$VFMA$PE$A:L22UL41UL21$X:L11$S22US41US21$IEEE1$IW$~IW$USESV6$~STKCKD$USESV7$~SHL$OTIME$ROPI$IEEEX$EBA8$UX$STANDARDLIB$REQ8$PRES8$EABIv2 0x00000000   Number         0  anon$$obj.o ABSOLUTE
    __ARM_exceptions_init                     - Undefined Weak Reference
    __alloca_initialize                       - Undefined Weak Reference
    __arm_preinit_                            - Undefined Weak Reference
    __arm_relocate_pie_                       - Undefined Weak Reference
    __cpp_initialize__aeabi_                  - Undefined Weak Reference
    __cxa_finalize                            - Undefined Weak Reference
    __rt_locale                               - Undefined Weak Reference
    __sigvec_lookup                           - Undefined Weak Reference
    _atexit_init                              - Undefined Weak Reference
    _call_atexit_fns                          - Undefined Weak Reference
    _clock_init                               - Undefined Weak Reference
    _fp_trap_init                             - Undefined Weak Reference
    _fp_trap_shutdown                         - Undefined Weak Reference
    _get_lc_collate                           - Undefined Weak Reference
    _get_lc_ctype                             - Undefined Weak Reference
    _get_lc_monetary                          - Undefined Weak Reference
    _get_lc_numeric                           - Undefined Weak Reference
    _get_lc_time                              - Undefined Weak Reference
    _getenv_init                              - Undefined Weak Reference
    _handle_redirection                       - Undefined Weak Reference
    _init_alloc                               - Undefined Weak Reference
    _init_user_alloc                          - Undefined Weak Reference
    _initio                                   - Undefined Weak Reference
    _rand_init                                - Undefined Weak Reference
    _signal_finish                            - Undefined Weak Reference
    _signal_init                              - Undefined Weak Reference
    _terminate_alloc                          - Undefined Weak Reference
    _terminate_user_alloc                     - Undefined Weak Reference
    _terminateio                              - Undefined Weak Reference
    __Vectors_Size                           0x00000188   Number         0  startup_stm32f405xx.o ABSOLUTE
    __Vectors                                0x08000000   Data           4  startup_stm32f405xx.o(RESET)
    __Vectors_End                            0x08000188   Data           0  startup_stm32f405xx.o(RESET)
    __main                                   0x08000189   Thumb Code     8  __main.o(!!!main)
    __scatterload                            0x08000191   Thumb Code     0  __scatter.o(!!!scatter)
    __scatterload_rt2                        0x08000191   Thumb Code    44  __scatter.o(!!!scatter)
    __scatterload_rt2_thumb_only             0x08000191   Thumb Code     0  __scatter.o(!!!scatter)
    __scatterload_null                       0x0800019f   Thumb Code     0  __scatter.o(!!!scatter)
    __scatterload_copy                       0x080001c5   Thumb Code    26  __scatter_copy.o(!!handler_copy)
    __scatterload_zeroinit                   0x080001e1   Thumb Code    28  __scatter_zi.o(!!handler_zi)
    __rt_lib_init                            0x080001fd   Thumb Code     0  libinit.o(.ARM.Collect$$libinit$$00000000)
    __rt_lib_init_fp_1                       0x080001ff   Thumb Code     0  libinit2.o(.ARM.Collect$$libinit$$00000001)
    __rt_lib_init_alloca_1                   0x08000203   Thumb Code     0  libinit2.o(.ARM.Collect$$libinit$$00000030)
    __rt_lib_init_argv_1                     0x08000203   Thumb Code     0  libinit2.o(.ARM.Collect$$libinit$$0000002E)
    __rt_lib_init_atexit_1                   0x08000203   Thumb Code     0  libinit2.o(.ARM.Collect$$libinit$$0000001D)
    __rt_lib_init_clock_1                    0x08000203   Thumb Code     0  libinit2.o(.ARM.Collect$$libinit$$00000023)
    __rt_lib_init_cpp_1                      0x08000203   Thumb Code     0  libinit2.o(.ARM.Collect$$libinit$$00000034)
    __rt_lib_init_exceptions_1               0x08000203   Thumb Code     0  libinit2.o(.ARM.Collect$$libinit$$00000032)
    __rt_lib_init_fp_trap_1                  0x08000203   Thumb Code     0  libinit2.o(.ARM.Collect$$libinit$$00000021)
    __rt_lib_init_getenv_1                   0x08000203   Thumb Code     0  libinit2.o(.ARM.Collect$$libinit$$00000025)
    __rt_lib_init_heap_1                     0x08000203   Thumb Code     0  libinit2.o(.ARM.Collect$$libinit$$0000000C)
    __rt_lib_init_lc_collate_1               0x08000203   Thumb Code     0  libinit2.o(.ARM.Collect$$libinit$$00000013)
    __rt_lib_init_lc_ctype_1                 0x08000203   Thumb Code     0  libinit2.o(.ARM.Collect$$libinit$$00000015)
    __rt_lib_init_lc_monetary_1              0x08000203   Thumb Code     0  libinit2.o(.ARM.Collect$$libinit$$00000017)
    __rt_lib_init_lc_numeric_1               0x08000203   Thumb Code     0  libinit2.o(.ARM.Collect$$libinit$$00000019)
    __rt_lib_init_lc_time_1                  0x08000203   Thumb Code     0  libinit2.o(.ARM.Collect$$libinit$$0000001B)
    __rt_lib_init_preinit_1                  0x08000203   Thumb Code     0  libinit2.o(.ARM.Collect$$libinit$$00000006)
    __rt_lib_init_rand_1                     0x08000203   Thumb Code     0  libinit2.o(.ARM.Collect$$libinit$$00000010)
    __rt_lib_init_relocate_pie_1             0x08000203   Thumb Code     0  libinit2.o(.ARM.Collect$$libinit$$00000004)
    __rt_lib_init_return                     0x08000203   Thumb Code     0  libinit2.o(.ARM.Collect$$libinit$$00000035)
    __rt_lib_init_signal_1                   0x08000203   Thumb Code     0  libinit2.o(.ARM.Collect$$libinit$$0000001F)
    __rt_lib_init_stdio_1                    0x08000203   Thumb Code     0  libinit2.o(.ARM.Collect$$libinit$$00000027)
    __rt_lib_init_user_alloc_1               0x08000203   Thumb Code     0  libinit2.o(.ARM.Collect$$libinit$$0000000E)
    __rt_lib_shutdown                        0x08000205   Thumb Code     0  libshutdown.o(.ARM.Collect$$libshutdown$$00000000)
    __rt_lib_shutdown_cpp_1                  0x08000207   Thumb Code     0  libshutdown2.o(.ARM.Collect$$libshutdown$$00000002)
    __rt_lib_shutdown_fp_trap_1              0x08000207   Thumb Code     0  libshutdown2.o(.ARM.Collect$$libshutdown$$00000007)
    __rt_lib_shutdown_heap_1                 0x08000207   Thumb Code     0  libshutdown2.o(.ARM.Collect$$libshutdown$$0000000F)
    __rt_lib_shutdown_return                 0x08000207   Thumb Code     0  libshutdown2.o(.ARM.Collect$$libshutdown$$00000010)
    __rt_lib_shutdown_signal_1               0x08000207   Thumb Code     0  libshutdown2.o(.ARM.Collect$$libshutdown$$0000000A)
    __rt_lib_shutdown_stdio_1                0x08000207   Thumb Code     0  libshutdown2.o(.ARM.Collect$$libshutdown$$00000004)
    __rt_lib_shutdown_user_alloc_1           0x08000207   Thumb Code     0  libshutdown2.o(.ARM.Collect$$libshutdown$$0000000C)
    __rt_entry                               0x08000209   Thumb Code     0  __rtentry.o(.ARM.Collect$$rtentry$$00000000)
    __rt_entry_presh_1                       0x08000209   Thumb Code     0  __rtentry2.o(.ARM.Collect$$rtentry$$00000002)
    __rt_entry_sh                            0x08000209   Thumb Code     0  __rtentry4.o(.ARM.Collect$$rtentry$$00000004)
    __rt_entry_li                            0x0800020f   Thumb Code     0  __rtentry2.o(.ARM.Collect$$rtentry$$0000000A)
    __rt_entry_postsh_1                      0x0800020f   Thumb Code     0  __rtentry2.o(.ARM.Collect$$rtentry$$00000009)
    __rt_entry_main                          0x08000213   Thumb Code     0  __rtentry2.o(.ARM.Collect$$rtentry$$0000000D)
    __rt_entry_postli_1                      0x08000213   Thumb Code     0  __rtentry2.o(.ARM.Collect$$rtentry$$0000000C)
    __rt_exit                                0x0800021b   Thumb Code     0  rtexit.o(.ARM.Collect$$rtexit$$00000000)
    __rt_exit_ls                             0x0800021d   Thumb Code     0  rtexit2.o(.ARM.Collect$$rtexit$$00000003)
    __rt_exit_prels_1                        0x0800021d   Thumb Code     0  rtexit2.o(.ARM.Collect$$rtexit$$00000002)
    __rt_exit_exit                           0x08000221   Thumb Code     0  rtexit2.o(.ARM.Collect$$rtexit$$00000004)
    Reset_Handler                            0x08000229   Thumb Code     8  startup_stm32f405xx.o(.text)
    ADC_IRQHandler                           0x08000243   Thumb Code     0  startup_stm32f405xx.o(.text)
    CAN1_SCE_IRQHandler                      0x08000243   Thumb Code     0  startup_stm32f405xx.o(.text)
    CAN1_TX_IRQHandler                       0x08000243   Thumb Code     0  startup_stm32f405xx.o(.text)
    CAN2_RX0_IRQHandler                      0x08000243   Thumb Code     0  startup_stm32f405xx.o(.text)
    CAN2_RX1_IRQHandler                      0x08000243   Thumb Code     0  startup_stm32f405xx.o(.text)
    CAN2_SCE_IRQHandler                      0x08000243   Thumb Code     0  startup_stm32f405xx.o(.text)
    CAN2_TX_IRQHandler                       0x08000243   Thumb Code     0  startup_stm32f405xx.o(.text)
    DMA1_Stream0_IRQHandler                  0x08000243   Thumb Code     0  startup_stm32f405xx.o(.text)
    DMA1_Stream1_IRQHandler                  0x08000243   Thumb Code     0  startup_stm32f405xx.o(.text)
    DMA1_Stream2_IRQHandler                  0x08000243   Thumb Code     0  startup_stm32f405xx.o(.text)
    DMA1_Stream3_IRQHandler                  0x08000243   Thumb Code     0  startup_stm32f405xx.o(.text)
    DMA1_Stream4_IRQHandler                  0x08000243   Thumb Code     0  startup_stm32f405xx.o(.text)
    DMA1_Stream5_IRQHandler                  0x08000243   Thumb Code     0  startup_stm32f405xx.o(.text)
    DMA1_Stream6_IRQHandler                  0x08000243   Thumb Code     0  startup_stm32f405xx.o(.text)
    DMA1_Stream7_IRQHandler                  0x08000243   Thumb Code     0  startup_stm32f405xx.o(.text)
    DMA2_Stream0_IRQHandler                  0x08000243   Thumb Code     0  startup_stm32f405xx.o(.text)
    DMA2_Stream1_IRQHandler                  0x08000243   Thumb Code     0  startup_stm32f405xx.o(.text)
    DMA2_Stream3_IRQHandler                  0x08000243   Thumb Code     0  startup_stm32f405xx.o(.text)
    DMA2_Stream4_IRQHandler                  0x08000243   Thumb Code     0  startup_stm32f405xx.o(.text)
    DMA2_Stream5_IRQHandler                  0x08000243   Thumb Code     0  startup_stm32f405xx.o(.text)
    DMA2_Stream6_IRQHandler                  0x08000243   Thumb Code     0  startup_stm32f405xx.o(.text)
    EXTI0_IRQHandler                         0x08000243   Thumb Code     0  startup_stm32f405xx.o(.text)
    EXTI1_IRQHandler                         0x08000243   Thumb Code     0  startup_stm32f405xx.o(.text)
    EXTI2_IRQHandler                         0x08000243   Thumb Code     0  startup_stm32f405xx.o(.text)
    EXTI3_IRQHandler                         0x08000243   Thumb Code     0  startup_stm32f405xx.o(.text)
    EXTI4_IRQHandler                         0x08000243   Thumb Code     0  startup_stm32f405xx.o(.text)
    EXTI9_5_IRQHandler                       0x08000243   Thumb Code     0  startup_stm32f405xx.o(.text)
    FLASH_IRQHandler                         0x08000243   Thumb Code     0  startup_stm32f405xx.o(.text)
    FMC_IRQHandler                           0x08000243   Thumb Code     0  startup_stm32f405xx.o(.text)
    FPU_IRQHandler                           0x08000243   Thumb Code     0  startup_stm32f405xx.o(.text)
    HASH_RNG_IRQHandler                      0x08000243   Thumb Code     0  startup_stm32f405xx.o(.text)
    I2C1_ER_IRQHandler                       0x08000243   Thumb Code     0  startup_stm32f405xx.o(.text)
    I2C1_EV_IRQHandler                       0x08000243   Thumb Code     0  startup_stm32f405xx.o(.text)
    I2C2_ER_IRQHandler                       0x08000243   Thumb Code     0  startup_stm32f405xx.o(.text)
    I2C2_EV_IRQHandler                       0x08000243   Thumb Code     0  startup_stm32f405xx.o(.text)
    I2C3_ER_IRQHandler                       0x08000243   Thumb Code     0  startup_stm32f405xx.o(.text)
    I2C3_EV_IRQHandler                       0x08000243   Thumb Code     0  startup_stm32f405xx.o(.text)
    OTG_FS_IRQHandler                        0x08000243   Thumb Code     0  startup_stm32f405xx.o(.text)
    OTG_FS_WKUP_IRQHandler                   0x08000243   Thumb Code     0  startup_stm32f405xx.o(.text)
    OTG_HS_EP1_IN_IRQHandler                 0x08000243   Thumb Code     0  startup_stm32f405xx.o(.text)
    OTG_HS_EP1_OUT_IRQHandler                0x08000243   Thumb Code     0  startup_stm32f405xx.o(.text)
    OTG_HS_IRQHandler                        0x08000243   Thumb Code     0  startup_stm32f405xx.o(.text)
    OTG_HS_WKUP_IRQHandler                   0x08000243   Thumb Code     0  startup_stm32f405xx.o(.text)
    PVD_IRQHandler                           0x08000243   Thumb Code     0  startup_stm32f405xx.o(.text)
    RCC_IRQHandler                           0x08000243   Thumb Code     0  startup_stm32f405xx.o(.text)
    RTC_Alarm_IRQHandler                     0x08000243   Thumb Code     0  startup_stm32f405xx.o(.text)
    RTC_WKUP_IRQHandler                      0x08000243   Thumb Code     0  startup_stm32f405xx.o(.text)
    SDIO_IRQHandler                          0x08000243   Thumb Code     0  startup_stm32f405xx.o(.text)
    SPI1_IRQHandler                          0x08000243   Thumb Code     0  startup_stm32f405xx.o(.text)
    SPI2_IRQHandler                          0x08000243   Thumb Code     0  startup_stm32f405xx.o(.text)
    SPI3_IRQHandler                          0x08000243   Thumb Code     0  startup_stm32f405xx.o(.text)
    TAMP_STAMP_IRQHandler                    0x08000243   Thumb Code     0  startup_stm32f405xx.o(.text)
    TIM1_BRK_TIM9_IRQHandler                 0x08000243   Thumb Code     0  startup_stm32f405xx.o(.text)
    TIM1_CC_IRQHandler                       0x08000243   Thumb Code     0  startup_stm32f405xx.o(.text)
    TIM1_TRG_COM_TIM11_IRQHandler            0x08000243   Thumb Code     0  startup_stm32f405xx.o(.text)
    TIM3_IRQHandler                          0x08000243   Thumb Code     0  startup_stm32f405xx.o(.text)
    TIM4_IRQHandler                          0x08000243   Thumb Code     0  startup_stm32f405xx.o(.text)
    TIM5_IRQHandler                          0x08000243   Thumb Code     0  startup_stm32f405xx.o(.text)
    TIM6_DAC_IRQHandler                      0x08000243   Thumb Code     0  startup_stm32f405xx.o(.text)
    TIM7_IRQHandler                          0x08000243   Thumb Code     0  startup_stm32f405xx.o(.text)
    TIM8_BRK_TIM12_IRQHandler                0x08000243   Thumb Code     0  startup_stm32f405xx.o(.text)
    TIM8_CC_IRQHandler                       0x08000243   Thumb Code     0  startup_stm32f405xx.o(.text)
    TIM8_TRG_COM_TIM14_IRQHandler            0x08000243   Thumb Code     0  startup_stm32f405xx.o(.text)
    TIM8_UP_TIM13_IRQHandler                 0x08000243   Thumb Code     0  startup_stm32f405xx.o(.text)
    UART4_IRQHandler                         0x08000243   Thumb Code     0  startup_stm32f405xx.o(.text)
    UART5_IRQHandler                         0x08000243   Thumb Code     0  startup_stm32f405xx.o(.text)
    USART2_IRQHandler                        0x08000243   Thumb Code     0  startup_stm32f405xx.o(.text)
    USART3_IRQHandler                        0x08000243   Thumb Code     0  startup_stm32f405xx.o(.text)
    USART6_IRQHandler                        0x08000243   Thumb Code     0  startup_stm32f405xx.o(.text)
    WWDG_IRQHandler                          0x08000243   Thumb Code     0  startup_stm32f405xx.o(.text)
    __user_initial_stackheap                 0x08000245   Thumb Code     0  startup_stm32f405xx.o(.text)
    __aeabi_uldivmod                         0x08000269   Thumb Code     0  lludivv7m.o(.text)
    _ll_udiv                                 0x08000269   Thumb Code   240  lludivv7m.o(.text)
    __aeabi_memcpy                           0x08000359   Thumb Code     0  rt_memcpy_v6.o(.text)
    __rt_memcpy                              0x08000359   Thumb Code   138  rt_memcpy_v6.o(.text)
    _memcpy_lastbytes                        0x080003bf   Thumb Code     0  rt_memcpy_v6.o(.text)
    __aeabi_memclr4                          0x080003e3   Thumb Code     0  rt_memclr_w.o(.text)
    __aeabi_memclr8                          0x080003e3   Thumb Code     0  rt_memclr_w.o(.text)
    __rt_memclr_w                            0x080003e3   Thumb Code     0  rt_memclr_w.o(.text)
    _memset_w                                0x080003e7   Thumb Code    74  rt_memclr_w.o(.text)
    __use_two_region_memory                  0x08000431   Thumb Code     2  heapauxi.o(.text)
    __rt_heap_escrow$2region                 0x08000433   Thumb Code     2  heapauxi.o(.text)
    __rt_heap_expand$2region                 0x08000435   Thumb Code     2  heapauxi.o(.text)
    __aeabi_memcpy4                          0x08000437   Thumb Code     0  rt_memcpy_w.o(.text)
    __aeabi_memcpy8                          0x08000437   Thumb Code     0  rt_memcpy_w.o(.text)
    __rt_memcpy_w                            0x08000437   Thumb Code   100  rt_memcpy_w.o(.text)
    _memcpy_lastbytes_aligned                0x0800047f   Thumb Code     0  rt_memcpy_w.o(.text)
    __user_libspace                          0x0800049d   Thumb Code     8  libspace.o(.text)
    __user_perproc_libspace                  0x0800049d   Thumb Code     0  libspace.o(.text)
    __user_perthread_libspace                0x0800049d   Thumb Code     0  libspace.o(.text)
    __user_setup_stackheap                   0x080004a5   Thumb Code    74  sys_stackheap_outer.o(.text)
    exit                                     0x080004ef   Thumb Code    18  exit.o(.text)
    _sys_exit                                0x08000501   Thumb Code     8  sys_exit.o(.text)
    __I$use$semihosting                      0x0800050d   Thumb Code     0  use_no_semi.o(.text)
    __use_no_semihosting_swi                 0x0800050d   Thumb Code     2  use_no_semi.o(.text)
    __semihosting_library_function           0x0800050f   Thumb Code     0  indicate_semi.o(.text)
    BusFault_Handler                         0x08000511   Thumb Code     4  stm32f4xx_it.o(.text.BusFault_Handler)
    CAN1_RX0_IRQHandler                      0x08000515   Thumb Code    16  stm32f4xx_it.o(.text.CAN1_RX0_IRQHandler)
    CAN1_RX1_IRQHandler                      0x08000525   Thumb Code    16  stm32f4xx_it.o(.text.CAN1_RX1_IRQHandler)
    DJI_motor_GetById                        0x08000649   Thumb Code    64  dji_motor.o(.text.DJI_motor_GetById)
    DJI_motor_Receive                        0x08000689   Thumb Code   198  dji_motor.o(.text.DJI_motor_Receive)
    DJI_motor_SetMode                        0x08000751   Thumb Code   106  dji_motor.o(.text.DJI_motor_SetMode)
    DJI_motor_Set_Position                   0x080007bd   Thumb Code    32  dji_motor.o(.text.DJI_motor_Set_Position)
    DJI_motor_init                           0x080007e1   Thumb Code   480  dji_motor.o(.text.DJI_motor_init)
    DMA2_Stream2_IRQHandler                  0x080009c1   Thumb Code    16  stm32f4xx_it.o(.text.DMA2_Stream2_IRQHandler)
    DMA2_Stream7_IRQHandler                  0x080009d1   Thumb Code    16  stm32f4xx_it.o(.text.DMA2_Stream7_IRQHandler)
    DebugMon_Handler                         0x08000b79   Thumb Code     2  stm32f4xx_it.o(.text.DebugMon_Handler)
    EXTI15_10_IRQHandler                     0x08000b7d   Thumb Code    12  stm32f4xx_it.o(.text.EXTI15_10_IRQHandler)
    Error_Handler                            0x08000b89   Thumb Code     6  main.o(.text.Error_Handler)
    HAL_CAN_ActivateNotification             0x08000b91   Thumb Code    82  stm32f4xx_hal_can.o(.text.HAL_CAN_ActivateNotification)
    HAL_CAN_AddTxMessage                     0x08000be5   Thumb Code   342  stm32f4xx_hal_can.o(.text.HAL_CAN_AddTxMessage)
    HAL_CAN_ConfigFilter                     0x08000d3d   Thumb Code   414  stm32f4xx_hal_can.o(.text.HAL_CAN_ConfigFilter)
    HAL_CAN_ErrorCallback                    0x08000edd   Thumb Code     8  stm32f4xx_hal_can.o(.text.HAL_CAN_ErrorCallback)
    HAL_CAN_GetRxMessage                     0x08000ee5   Thumb Code   530  stm32f4xx_hal_can.o(.text.HAL_CAN_GetRxMessage)
    HAL_CAN_IRQHandler                       0x080010f9   Thumb Code  1010  stm32f4xx_hal_can.o(.text.HAL_CAN_IRQHandler)
    HAL_CAN_Init                             0x080014ed   Thumb Code   478  stm32f4xx_hal_can.o(.text.HAL_CAN_Init)
    HAL_CAN_MspInit                          0x080016cd   Thumb Code   184  can.o(.text.HAL_CAN_MspInit)
    HAL_CAN_RxFifo0FullCallback              0x08001785   Thumb Code     8  stm32f4xx_hal_can.o(.text.HAL_CAN_RxFifo0FullCallback)
    HAL_CAN_RxFifo0MsgPendingCallback        0x0800178d   Thumb Code   186  can_app.o(.text.HAL_CAN_RxFifo0MsgPendingCallback)
    HAL_CAN_RxFifo1FullCallback              0x08001849   Thumb Code     8  stm32f4xx_hal_can.o(.text.HAL_CAN_RxFifo1FullCallback)
    HAL_CAN_RxFifo1MsgPendingCallback        0x08001851   Thumb Code     8  stm32f4xx_hal_can.o(.text.HAL_CAN_RxFifo1MsgPendingCallback)
    HAL_CAN_SleepCallback                    0x08001859   Thumb Code     8  stm32f4xx_hal_can.o(.text.HAL_CAN_SleepCallback)
    HAL_CAN_Start                            0x08001861   Thumb Code   138  stm32f4xx_hal_can.o(.text.HAL_CAN_Start)
    HAL_CAN_TxMailbox0AbortCallback          0x080018ed   Thumb Code     8  stm32f4xx_hal_can.o(.text.HAL_CAN_TxMailbox0AbortCallback)
    HAL_CAN_TxMailbox0CompleteCallback       0x080018f5   Thumb Code     8  stm32f4xx_hal_can.o(.text.HAL_CAN_TxMailbox0CompleteCallback)
    HAL_CAN_TxMailbox1AbortCallback          0x080018fd   Thumb Code     8  stm32f4xx_hal_can.o(.text.HAL_CAN_TxMailbox1AbortCallback)
    HAL_CAN_TxMailbox1CompleteCallback       0x08001905   Thumb Code     8  stm32f4xx_hal_can.o(.text.HAL_CAN_TxMailbox1CompleteCallback)
    HAL_CAN_TxMailbox2AbortCallback          0x0800190d   Thumb Code     8  stm32f4xx_hal_can.o(.text.HAL_CAN_TxMailbox2AbortCallback)
    HAL_CAN_TxMailbox2CompleteCallback       0x08001915   Thumb Code     8  stm32f4xx_hal_can.o(.text.HAL_CAN_TxMailbox2CompleteCallback)
    HAL_CAN_WakeUpFromRxMsgCallback          0x0800191d   Thumb Code     8  stm32f4xx_hal_can.o(.text.HAL_CAN_WakeUpFromRxMsgCallback)
    HAL_DMA_Abort                            0x08001925   Thumb Code   236  stm32f4xx_hal_dma.o(.text.HAL_DMA_Abort)
    HAL_DMA_Abort_IT                         0x08001a11   Thumb Code    68  stm32f4xx_hal_dma.o(.text.HAL_DMA_Abort_IT)
    HAL_DMA_IRQHandler                       0x08001a55   Thumb Code   798  stm32f4xx_hal_dma.o(.text.HAL_DMA_IRQHandler)
    HAL_DMA_Init                             0x08001d75   Thumb Code   366  stm32f4xx_hal_dma.o(.text.HAL_DMA_Init)
    HAL_DMA_Start_IT                         0x08001ee5   Thumb Code   194  stm32f4xx_hal_dma.o(.text.HAL_DMA_Start_IT)
    HAL_GPIO_EXTI_Callback                   0x08001fa9   Thumb Code    10  stm32f4xx_hal_gpio.o(.text.HAL_GPIO_EXTI_Callback)
    HAL_GPIO_EXTI_IRQHandler                 0x08001fb5   Thumb Code    56  stm32f4xx_hal_gpio.o(.text.HAL_GPIO_EXTI_IRQHandler)
    HAL_GPIO_Init                            0x08001fed   Thumb Code   950  stm32f4xx_hal_gpio.o(.text.HAL_GPIO_Init)
    HAL_GPIO_WritePin                        0x080023a5   Thumb Code    46  stm32f4xx_hal_gpio.o(.text.HAL_GPIO_WritePin)
    HAL_GetTick                              0x080023d5   Thumb Code    12  stm32f4xx_hal.o(.text.HAL_GetTick)
    HAL_IncTick                              0x080023e1   Thumb Code    26  stm32f4xx_hal.o(.text.HAL_IncTick)
    HAL_Init                                 0x080023fd   Thumb Code    54  stm32f4xx_hal.o(.text.HAL_Init)
    HAL_InitTick                             0x08002435   Thumb Code   218  stm32f4xx_hal_timebase_tim.o(.text.HAL_InitTick)
    HAL_MspInit                              0x08002511   Thumb Code    88  stm32f4xx_hal_msp.o(.text.HAL_MspInit)
    HAL_NVIC_EnableIRQ                       0x08002569   Thumb Code    20  stm32f4xx_hal_cortex.o(.text.HAL_NVIC_EnableIRQ)
    HAL_NVIC_SetPriority                     0x0800257d   Thumb Code    50  stm32f4xx_hal_cortex.o(.text.HAL_NVIC_SetPriority)
    HAL_NVIC_SetPriorityGrouping             0x080025b1   Thumb Code    16  stm32f4xx_hal_cortex.o(.text.HAL_NVIC_SetPriorityGrouping)
    HAL_RCC_ClockConfig                      0x080025c1   Thumb Code   610  stm32f4xx_hal_rcc.o(.text.HAL_RCC_ClockConfig)
    HAL_RCC_GetClockConfig                   0x08002825   Thumb Code    84  stm32f4xx_hal_rcc.o(.text.HAL_RCC_GetClockConfig)
    HAL_RCC_GetHCLKFreq                      0x08002879   Thumb Code    12  stm32f4xx_hal_rcc.o(.text.HAL_RCC_GetHCLKFreq)
    HAL_RCC_GetPCLK1Freq                     0x08002885   Thumb Code    34  stm32f4xx_hal_rcc.o(.text.HAL_RCC_GetPCLK1Freq)
    HAL_RCC_GetPCLK2Freq                     0x080028a9   Thumb Code    34  stm32f4xx_hal_rcc.o(.text.HAL_RCC_GetPCLK2Freq)
    HAL_RCC_GetSysClockFreq                  0x080028cd   Thumb Code   230  stm32f4xx_hal_rcc.o(.text.HAL_RCC_GetSysClockFreq)
    HAL_RCC_OscConfig                        0x080029b5   Thumb Code  1726  stm32f4xx_hal_rcc.o(.text.HAL_RCC_OscConfig)
    HAL_TIMEx_BreakCallback                  0x08003075   Thumb Code     8  stm32f4xx_hal_tim_ex.o(.text.HAL_TIMEx_BreakCallback)
    HAL_TIMEx_CommutCallback                 0x0800307d   Thumb Code     8  stm32f4xx_hal_tim_ex.o(.text.HAL_TIMEx_CommutCallback)
    HAL_TIMEx_MasterConfigSynchronization    0x08003085   Thumb Code   290  stm32f4xx_hal_tim_ex.o(.text.HAL_TIMEx_MasterConfigSynchronization)
    HAL_TIM_Base_Init                        0x080031a9   Thumb Code   156  stm32f4xx_hal_tim.o(.text.HAL_TIM_Base_Init)
    HAL_TIM_Base_MspInit                     0x08003245   Thumb Code   132  tim.o(.text.HAL_TIM_Base_MspInit)
    HAL_TIM_Base_Start_IT                    0x080032c9   Thumb Code   246  stm32f4xx_hal_tim.o(.text.HAL_TIM_Base_Start_IT)
    HAL_TIM_ConfigClockSource                0x080033c1   Thumb Code   388  stm32f4xx_hal_tim.o(.text.HAL_TIM_ConfigClockSource)
    HAL_TIM_IC_CaptureCallback               0x08003545   Thumb Code     8  stm32f4xx_hal_tim.o(.text.HAL_TIM_IC_CaptureCallback)
    HAL_TIM_IRQHandler                       0x0800354d   Thumb Code   538  stm32f4xx_hal_tim.o(.text.HAL_TIM_IRQHandler)
    HAL_TIM_MspPostInit                      0x08003769   Thumb Code   104  tim.o(.text.HAL_TIM_MspPostInit)
    HAL_TIM_OC_DelayElapsedCallback          0x080037d1   Thumb Code     8  stm32f4xx_hal_tim.o(.text.HAL_TIM_OC_DelayElapsedCallback)
    HAL_TIM_PWM_ConfigChannel                0x080037d9   Thumb Code   322  stm32f4xx_hal_tim.o(.text.HAL_TIM_PWM_ConfigChannel)
    HAL_TIM_PWM_Init                         0x0800391d   Thumb Code   156  stm32f4xx_hal_tim.o(.text.HAL_TIM_PWM_Init)
    HAL_TIM_PWM_MspInit                      0x080039b9   Thumb Code     8  stm32f4xx_hal_tim.o(.text.HAL_TIM_PWM_MspInit)
    HAL_TIM_PWM_PulseFinishedCallback        0x080039c1   Thumb Code     8  stm32f4xx_hal_tim.o(.text.HAL_TIM_PWM_PulseFinishedCallback)
    HAL_TIM_PWM_Start                        0x080039c9   Thumb Code   458  stm32f4xx_hal_tim.o(.text.HAL_TIM_PWM_Start)
    HAL_TIM_PeriodElapsedCallback            0x08003b95   Thumb Code    60  main.o(.text.HAL_TIM_PeriodElapsedCallback)
    HAL_TIM_TriggerCallback                  0x08003bd1   Thumb Code     8  stm32f4xx_hal_tim.o(.text.HAL_TIM_TriggerCallback)
    HAL_UARTEx_ReceiveToIdle_DMA             0x08003bd9   Thumb Code   184  stm32f4xx_hal_uart.o(.text.HAL_UARTEx_ReceiveToIdle_DMA)
    HAL_UARTEx_RxEventCallback               0x08003c91   Thumb Code    82  uart_app.o(.text.HAL_UARTEx_RxEventCallback)
    HAL_UART_ErrorCallback                   0x08003ce5   Thumb Code     8  stm32f4xx_hal_uart.o(.text.HAL_UART_ErrorCallback)
    HAL_UART_IRQHandler                      0x08003ced   Thumb Code  1116  stm32f4xx_hal_uart.o(.text.HAL_UART_IRQHandler)
    HAL_UART_Init                            0x08004149   Thumb Code   158  stm32f4xx_hal_uart.o(.text.HAL_UART_Init)
    HAL_UART_MspInit                         0x080041e9   Thumb Code   384  usart.o(.text.HAL_UART_MspInit)
    HAL_UART_RxCpltCallback                  0x08004369   Thumb Code     8  stm32f4xx_hal_uart.o(.text.HAL_UART_RxCpltCallback)
    HAL_UART_RxHalfCpltCallback              0x08004371   Thumb Code     8  stm32f4xx_hal_uart.o(.text.HAL_UART_RxHalfCpltCallback)
    HAL_UART_TxCpltCallback                  0x08004379   Thumb Code     8  stm32f4xx_hal_uart.o(.text.HAL_UART_TxCpltCallback)
    HardFault_Handler                        0x08004381   Thumb Code     4  stm32f4xx_it.o(.text.HardFault_Handler)
    Lift_HaveZeroed                          0x080043a9   Thumb Code    32  lift.o(.text.Lift_HaveZeroed)
    Lift_Init                                0x080043c9   Thumb Code    40  lift.o(.text.Lift_Init)
    Lift_IsReached                           0x080043f1   Thumb Code   130  lift.o(.text.Lift_IsReached)
    Lift_Process                             0x08004475   Thumb Code   202  lift.o(.text.Lift_Process)
    Lift_Update                              0x08004541   Thumb Code    78  lift.o(.text.Lift_Update)
    MX_CAN1_Init                             0x08004591   Thumb Code    78  can.o(.text.MX_CAN1_Init)
    MX_DMA_Init                              0x080045e1   Thumb Code    82  dma.o(.text.MX_DMA_Init)
    MX_GPIO_Init                             0x08004635   Thumb Code   220  gpio.o(.text.MX_GPIO_Init)
    MX_TIM2_Init                             0x08004711   Thumb Code   150  tim.o(.text.MX_TIM2_Init)
    MX_TIM3_Init                             0x080047a9   Thumb Code   262  tim.o(.text.MX_TIM3_Init)
    MX_USART1_UART_Init                      0x080048b1   Thumb Code    64  usart.o(.text.MX_USART1_UART_Init)
    MemManage_Handler                        0x080048f1   Thumb Code     4  stm32f4xx_it.o(.text.MemManage_Handler)
    Motor_GetPosition                        0x080048f5   Thumb Code   106  motor.o(.text.Motor_GetPosition)
    Motor_Init                               0x08004961   Thumb Code   166  motor.o(.text.Motor_Init)
    Motor_SetPosition                        0x08004a09   Thumb Code   138  motor.o(.text.Motor_SetPosition)
    NMI_Handler                              0x08004a95   Thumb Code     4  stm32f4xx_it.o(.text.NMI_Handler)
    PID_Init                                 0x08004b05   Thumb Code   116  pid.o(.text.PID_Init)
    PID_Reset                                0x08004b79   Thumb Code    40  pid.o(.text.PID_Reset)
    PendSV_Handler                           0x08004ba1   Thumb Code   100  port.o(.text.PendSV_Handler)
    SVC_Handler                              0x08004c11   Thumb Code    36  port.o(.text.SVC_Handler)
    SysTick_Handler                          0x08004c35   Thumb Code    30  cmsis_os2.o(.text.SysTick_Handler)
    SystemClock_Config                       0x08004c55   Thumb Code   190  main.o(.text.SystemClock_Config)
    SystemInit                               0x08004d15   Thumb Code    18  system_stm32f4xx.o(.text.SystemInit)
    TIM1_UP_TIM10_IRQHandler                 0x08004d29   Thumb Code    16  stm32f4xx_it.o(.text.TIM1_UP_TIM10_IRQHandler)
    TIM2_IRQHandler                          0x08004d39   Thumb Code    16  stm32f4xx_it.o(.text.TIM2_IRQHandler)
    TIM_Base_SetConfig                       0x08004d49   Thumb Code   420  stm32f4xx_hal_tim.o(.text.TIM_Base_SetConfig)
    TIM_CCxChannelCmd                        0x08004eed   Thumb Code    54  stm32f4xx_hal_tim.o(.text.TIM_CCxChannelCmd)
    TIM_ETR_SetConfig                        0x08004f25   Thumb Code    52  stm32f4xx_hal_tim.o(.text.TIM_ETR_SetConfig)
    TIM_OC2_SetConfig                        0x08005071   Thumb Code   244  stm32f4xx_hal_tim.o(.text.TIM_OC2_SetConfig)
    UART_Start_Receive_DMA                   0x080058f9   Thumb Code   304  stm32f4xx_hal_uart.o(.text.UART_Start_Receive_DMA)
    USART1_IRQHandler                        0x08005abd   Thumb Code    16  stm32f4xx_it.o(.text.USART1_IRQHandler)
    UsageFault_Handler                       0x08005acd   Thumb Code     4  stm32f4xx_it.o(.text.UsageFault_Handler)
    ZdriveAsk                                0x08005ad1   Thumb Code    58  zdrive.o(.text.ZdriveAsk)
    ZdriveFunc                               0x08005b0d   Thumb Code   342  zdrive.o(.text.ZdriveFunc)
    ZdriveInit                               0x08005c65   Thumb Code   258  zdrive.o(.text.ZdriveInit)
    ZdriveReceive                            0x08005d69   Thumb Code   752  zdrive.o(.text.ZdriveReceive)
    ZdriveSet                                0x08006059   Thumb Code   208  zdrive.o(.text.ZdriveSet)
    ZdriveSetPVT                             0x08006129   Thumb Code   160  zdrive.o(.text.ZdriveSetPVT)
    Zdrive_Begin                             0x080061c9   Thumb Code    56  zdrive.o(.text.Zdrive_Begin)
    Zdrive_Get_Position                      0x08006215   Thumb Code    64  zdrive.o(.text.Zdrive_Get_Position)
    Zdrive_Set_target_mode                   0x08006445   Thumb Code    94  zdrive.o(.text.Zdrive_Set_target_mode)
    can_app_init                             0x080065d5   Thumb Code   116  can_app.o(.text.can_app_init)
    main                                     0x08006649   Thumb Code   128  main.o(.text.main)
    uart_app_init                            0x08006711   Thumb Code    48  uart_app.o(.text.uart_app_init)
    uxListRemove                             0x08006741   Thumb Code    72  list.o(.text.uxListRemove)
    vListInsertEnd                           0x08006789   Thumb Code    58  list.o(.text.vListInsertEnd)
    vTaskSwitchContext                       0x080067c5   Thumb Code   198  tasks.o(.text.vTaskSwitchContext)
    xPortSysTickHandler                      0x0800688d   Thumb Code    60  port.o(.text.xPortSysTickHandler)
    xTaskGetSchedulerState                   0x080068c9   Thumb Code    56  tasks.o(.text.xTaskGetSchedulerState)
    xTaskIncrementTick                       0x08006901   Thumb Code   452  tasks.o(.text.xTaskIncrementTick)
    __aeabi_d2f                              0x08006ac5   Thumb Code     0  d2f.o(x$fpl$d2f)
    _d2f                                     0x08006ac5   Thumb Code    98  d2f.o(x$fpl$d2f)
    __fpl_dcmp_Inf                           0x08006b27   Thumb Code    24  dcmpi.o(x$fpl$dcmpinf)
    __aeabi_ddiv                             0x08006b41   Thumb Code     0  ddiv.o(x$fpl$ddiv)
    _ddiv                                    0x08006b41   Thumb Code   556  ddiv.o(x$fpl$ddiv)
    __aeabi_cdcmpeq                          0x08006df5   Thumb Code     0  deqf.o(x$fpl$deqf)
    _dcmpeq                                  0x08006df5   Thumb Code   120  deqf.o(x$fpl$deqf)
    __aeabi_i2d                              0x08006e6d   Thumb Code     0  dflt_clz.o(x$fpl$dflt)
    _dflt                                    0x08006e6d   Thumb Code    46  dflt_clz.o(x$fpl$dflt)
    __aeabi_ui2d                             0x08006e9b   Thumb Code     0  dflt_clz.o(x$fpl$dfltu)
    _dfltu                                   0x08006e9b   Thumb Code    38  dflt_clz.o(x$fpl$dfltu)
    __aeabi_cdcmpge                          0x08006ec1   Thumb Code     0  dgeqf.o(x$fpl$dgeqf)
    _dcmpge                                  0x08006ec1   Thumb Code   120  dgeqf.o(x$fpl$dgeqf)
    __aeabi_cdcmple                          0x08006f39   Thumb Code     0  dleqf.o(x$fpl$dleqf)
    _dcmple                                  0x08006f39   Thumb Code   120  dleqf.o(x$fpl$dleqf)
    __fpl_dcmple_InfNaN                      0x08006f9b   Thumb Code     0  dleqf.o(x$fpl$dleqf)
    __aeabi_dmul                             0x08006fb1   Thumb Code     0  dmul.o(x$fpl$dmul)
    _dmul                                    0x08006fb1   Thumb Code   332  dmul.o(x$fpl$dmul)
    __fpl_dnaninf                            0x08007105   Thumb Code   156  dnaninf.o(x$fpl$dnaninf)
    __fpl_dretinf                            0x080071a1   Thumb Code    12  dretinf.o(x$fpl$dretinf)
    __aeabi_f2d                              0x080071ad   Thumb Code     0  f2d.o(x$fpl$f2d)
    _f2d                                     0x080071ad   Thumb Code    86  f2d.o(x$fpl$f2d)
    __aeabi_dcmpeq                           0x08007203   Thumb Code     0  dcmp.o(x$fpl$fcmp)
    _deq                                     0x08007203   Thumb Code    14  dcmp.o(x$fpl$fcmp)
    _dneq                                    0x08007211   Thumb Code    14  dcmp.o(x$fpl$fcmp)
    __aeabi_dcmpgt                           0x0800721f   Thumb Code     0  dcmp.o(x$fpl$fcmp)
    _dgr                                     0x0800721f   Thumb Code    14  dcmp.o(x$fpl$fcmp)
    __aeabi_dcmpge                           0x0800722d   Thumb Code     0  dcmp.o(x$fpl$fcmp)
    _dgeq                                    0x0800722d   Thumb Code    14  dcmp.o(x$fpl$fcmp)
    __aeabi_dcmple                           0x0800723b   Thumb Code     0  dcmp.o(x$fpl$fcmp)
    _dleq                                    0x0800723b   Thumb Code    14  dcmp.o(x$fpl$fcmp)
    __aeabi_dcmplt                           0x08007249   Thumb Code     0  dcmp.o(x$fpl$fcmp)
    _dls                                     0x08007249   Thumb Code    14  dcmp.o(x$fpl$fcmp)
    __fpl_fnaninf                            0x08007257   Thumb Code   140  fnaninf.o(x$fpl$fnaninf)
    _fp_init                                 0x080072e3   Thumb Code    26  fpinit.o(x$fpl$fpinit)
    __fplib_config_fpu_vfp                   0x080072fb   Thumb Code     0  fpinit.o(x$fpl$fpinit)
    __fplib_config_pureend_doubles           0x080072fb   Thumb Code     0  fpinit.o(x$fpl$fpinit)
    __fpl_fretinf                            0x080072fd   Thumb Code    10  fretinf.o(x$fpl$fretinf)
    AHBPrescTable                            0x08007306   Data          16  system_stm32f4xx.o(.rodata.AHBPrescTable)
    __I$use$fp                               0x08007306   Number         0  usenofp.o(x$fpl$usenofp)
    APBPrescTable                            0x08007316   Data           8  system_stm32f4xx.o(.rodata.APBPrescTable)
    Region$$Table$$Base                      0x08007328   Number         0  anon$$obj.o(Region$$Table)
    Region$$Table$$Limit                     0x08007348   Number         0  anon$$obj.o(Region$$Table)
    SystemCoreClock                          0x20000000   Data           4  system_stm32f4xx.o(.data.SystemCoreClock)
    uwTickFreq                               0x20000004   Data           1  stm32f4xx_hal.o(.data.uwTickFreq)
    uwTickPrio                               0x20000008   Data           4  stm32f4xx_hal.o(.data.uwTickPrio)
    __libspace_start                         0x20000010   Data          96  libspace.o(.bss)
    Zmotor                                   0x20000070   Data         832  zdrive.o(.bss.Zmotor)
    __temporary_stack_top$libspace           0x20000070   Data           0  libspace.o(.bss)
    dji_motor                                0x200003d8   Data         992  dji_motor.o(.bss.dji_motor)
    hcan1                                    0x200007b8   Data          40  can.o(.bss.hcan1)
    hdma_usart1_rx                           0x200007e0   Data          96  usart.o(.bss.hdma_usart1_rx)
    hdma_usart1_tx                           0x20000840   Data          96  usart.o(.bss.hdma_usart1_tx)
    htim1                                    0x200008a0   Data          72  stm32f4xx_hal_timebase_tim.o(.bss.htim1)
    htim2                                    0x200008e8   Data          72  tim.o(.bss.htim2)
    htim3                                    0x20000930   Data          72  tim.o(.bss.htim3)
    huart1                                   0x20000978   Data          72  usart.o(.bss.huart1)
    lift_motor                               0x200009dc   Data           2  main.o(.bss.lift_motor)
    pxCurrentTCB                             0x200009e0   Data           4  tasks.o(.bss.pxCurrentTCB)
    uwTick                                   0x20000e94   Data           4  stm32f4xx_hal.o(.bss.uwTick)



==============================================================================

Memory Map of the image

  Image Entry point : 0x08000189

  Load Region LR_IROM1 (Base: 0x08000000, Size: 0x00007358, Max: 0x00100000, ABSOLUTE)

    Execution Region ER_IROM1 (Exec base: 0x08000000, Load base: 0x08000000, Size: 0x00007348, Max: 0x00100000, ABSOLUTE)

    Exec Addr    Load Addr    Size         Type   Attr      Idx    E Section Name        Object

    0x08000000   0x08000000   0x00000188   Data   RO            3    RESET               startup_stm32f405xx.o
    0x08000188   0x08000188   0x00000008   Code   RO         2132  * !!!main             c_w.l(__main.o)
    0x08000190   0x08000190   0x00000034   Code   RO         2386    !!!scatter          c_w.l(__scatter.o)
    0x080001c4   0x080001c4   0x0000001a   Code   RO         2388    !!handler_copy      c_w.l(__scatter_copy.o)
    0x080001de   0x080001de   0x00000002   PAD
    0x080001e0   0x080001e0   0x0000001c   Code   RO         2390    !!handler_zi        c_w.l(__scatter_zi.o)
    0x080001fc   0x080001fc   0x00000002   Code   RO         2251    .ARM.Collect$$libinit$$00000000  c_w.l(libinit.o)
    0x080001fe   0x080001fe   0x00000004   Code   RO         2260    .ARM.Collect$$libinit$$00000001  c_w.l(libinit2.o)
    0x08000202   0x08000202   0x00000000   Code   RO         2263    .ARM.Collect$$libinit$$00000004  c_w.l(libinit2.o)
    0x08000202   0x08000202   0x00000000   Code   RO         2265    .ARM.Collect$$libinit$$00000006  c_w.l(libinit2.o)
    0x08000202   0x08000202   0x00000000   Code   RO         2268    .ARM.Collect$$libinit$$0000000C  c_w.l(libinit2.o)
    0x08000202   0x08000202   0x00000000   Code   RO         2270    .ARM.Collect$$libinit$$0000000E  c_w.l(libinit2.o)
    0x08000202   0x08000202   0x00000000   Code   RO         2272    .ARM.Collect$$libinit$$00000010  c_w.l(libinit2.o)
    0x08000202   0x08000202   0x00000000   Code   RO         2275    .ARM.Collect$$libinit$$00000013  c_w.l(libinit2.o)
    0x08000202   0x08000202   0x00000000   Code   RO         2277    .ARM.Collect$$libinit$$00000015  c_w.l(libinit2.o)
    0x08000202   0x08000202   0x00000000   Code   RO         2279    .ARM.Collect$$libinit$$00000017  c_w.l(libinit2.o)
    0x08000202   0x08000202   0x00000000   Code   RO         2281    .ARM.Collect$$libinit$$00000019  c_w.l(libinit2.o)
    0x08000202   0x08000202   0x00000000   Code   RO         2283    .ARM.Collect$$libinit$$0000001B  c_w.l(libinit2.o)
    0x08000202   0x08000202   0x00000000   Code   RO         2285    .ARM.Collect$$libinit$$0000001D  c_w.l(libinit2.o)
    0x08000202   0x08000202   0x00000000   Code   RO         2287    .ARM.Collect$$libinit$$0000001F  c_w.l(libinit2.o)
    0x08000202   0x08000202   0x00000000   Code   RO         2289    .ARM.Collect$$libinit$$00000021  c_w.l(libinit2.o)
    0x08000202   0x08000202   0x00000000   Code   RO         2291    .ARM.Collect$$libinit$$00000023  c_w.l(libinit2.o)
    0x08000202   0x08000202   0x00000000   Code   RO         2293    .ARM.Collect$$libinit$$00000025  c_w.l(libinit2.o)
    0x08000202   0x08000202   0x00000000   Code   RO         2295    .ARM.Collect$$libinit$$00000027  c_w.l(libinit2.o)
    0x08000202   0x08000202   0x00000000   Code   RO         2299    .ARM.Collect$$libinit$$0000002E  c_w.l(libinit2.o)
    0x08000202   0x08000202   0x00000000   Code   RO         2301    .ARM.Collect$$libinit$$00000030  c_w.l(libinit2.o)
    0x08000202   0x08000202   0x00000000   Code   RO         2303    .ARM.Collect$$libinit$$00000032  c_w.l(libinit2.o)
    0x08000202   0x08000202   0x00000000   Code   RO         2305    .ARM.Collect$$libinit$$00000034  c_w.l(libinit2.o)
    0x08000202   0x08000202   0x00000002   Code   RO         2306    .ARM.Collect$$libinit$$00000035  c_w.l(libinit2.o)
    0x08000204   0x08000204   0x00000002   Code   RO         2341    .ARM.Collect$$libshutdown$$00000000  c_w.l(libshutdown.o)
    0x08000206   0x08000206   0x00000000   Code   RO         2369    .ARM.Collect$$libshutdown$$00000002  c_w.l(libshutdown2.o)
    0x08000206   0x08000206   0x00000000   Code   RO         2371    .ARM.Collect$$libshutdown$$00000004  c_w.l(libshutdown2.o)
    0x08000206   0x08000206   0x00000000   Code   RO         2374    .ARM.Collect$$libshutdown$$00000007  c_w.l(libshutdown2.o)
    0x08000206   0x08000206   0x00000000   Code   RO         2377    .ARM.Collect$$libshutdown$$0000000A  c_w.l(libshutdown2.o)
    0x08000206   0x08000206   0x00000000   Code   RO         2379    .ARM.Collect$$libshutdown$$0000000C  c_w.l(libshutdown2.o)
    0x08000206   0x08000206   0x00000000   Code   RO         2382    .ARM.Collect$$libshutdown$$0000000F  c_w.l(libshutdown2.o)
    0x08000206   0x08000206   0x00000002   Code   RO         2383    .ARM.Collect$$libshutdown$$00000010  c_w.l(libshutdown2.o)
    0x08000208   0x08000208   0x00000000   Code   RO         2168    .ARM.Collect$$rtentry$$00000000  c_w.l(__rtentry.o)
    0x08000208   0x08000208   0x00000000   Code   RO         2212    .ARM.Collect$$rtentry$$00000002  c_w.l(__rtentry2.o)
    0x08000208   0x08000208   0x00000006   Code   RO         2224    .ARM.Collect$$rtentry$$00000004  c_w.l(__rtentry4.o)
    0x0800020e   0x0800020e   0x00000000   Code   RO         2214    .ARM.Collect$$rtentry$$00000009  c_w.l(__rtentry2.o)
    0x0800020e   0x0800020e   0x00000004   Code   RO         2215    .ARM.Collect$$rtentry$$0000000A  c_w.l(__rtentry2.o)
    0x08000212   0x08000212   0x00000000   Code   RO         2217    .ARM.Collect$$rtentry$$0000000C  c_w.l(__rtentry2.o)
    0x08000212   0x08000212   0x00000008   Code   RO         2218    .ARM.Collect$$rtentry$$0000000D  c_w.l(__rtentry2.o)
    0x0800021a   0x0800021a   0x00000002   Code   RO         2252    .ARM.Collect$$rtexit$$00000000  c_w.l(rtexit.o)
    0x0800021c   0x0800021c   0x00000000   Code   RO         2312    .ARM.Collect$$rtexit$$00000002  c_w.l(rtexit2.o)
    0x0800021c   0x0800021c   0x00000004   Code   RO         2313    .ARM.Collect$$rtexit$$00000003  c_w.l(rtexit2.o)
    0x08000220   0x08000220   0x00000006   Code   RO         2314    .ARM.Collect$$rtexit$$00000004  c_w.l(rtexit2.o)
    0x08000226   0x08000226   0x00000002   PAD
    0x08000228   0x08000228   0x00000040   Code   RO            4    .text               startup_stm32f405xx.o
    0x08000268   0x08000268   0x000000f0   Code   RO         2118    .text               c_w.l(lludivv7m.o)
    0x08000358   0x08000358   0x0000008a   Code   RO         2120    .text               c_w.l(rt_memcpy_v6.o)
    0x080003e2   0x080003e2   0x0000004e   Code   RO         2128    .text               c_w.l(rt_memclr_w.o)
    0x08000430   0x08000430   0x00000006   Code   RO         2130    .text               c_w.l(heapauxi.o)
    0x08000436   0x08000436   0x00000064   Code   RO         2175    .text               c_w.l(rt_memcpy_w.o)
    0x0800049a   0x0800049a   0x00000002   PAD
    0x0800049c   0x0800049c   0x00000008   Code   RO         2235    .text               c_w.l(libspace.o)
    0x080004a4   0x080004a4   0x0000004a   Code   RO         2238    .text               c_w.l(sys_stackheap_outer.o)
    0x080004ee   0x080004ee   0x00000012   Code   RO         2240    .text               c_w.l(exit.o)
    0x08000500   0x08000500   0x0000000c   Code   RO         2307    .text               c_w.l(sys_exit.o)
    0x0800050c   0x0800050c   0x00000002   Code   RO         2330    .text               c_w.l(use_no_semi.o)
    0x0800050e   0x0800050e   0x00000000   Code   RO         2332    .text               c_w.l(indicate_semi.o)
    0x0800050e   0x0800050e   0x00000002   PAD
    0x08000510   0x08000510   0x00000004   Code   RO          118    .text.BusFault_Handler  stm32f4xx_it.o
    0x08000514   0x08000514   0x00000010   Code   RO          124    .text.CAN1_RX0_IRQHandler  stm32f4xx_it.o
    0x08000524   0x08000524   0x00000010   Code   RO          126    .text.CAN1_RX1_IRQHandler  stm32f4xx_it.o
    0x08000534   0x08000534   0x00000004   PAD
    0x08000538   0x08000538   0x00000110   Code   RO         1218    .text.DJI_motor_AngleCalculate  dji_motor.o
    0x08000648   0x08000648   0x00000040   Code   RO         1244    .text.DJI_motor_GetById  dji_motor.o
    0x08000688   0x08000688   0x000000c6   Code   RO         1216    .text.DJI_motor_Receive  dji_motor.o
    0x0800074e   0x0800074e   0x00000002   PAD
    0x08000750   0x08000750   0x0000006a   Code   RO         1234    .text.DJI_motor_SetMode  dji_motor.o
    0x080007ba   0x080007ba   0x00000002   PAD
    0x080007bc   0x080007bc   0x00000020   Code   RO         1238    .text.DJI_motor_Set_Position  dji_motor.o
    0x080007dc   0x080007dc   0x00000004   PAD
    0x080007e0   0x080007e0   0x000001e0   Code   RO         1214    .text.DJI_motor_init  dji_motor.o
    0x080009c0   0x080009c0   0x00000010   Code   RO          136    .text.DMA2_Stream2_IRQHandler  stm32f4xx_it.o
    0x080009d0   0x080009d0   0x00000010   Code   RO          138    .text.DMA2_Stream7_IRQHandler  stm32f4xx_it.o
    0x080009e0   0x080009e0   0x00000056   Code   RO          762    .text.DMA_CalcBaseAndBitshift  stm32f4xx_hal_dma.o
    0x08000a36   0x08000a36   0x00000002   PAD
    0x08000a38   0x08000a38   0x000000f0   Code   RO          760    .text.DMA_CheckFifoParam  stm32f4xx_hal_dma.o
    0x08000b28   0x08000b28   0x00000050   Code   RO          768    .text.DMA_SetConfig  stm32f4xx_hal_dma.o
    0x08000b78   0x08000b78   0x00000002   Code   RO          122    .text.DebugMon_Handler  stm32f4xx_it.o
    0x08000b7a   0x08000b7a   0x00000002   PAD
    0x08000b7c   0x08000b7c   0x0000000c   Code   RO          134    .text.EXTI15_10_IRQHandler  stm32f4xx_it.o
    0x08000b88   0x08000b88   0x00000006   Code   RO           15    .text.Error_Handler  main.o
    0x08000b8e   0x08000b8e   0x00000002   PAD
    0x08000b90   0x08000b90   0x00000052   Code   RO          539    .text.HAL_CAN_ActivateNotification  stm32f4xx_hal_can.o
    0x08000be2   0x08000be2   0x00000002   PAD
    0x08000be4   0x08000be4   0x00000156   Code   RO          525    .text.HAL_CAN_AddTxMessage  stm32f4xx_hal_can.o
    0x08000d3a   0x08000d3a   0x00000002   PAD
    0x08000d3c   0x08000d3c   0x0000019e   Code   RO          515    .text.HAL_CAN_ConfigFilter  stm32f4xx_hal_can.o
    0x08000eda   0x08000eda   0x00000002   PAD
    0x08000edc   0x08000edc   0x00000008   Code   RO          569    .text.HAL_CAN_ErrorCallback  stm32f4xx_hal_can.o
    0x08000ee4   0x08000ee4   0x00000212   Code   RO          535    .text.HAL_CAN_GetRxMessage  stm32f4xx_hal_can.o
    0x080010f6   0x080010f6   0x00000002   PAD
    0x080010f8   0x080010f8   0x000003f2   Code   RO          543    .text.HAL_CAN_IRQHandler  stm32f4xx_hal_can.o
    0x080014ea   0x080014ea   0x00000002   PAD
    0x080014ec   0x080014ec   0x000001de   Code   RO          505    .text.HAL_CAN_Init  stm32f4xx_hal_can.o
    0x080016ca   0x080016ca   0x00000002   PAD
    0x080016cc   0x080016cc   0x000000b8   Code   RO           57    .text.HAL_CAN_MspInit  can.o
    0x08001784   0x08001784   0x00000008   Code   RO          557    .text.HAL_CAN_RxFifo0FullCallback  stm32f4xx_hal_can.o
    0x0800178c   0x0800178c   0x000000ba   Code   RO         1331    .text.HAL_CAN_RxFifo0MsgPendingCallback  can_app.o
    0x08001846   0x08001846   0x00000002   PAD
    0x08001848   0x08001848   0x00000008   Code   RO          561    .text.HAL_CAN_RxFifo1FullCallback  stm32f4xx_hal_can.o
    0x08001850   0x08001850   0x00000008   Code   RO          563    .text.HAL_CAN_RxFifo1MsgPendingCallback  stm32f4xx_hal_can.o
    0x08001858   0x08001858   0x00000008   Code   RO          565    .text.HAL_CAN_SleepCallback  stm32f4xx_hal_can.o
    0x08001860   0x08001860   0x0000008a   Code   RO          517    .text.HAL_CAN_Start  stm32f4xx_hal_can.o
    0x080018ea   0x080018ea   0x00000002   PAD
    0x080018ec   0x080018ec   0x00000008   Code   RO          547    .text.HAL_CAN_TxMailbox0AbortCallback  stm32f4xx_hal_can.o
    0x080018f4   0x080018f4   0x00000008   Code   RO          545    .text.HAL_CAN_TxMailbox0CompleteCallback  stm32f4xx_hal_can.o
    0x080018fc   0x080018fc   0x00000008   Code   RO          551    .text.HAL_CAN_TxMailbox1AbortCallback  stm32f4xx_hal_can.o
    0x08001904   0x08001904   0x00000008   Code   RO          549    .text.HAL_CAN_TxMailbox1CompleteCallback  stm32f4xx_hal_can.o
    0x0800190c   0x0800190c   0x00000008   Code   RO          555    .text.HAL_CAN_TxMailbox2AbortCallback  stm32f4xx_hal_can.o
    0x08001914   0x08001914   0x00000008   Code   RO          553    .text.HAL_CAN_TxMailbox2CompleteCallback  stm32f4xx_hal_can.o
    0x0800191c   0x0800191c   0x00000008   Code   RO          567    .text.HAL_CAN_WakeUpFromRxMsgCallback  stm32f4xx_hal_can.o
    0x08001924   0x08001924   0x000000ec   Code   RO          772    .text.HAL_DMA_Abort  stm32f4xx_hal_dma.o
    0x08001a10   0x08001a10   0x00000044   Code   RO          774    .text.HAL_DMA_Abort_IT  stm32f4xx_hal_dma.o
    0x08001a54   0x08001a54   0x0000031e   Code   RO          778    .text.HAL_DMA_IRQHandler  stm32f4xx_hal_dma.o
    0x08001d72   0x08001d72   0x00000002   PAD
    0x08001d74   0x08001d74   0x0000016e   Code   RO          758    .text.HAL_DMA_Init  stm32f4xx_hal_dma.o
    0x08001ee2   0x08001ee2   0x00000002   PAD
    0x08001ee4   0x08001ee4   0x000000c2   Code   RO          770    .text.HAL_DMA_Start_IT  stm32f4xx_hal_dma.o
    0x08001fa6   0x08001fa6   0x00000002   PAD
    0x08001fa8   0x08001fa8   0x0000000a   Code   RO          734    .text.HAL_GPIO_EXTI_Callback  stm32f4xx_hal_gpio.o
    0x08001fb2   0x08001fb2   0x00000002   PAD
    0x08001fb4   0x08001fb4   0x00000038   Code   RO          732    .text.HAL_GPIO_EXTI_IRQHandler  stm32f4xx_hal_gpio.o
    0x08001fec   0x08001fec   0x000003b6   Code   RO          720    .text.HAL_GPIO_Init  stm32f4xx_hal_gpio.o
    0x080023a2   0x080023a2   0x00000002   PAD
    0x080023a4   0x080023a4   0x0000002e   Code   RO          726    .text.HAL_GPIO_WritePin  stm32f4xx_hal_gpio.o
    0x080023d2   0x080023d2   0x00000002   PAD
    0x080023d4   0x080023d4   0x0000000c   Code   RO          945    .text.HAL_GetTick   stm32f4xx_hal.o
    0x080023e0   0x080023e0   0x0000001a   Code   RO          943    .text.HAL_IncTick   stm32f4xx_hal.o
    0x080023fa   0x080023fa   0x00000002   PAD
    0x080023fc   0x080023fc   0x00000036   Code   RO          933    .text.HAL_Init      stm32f4xx_hal.o
    0x08002432   0x08002432   0x00000002   PAD
    0x08002434   0x08002434   0x000000da   Code   RO          155    .text.HAL_InitTick  stm32f4xx_hal_timebase_tim.o
    0x0800250e   0x0800250e   0x00000002   PAD
    0x08002510   0x08002510   0x00000058   Code   RO          147    .text.HAL_MspInit   stm32f4xx_hal_msp.o
    0x08002568   0x08002568   0x00000014   Code   RO          868    .text.HAL_NVIC_EnableIRQ  stm32f4xx_hal_cortex.o
    0x0800257c   0x0800257c   0x00000032   Code   RO          860    .text.HAL_NVIC_SetPriority  stm32f4xx_hal_cortex.o
    0x080025ae   0x080025ae   0x00000002   PAD
    0x080025b0   0x080025b0   0x00000010   Code   RO          856    .text.HAL_NVIC_SetPriorityGrouping  stm32f4xx_hal_cortex.o
    0x080025c0   0x080025c0   0x00000262   Code   RO          588    .text.HAL_RCC_ClockConfig  stm32f4xx_hal_rcc.o
    0x08002822   0x08002822   0x00000002   PAD
    0x08002824   0x08002824   0x00000054   Code   RO          606    .text.HAL_RCC_GetClockConfig  stm32f4xx_hal_rcc.o
    0x08002878   0x08002878   0x0000000c   Code   RO          598    .text.HAL_RCC_GetHCLKFreq  stm32f4xx_hal_rcc.o
    0x08002884   0x08002884   0x00000022   Code   RO          600    .text.HAL_RCC_GetPCLK1Freq  stm32f4xx_hal_rcc.o
    0x080028a6   0x080028a6   0x00000002   PAD
    0x080028a8   0x080028a8   0x00000022   Code   RO          602    .text.HAL_RCC_GetPCLK2Freq  stm32f4xx_hal_rcc.o
    0x080028ca   0x080028ca   0x00000002   PAD
    0x080028cc   0x080028cc   0x000000e6   Code   RO          590    .text.HAL_RCC_GetSysClockFreq  stm32f4xx_hal_rcc.o
    0x080029b2   0x080029b2   0x00000002   PAD
    0x080029b4   0x080029b4   0x000006be   Code   RO          586    .text.HAL_RCC_OscConfig  stm32f4xx_hal_rcc.o
    0x08003072   0x08003072   0x00000002   PAD
    0x08003074   0x08003074   0x00000008   Code   RO          492    .text.HAL_TIMEx_BreakCallback  stm32f4xx_hal_tim_ex.o
    0x0800307c   0x0800307c   0x00000008   Code   RO          488    .text.HAL_TIMEx_CommutCallback  stm32f4xx_hal_tim_ex.o
    0x08003084   0x08003084   0x00000122   Code   RO          482    .text.HAL_TIMEx_MasterConfigSynchronization  stm32f4xx_hal_tim_ex.o
    0x080031a6   0x080031a6   0x00000002   PAD
    0x080031a8   0x080031a8   0x0000009c   Code   RO          169    .text.HAL_TIM_Base_Init  stm32f4xx_hal_tim.o
    0x08003244   0x08003244   0x00000084   Code   RO           83    .text.HAL_TIM_Base_MspInit  tim.o
    0x080032c8   0x080032c8   0x000000f6   Code   RO          183    .text.HAL_TIM_Base_Start_IT  stm32f4xx_hal_tim.o
    0x080033be   0x080033be   0x00000002   PAD
    0x080033c0   0x080033c0   0x00000184   Code   RO          361    .text.HAL_TIM_ConfigClockSource  stm32f4xx_hal_tim.o
    0x08003544   0x08003544   0x00000008   Code   RO          305    .text.HAL_TIM_IC_CaptureCallback  stm32f4xx_hal_tim.o
    0x0800354c   0x0800354c   0x0000021a   Code   RO          303    .text.HAL_TIM_IRQHandler  stm32f4xx_hal_tim.o
    0x08003766   0x08003766   0x00000002   PAD
    0x08003768   0x08003768   0x00000068   Code   RO           81    .text.HAL_TIM_MspPostInit  tim.o
    0x080037d0   0x080037d0   0x00000008   Code   RO          307    .text.HAL_TIM_OC_DelayElapsedCallback  stm32f4xx_hal_tim.o
    0x080037d8   0x080037d8   0x00000142   Code   RO          335    .text.HAL_TIM_PWM_ConfigChannel  stm32f4xx_hal_tim.o
    0x0800391a   0x0800391a   0x00000002   PAD
    0x0800391c   0x0800391c   0x0000009c   Code   RO          223    .text.HAL_TIM_PWM_Init  stm32f4xx_hal_tim.o
    0x080039b8   0x080039b8   0x00000008   Code   RO          225    .text.HAL_TIM_PWM_MspInit  stm32f4xx_hal_tim.o
    0x080039c0   0x080039c0   0x00000008   Code   RO          309    .text.HAL_TIM_PWM_PulseFinishedCallback  stm32f4xx_hal_tim.o
    0x080039c8   0x080039c8   0x000001ca   Code   RO          231    .text.HAL_TIM_PWM_Start  stm32f4xx_hal_tim.o
    0x08003b92   0x08003b92   0x00000002   PAD
    0x08003b94   0x08003b94   0x0000003c   Code   RO           17    .text.HAL_TIM_PeriodElapsedCallback  main.o
    0x08003bd0   0x08003bd0   0x00000008   Code   RO          313    .text.HAL_TIM_TriggerCallback  stm32f4xx_hal_tim.o
    0x08003bd8   0x08003bd8   0x000000b8   Code   RO         1076    .text.HAL_UARTEx_ReceiveToIdle_DMA  stm32f4xx_hal_uart.o
    0x08003c90   0x08003c90   0x00000052   Code   RO         1303    .text.HAL_UARTEx_RxEventCallback  uart_app.o
    0x08003ce2   0x08003ce2   0x00000002   PAD
    0x08003ce4   0x08003ce4   0x00000008   Code   RO         1112    .text.HAL_UART_ErrorCallback  stm32f4xx_hal_uart.o
    0x08003cec   0x08003cec   0x0000045c   Code   RO         1106    .text.HAL_UART_IRQHandler  stm32f4xx_hal_uart.o
    0x08004148   0x08004148   0x0000009e   Code   RO         1022    .text.HAL_UART_Init  stm32f4xx_hal_uart.o
    0x080041e6   0x080041e6   0x00000002   PAD
    0x080041e8   0x080041e8   0x00000180   Code   RO           98    .text.HAL_UART_MspInit  usart.o
    0x08004368   0x08004368   0x00000008   Code   RO         1124    .text.HAL_UART_RxCpltCallback  stm32f4xx_hal_uart.o
    0x08004370   0x08004370   0x00000008   Code   RO         1126    .text.HAL_UART_RxHalfCpltCallback  stm32f4xx_hal_uart.o
    0x08004378   0x08004378   0x00000008   Code   RO         1120    .text.HAL_UART_TxCpltCallback  stm32f4xx_hal_uart.o
    0x08004380   0x08004380   0x00000004   Code   RO          114    .text.HardFault_Handler  stm32f4xx_it.o
    0x08004384   0x08004384   0x00000024   Code   RO         2044    .text.Lift_AngleToHeight  lift.o
    0x080043a8   0x080043a8   0x00000020   Code   RO         2050    .text.Lift_HaveZeroed  lift.o
    0x080043c8   0x080043c8   0x00000028   Code   RO         2036    .text.Lift_Init     lift.o
    0x080043f0   0x080043f0   0x00000082   Code   RO         2046    .text.Lift_IsReached  lift.o
    0x08004472   0x08004472   0x00000002   PAD
    0x08004474   0x08004474   0x000000ca   Code   RO         2048    .text.Lift_Process  lift.o
    0x0800453e   0x0800453e   0x00000002   PAD
    0x08004540   0x08004540   0x0000004e   Code   RO         2042    .text.Lift_Update   lift.o
    0x0800458e   0x0800458e   0x00000002   PAD
    0x08004590   0x08004590   0x0000004e   Code   RO           55    .text.MX_CAN1_Init  can.o
    0x080045de   0x080045de   0x00000002   PAD
    0x080045e0   0x080045e0   0x00000052   Code   RO           69    .text.MX_DMA_Init   dma.o
    0x08004632   0x08004632   0x00000002   PAD
    0x08004634   0x08004634   0x000000dc   Code   RO           29    .text.MX_GPIO_Init  gpio.o
    0x08004710   0x08004710   0x00000096   Code   RO           77    .text.MX_TIM2_Init  tim.o
    0x080047a6   0x080047a6   0x00000002   PAD
    0x080047a8   0x080047a8   0x00000106   Code   RO           79    .text.MX_TIM3_Init  tim.o
    0x080048ae   0x080048ae   0x00000002   PAD
    0x080048b0   0x080048b0   0x00000040   Code   RO           96    .text.MX_USART1_UART_Init  usart.o
    0x080048f0   0x080048f0   0x00000004   Code   RO          116    .text.MemManage_Handler  stm32f4xx_it.o
    0x080048f4   0x080048f4   0x0000006a   Code   RO         2068    .text.Motor_GetPosition  motor.o
    0x0800495e   0x0800495e   0x00000002   PAD
    0x08004960   0x08004960   0x000000a6   Code   RO         2062    .text.Motor_Init    motor.o
    0x08004a06   0x08004a06   0x00000002   PAD
    0x08004a08   0x08004a08   0x0000008a   Code   RO         2064    .text.Motor_SetPosition  motor.o
    0x08004a92   0x08004a92   0x00000002   PAD
    0x08004a94   0x08004a94   0x00000004   Code   RO          112    .text.NMI_Handler   stm32f4xx_it.o
    0x08004a98   0x08004a98   0x0000006c   Code   RO          866    .text.NVIC_EncodePriority  stm32f4xx_hal_cortex.o
    0x08004b04   0x08004b04   0x00000074   Code   RO         2019    .text.PID_Init      pid.o
    0x08004b78   0x08004b78   0x00000028   Code   RO         2027    .text.PID_Reset     pid.o
    0x08004ba0   0x08004ba0   0x00000064   Code   RO         2003    .text.PendSV_Handler  port.o
    0x08004c04   0x08004c04   0x0000000c   PAD
    0x08004c10   0x08004c10   0x00000024   Code   RO         1987    .text.SVC_Handler   port.o
    0x08004c34   0x08004c34   0x0000001e   Code   RO         1773    .text.SysTick_Handler  cmsis_os2.o
    0x08004c52   0x08004c52   0x00000002   PAD
    0x08004c54   0x08004c54   0x000000be   Code   RO           13    .text.SystemClock_Config  main.o
    0x08004d12   0x08004d12   0x00000002   PAD
    0x08004d14   0x08004d14   0x00000012   Code   RO         1153    .text.SystemInit    system_stm32f4xx.o
    0x08004d26   0x08004d26   0x00000002   PAD
    0x08004d28   0x08004d28   0x00000010   Code   RO          128    .text.TIM1_UP_TIM10_IRQHandler  stm32f4xx_it.o
    0x08004d38   0x08004d38   0x00000010   Code   RO          130    .text.TIM2_IRQHandler  stm32f4xx_it.o
    0x08004d48   0x08004d48   0x000001a4   Code   RO          173    .text.TIM_Base_SetConfig  stm32f4xx_hal_tim.o
    0x08004eec   0x08004eec   0x00000036   Code   RO          207    .text.TIM_CCxChannelCmd  stm32f4xx_hal_tim.o
    0x08004f22   0x08004f22   0x00000002   PAD
    0x08004f24   0x08004f24   0x00000034   Code   RO          359    .text.TIM_ETR_SetConfig  stm32f4xx_hal_tim.o
    0x08004f58   0x08004f58   0x0000002a   Code   RO          365    .text.TIM_ITRx_SetConfig  stm32f4xx_hal_tim.o
    0x08004f82   0x08004f82   0x00000002   PAD
    0x08004f84   0x08004f84   0x000000ea   Code   RO          317    .text.TIM_OC1_SetConfig  stm32f4xx_hal_tim.o
    0x0800506e   0x0800506e   0x00000002   PAD
    0x08005070   0x08005070   0x000000f4   Code   RO          319    .text.TIM_OC2_SetConfig  stm32f4xx_hal_tim.o
    0x08005164   0x08005164   0x000000f2   Code   RO          321    .text.TIM_OC3_SetConfig  stm32f4xx_hal_tim.o
    0x08005256   0x08005256   0x00000002   PAD
    0x08005258   0x08005258   0x000000a4   Code   RO          323    .text.TIM_OC4_SetConfig  stm32f4xx_hal_tim.o
    0x080052fc   0x080052fc   0x00000050   Code   RO          363    .text.TIM_TI1_ConfigInputStage  stm32f4xx_hal_tim.o
    0x0800534c   0x0800534c   0x00000052   Code   RO          367    .text.TIM_TI2_ConfigInputStage  stm32f4xx_hal_tim.o
    0x0800539e   0x0800539e   0x00000002   PAD
    0x080053a0   0x080053a0   0x0000001c   Code   RO         1110    .text.UART_DMAAbortOnError  stm32f4xx_hal_uart.o
    0x080053bc   0x080053bc   0x0000007c   Code   RO         1056    .text.UART_DMAError  stm32f4xx_hal_uart.o
    0x08005438   0x08005438   0x000000f4   Code   RO         1142    .text.UART_DMAReceiveCplt  stm32f4xx_hal_uart.o
    0x0800552c   0x0800552c   0x00000034   Code   RO         1144    .text.UART_DMARxHalfCplt  stm32f4xx_hal_uart.o
    0x08005560   0x08005560   0x00000094   Code   RO         1070    .text.UART_EndRxTransfer  stm32f4xx_hal_uart.o
    0x080055f4   0x080055f4   0x00000026   Code   RO         1118    .text.UART_EndTransmit_IT  stm32f4xx_hal_uart.o
    0x0800561a   0x0800561a   0x00000002   PAD
    0x0800561c   0x0800561c   0x00000036   Code   RO         1068    .text.UART_EndTxTransfer  stm32f4xx_hal_uart.o
    0x08005652   0x08005652   0x00000002   PAD
    0x08005654   0x08005654   0x00000168   Code   RO         1108    .text.UART_Receive_IT  stm32f4xx_hal_uart.o
    0x080057bc   0x080057bc   0x0000013a   Code   RO         1026    .text.UART_SetConfig  stm32f4xx_hal_uart.o
    0x080058f6   0x080058f6   0x00000002   PAD
    0x080058f8   0x080058f8   0x00000130   Code   RO         1060    .text.UART_Start_Receive_DMA  stm32f4xx_hal_uart.o
    0x08005a28   0x08005a28   0x00000094   Code   RO         1116    .text.UART_Transmit_IT  stm32f4xx_hal_uart.o
    0x08005abc   0x08005abc   0x00000010   Code   RO          132    .text.USART1_IRQHandler  stm32f4xx_it.o
    0x08005acc   0x08005acc   0x00000004   Code   RO          120    .text.UsageFault_Handler  stm32f4xx_it.o
    0x08005ad0   0x08005ad0   0x0000003a   Code   RO         1264    .text.ZdriveAsk     zdrive.o
    0x08005b0a   0x08005b0a   0x00000002   PAD
    0x08005b0c   0x08005b0c   0x00000156   Code   RO         1278    .text.ZdriveFunc    zdrive.o
    0x08005c62   0x08005c62   0x00000002   PAD
    0x08005c64   0x08005c64   0x00000102   Code   RO         1256    .text.ZdriveInit    zdrive.o
    0x08005d66   0x08005d66   0x00000002   PAD
    0x08005d68   0x08005d68   0x000002f0   Code   RO         1262    .text.ZdriveReceive  zdrive.o
    0x08006058   0x08006058   0x000000d0   Code   RO         1258    .text.ZdriveSet     zdrive.o
    0x08006128   0x08006128   0x000000a0   Code   RO         1266    .text.ZdriveSetPVT  zdrive.o
    0x080061c8   0x080061c8   0x00000038   Code   RO         1292    .text.Zdrive_Begin  zdrive.o
    0x08006200   0x08006200   0x00000014   Code   RO         1280    .text.Zdrive_ErrHandle  zdrive.o
    0x08006214   0x08006214   0x00000040   Code   RO         1288    .text.Zdrive_Get_Position  zdrive.o
    0x08006254   0x08006254   0x00000004   PAD
    0x08006258   0x08006258   0x00000190   Code   RO         1284    .text.Zdrive_RunMachine  zdrive.o
    0x080063e8   0x080063e8   0x0000005a   Code   RO         1260    .text.Zdrive_SendDirect  zdrive.o
    0x08006442   0x08006442   0x00000002   PAD
    0x08006444   0x08006444   0x0000005e   Code   RO         1286    .text.Zdrive_Set_target_mode  zdrive.o
    0x080064a2   0x080064a2   0x00000002   PAD
    0x080064a4   0x080064a4   0x00000070   Code   RO         1282    .text.Zdrive_SwitchMachine  zdrive.o
    0x08006514   0x08006514   0x00000030   Code   RO          870    .text.__NVIC_EnableIRQ  stm32f4xx_hal_cortex.o
    0x08006544   0x08006544   0x00000010   Code   RO          862    .text.__NVIC_GetPriorityGrouping  stm32f4xx_hal_cortex.o
    0x08006554   0x08006554   0x00000042   Code   RO          864    .text.__NVIC_SetPriority  stm32f4xx_hal_cortex.o
    0x08006596   0x08006596   0x00000002   PAD
    0x08006598   0x08006598   0x0000003c   Code   RO          858    .text.__NVIC_SetPriorityGrouping  stm32f4xx_hal_cortex.o
    0x080065d4   0x080065d4   0x00000074   Code   RO         1329    .text.can_app_init  can_app.o
    0x08006648   0x08006648   0x00000080   Code   RO           11    .text.main          main.o
    0x080066c8   0x080066c8   0x00000046   Code   RO         1561    .text.prvResetNextTaskUnblockTime  tasks.o
    0x0800670e   0x0800670e   0x00000002   PAD
    0x08006710   0x08006710   0x00000030   Code   RO         1307    .text.uart_app_init  uart_app.o
    0x08006740   0x08006740   0x00000048   Code   RO         1395    .text.uxListRemove  list.o
    0x08006788   0x08006788   0x0000003a   Code   RO         1391    .text.vListInsertEnd  list.o
    0x080067c2   0x080067c2   0x00000002   PAD
    0x080067c4   0x080067c4   0x000000c6   Code   RO         1583    .text.vTaskSwitchContext  tasks.o
    0x0800688a   0x0800688a   0x00000002   PAD
    0x0800688c   0x0800688c   0x0000003c   Code   RO         2005    .text.xPortSysTickHandler  port.o
    0x080068c8   0x080068c8   0x00000038   Code   RO         1643    .text.xTaskGetSchedulerState  tasks.o
    0x08006900   0x08006900   0x000001c4   Code   RO         1597    .text.xTaskIncrementTick  tasks.o
    0x08006ac4   0x08006ac4   0x00000062   Code   RO         2134    x$fpl$d2f           fz_wm.l(d2f.o)
    0x08006b26   0x08006b26   0x00000018   Code   RO         2233    x$fpl$dcmpinf       fz_wm.l(dcmpi.o)
    0x08006b3e   0x08006b3e   0x00000002   PAD
    0x08006b40   0x08006b40   0x000002b4   Code   RO         2145    x$fpl$ddiv          fz_wm.l(ddiv.o)
    0x08006df4   0x08006df4   0x00000078   Code   RO         2177    x$fpl$deqf          fz_wm.l(deqf.o)
    0x08006e6c   0x08006e6c   0x0000002e   Code   RO         2153    x$fpl$dflt          fz_wm.l(dflt_clz.o)
    0x08006e9a   0x08006e9a   0x00000026   Code   RO         2152    x$fpl$dfltu         fz_wm.l(dflt_clz.o)
    0x08006ec0   0x08006ec0   0x00000078   Code   RO         2179    x$fpl$dgeqf         fz_wm.l(dgeqf.o)
    0x08006f38   0x08006f38   0x00000078   Code   RO         2181    x$fpl$dleqf         fz_wm.l(dleqf.o)
    0x08006fb0   0x08006fb0   0x00000154   Code   RO         2158    x$fpl$dmul          fz_wm.l(dmul.o)
    0x08007104   0x08007104   0x0000009c   Code   RO         2183    x$fpl$dnaninf       fz_wm.l(dnaninf.o)
    0x080071a0   0x080071a0   0x0000000c   Code   RO         2185    x$fpl$dretinf       fz_wm.l(dretinf.o)
    0x080071ac   0x080071ac   0x00000056   Code   RO         2160    x$fpl$f2d           fz_wm.l(f2d.o)
    0x08007202   0x08007202   0x00000054   Code   RO         2142    x$fpl$fcmp          fz_wm.l(dcmp.o)
    0x08007256   0x08007256   0x0000008c   Code   RO         2187    x$fpl$fnaninf       fz_wm.l(fnaninf.o)
    0x080072e2   0x080072e2   0x0000001a   Code   RO         2324    x$fpl$fpinit        fz_wm.l(fpinit.o)
    0x080072fc   0x080072fc   0x0000000a   Code   RO         2189    x$fpl$fretinf       fz_wm.l(fretinf.o)
    0x08007306   0x08007306   0x00000000   Code   RO         2191    x$fpl$usenofp       fz_wm.l(usenofp.o)
    0x08007306   0x08007306   0x00000010   Data   RO         1158    .rodata.AHBPrescTable  system_stm32f4xx.o
    0x08007316   0x08007316   0x00000008   Data   RO         1159    .rodata.APBPrescTable  system_stm32f4xx.o
    0x0800731e   0x0800731e   0x00000008   Data   RO          788    .rodata.DMA_CalcBaseAndBitshift.flagBitshiftOffset  stm32f4xx_hal_dma.o
    0x08007326   0x08007326   0x00000001   Data   RO         1295    .rodata.s_empty_data  zdrive.o
    0x08007327   0x08007327   0x00000001   PAD
    0x08007328   0x08007328   0x00000020   Data   RO         2385    Region$$Table       anon$$obj.o


    Execution Region RW_IRAM1 (Exec base: 0x20000000, Load base: 0x08007348, Size: 0x00001ab8, Max: 0x0001c000, ABSOLUTE)

    Exec Addr    Load Addr    Size         Type   Attr      Idx    E Section Name        Object

    0x20000000   0x08007348   0x00000004   Data   RW         1157    .data.SystemCoreClock  system_stm32f4xx.o
    0x20000004   0x0800734c   0x00000001   Data   RW          988    .data.uwTickFreq    stm32f4xx_hal.o
    0x20000005   0x0800734d   0x00000003   PAD
    0x20000008   0x08007350   0x00000004   Data   RW          987    .data.uwTickPrio    stm32f4xx_hal.o
    0x2000000c   0x08007354   0x00000004   PAD
    0x20000010        -       0x00000060   Zero   RW         2236    .bss                c_w.l(libspace.o)
    0x20000070        -       0x00000340   Zero   RW         1294    .bss.Zmotor         zdrive.o
    0x200003b0        -       0x00000008   Zero   RW         1336    .bss.can_rx_data    can_app.o
    0x200003b8        -       0x0000001c   Zero   RW         1335    .bss.can_rx_header  can_app.o
    0x200003d4   0x08007354   0x00000004   PAD
    0x200003d8        -       0x000003e0   Zero   RW         1248    .bss.dji_motor      dji_motor.o
    0x200007b8        -       0x00000028   Zero   RW           61    .bss.hcan1          can.o
    0x200007e0        -       0x00000060   Zero   RW          103    .bss.hdma_usart1_rx  usart.o
    0x20000840        -       0x00000060   Zero   RW          104    .bss.hdma_usart1_tx  usart.o
    0x200008a0        -       0x00000048   Zero   RW          161    .bss.htim1          stm32f4xx_hal_timebase_tim.o
    0x200008e8        -       0x00000048   Zero   RW           87    .bss.htim2          tim.o
    0x20000930        -       0x00000048   Zero   RW           88    .bss.htim3          tim.o
    0x20000978        -       0x00000048   Zero   RW          102    .bss.huart1         usart.o
    0x200009c0        -       0x0000001c   Zero   RW         2054    .bss.lift           lift.o
    0x200009dc        -       0x00000002   Zero   RW           19    .bss.lift_motor     main.o
    0x200009de   0x08007354   0x00000002   PAD
    0x200009e0        -       0x00000004   Zero   RW         1673    .bss.pxCurrentTCB   tasks.o
    0x200009e4        -       0x00000004   Zero   RW         1681    .bss.pxDelayedTaskList  tasks.o
    0x200009e8        -       0x00000004   Zero   RW         1682    .bss.pxOverflowDelayedTaskList  tasks.o
    0x200009ec        -       0x00000460   Zero   RW         1684    .bss.pxReadyTasksLists  tasks.o
    0x20000e4c        -       0x00000040   Zero   RW         1311    .bss.rx_buffer      uart_app.o
    0x20000e8c        -       0x00000001   Zero   RW         1310    .bss.rx_ready       uart_app.o
    0x20000e8d   0x08007354   0x00000001   PAD
    0x20000e8e        -       0x00000002   Zero   RW         1309    .bss.rx_size        uart_app.o
    0x20000e90        -       0x00000004   Zero   RW           20    .bss.tick_2ms_count  main.o
    0x20000e94        -       0x00000004   Zero   RW          989    .bss.uwTick         stm32f4xx_hal.o
    0x20000e98        -       0x00000004   Zero   RW         1679    .bss.uxSchedulerSuspended  tasks.o
    0x20000e9c        -       0x00000004   Zero   RW         1685    .bss.uxTopReadyPriority  tasks.o
    0x20000ea0        -       0x00000004   Zero   RW         1689    .bss.xNextTaskUnblockTime  tasks.o
    0x20000ea4        -       0x00000004   Zero   RW         1692    .bss.xNumOfOverflows  tasks.o
    0x20000ea8        -       0x00000004   Zero   RW         1691    .bss.xPendedTicks   tasks.o
    0x20000eac        -       0x00000004   Zero   RW         1678    .bss.xSchedulerRunning  tasks.o
    0x20000eb0        -       0x00000004   Zero   RW         1680    .bss.xTickCount     tasks.o
    0x20000eb4        -       0x00000004   Zero   RW         1690    .bss.xYieldPending  tasks.o
    0x20000eb8        -       0x00000800   Zero   RW            2    HEAP                startup_stm32f405xx.o
    0x200016b8        -       0x00000400   Zero   RW            1    STACK               startup_stm32f405xx.o


    Execution Region RW_IRAM2 (Exec base: 0x2001c000, Load base: 0x08007358, Size: 0x00000000, Max: 0x00004000, ABSOLUTE)

    **** No section assigned to this execution region ****


==============================================================================

Image component sizes


      Code (inc. data)   RO Data    RW Data    ZI Data      Debug   Object Name

       262          0          0          0         40       5894   can.o
       302          0          0          0         36       4199   can_app.o
        30          0          0          0          0      34882   cmsis_os2.o
      1152         48          0          0        992       6413   dji_motor.o
        82          0          0          0          0       3239   dma.o
       220          0          0          0          0       3909   gpio.o
       518         10          0          0         28       2642   lift.o
       130          0          0          0          0       2215   list.o
       384          0          0          0          6       6072   main.o
       410          0          0          0          0       3754   motor.o
       156          0          0          0          0       2481   pid.o
       196          8          0          0          0       3827   port.o
        64         26        392          0       3072        836   startup_stm32f405xx.o
        92          0          0          5          4       7059   stm32f4xx_hal.o
      3090          0          0          0          0      11489   stm32f4xx_hal_can.o
       384          0          0          0          0       9639   stm32f4xx_hal_cortex.o
      2068          8          8          0          0       8468   stm32f4xx_hal_dma.o
      1062          0          0          0          0       5096   stm32f4xx_hal_gpio.o
        88          0          0          0          0       3304   stm32f4xx_hal_msp.o
      2730          0          0          0          0       7593   stm32f4xx_hal_rcc.o
      3918         14          0          0          0      35833   stm32f4xx_hal_tim.o
       306          0          0          0          0      15259   stm32f4xx_hal_tim_ex.o
       218          0          0          0         72       6991   stm32f4xx_hal_timebase_tim.o
      3304          0          0          0          0      20314   stm32f4xx_hal_uart.o
       146          0          0          0          0       1700   stm32f4xx_it.o
        18          0         24          4          0       2507   system_stm32f4xx.o
       776          0          0          0       1164      24076   tasks.o
       648          0          0          0        144       8178   tim.o
       130          0          0          0         67       3807   uart_app.o
       448          0          0          0        264       6874   usart.o
      2614        142          1          0        832       8860   zdrive.o

    ----------------------------------------------------------------------
     26100        268        458         12       6732     267410   Object Totals
         0          0         32          0          0          0   (incl. Generated)
       154         12          1          3         11          0   (incl. Padding)

    ----------------------------------------------------------------------

      Code (inc. data)   RO Data    RW Data    ZI Data      Debug   Library Member Name

         8          0          0          0          0         68   __main.o
         0          0          0          0          0          0   __rtentry.o
        12          0          0          0          0          0   __rtentry2.o
         6          0          0          0          0          0   __rtentry4.o
        52          8          0          0          0          0   __scatter.o
        26          0          0          0          0          0   __scatter_copy.o
        28          0          0          0          0          0   __scatter_zi.o
        18          0          0          0          0         80   exit.o
         6          0          0          0          0        152   heapauxi.o
         0          0          0          0          0          0   indicate_semi.o
         2          0          0          0          0          0   libinit.o
         6          0          0          0          0          0   libinit2.o
         2          0          0          0          0          0   libshutdown.o
         2          0          0          0          0          0   libshutdown2.o
         8          4          0          0         96         68   libspace.o
       240          0          0          0          0        100   lludivv7m.o
        78          0          0          0          0         80   rt_memclr_w.o
       138          0          0          0          0         68   rt_memcpy_v6.o
       100          0          0          0          0         80   rt_memcpy_w.o
         2          0          0          0          0          0   rtexit.o
        10          0          0          0          0          0   rtexit2.o
        12          4          0          0          0         68   sys_exit.o
        74          0          0          0          0         80   sys_stackheap_outer.o
         2          0          0          0          0         68   use_no_semi.o
        98          4          0          0          0        140   d2f.o
        84          0          0          0          0        244   dcmp.o
        24          0          0          0          0        116   dcmpi.o
       692        140          0          0          0        264   ddiv.o
       120          4          0          0          0        140   deqf.o
        84          0          0          0          0        232   dflt_clz.o
       120          4          0          0          0        140   dgeqf.o
       120          4          0          0          0        140   dleqf.o
       340         12          0          0          0        152   dmul.o
       156          4          0          0          0        140   dnaninf.o
        12          0          0          0          0        116   dretinf.o
        86          4          0          0          0        132   f2d.o
       140          4          0          0          0        132   fnaninf.o
        26          0          0          0          0        116   fpinit.o
        10          0          0          0          0        116   fretinf.o
         0          0          0          0          0          0   usenofp.o

    ----------------------------------------------------------------------
      2954        196          0          0         96       3232   Library Totals
        10          0          0          0          0          0   (incl. Padding)

    ----------------------------------------------------------------------

      Code (inc. data)   RO Data    RW Data    ZI Data      Debug   Library Name

       832         16          0          0         96        912   c_w.l
      2112        180          0          0          0       2320   fz_wm.l

    ----------------------------------------------------------------------
      2954        196          0          0         96       3232   Library Totals

    ----------------------------------------------------------------------

==============================================================================


      Code (inc. data)   RO Data    RW Data    ZI Data      Debug   

     29054        464        458         12       6828     268198   Grand Totals
     29054        464        458         12       6828     268198   ELF Image Totals
     29054        464        458         12          0          0   ROM Totals

==============================================================================

    Total RO  Size (Code + RO Data)                29512 (  28.82kB)
    Total RW  Size (RW Data + ZI Data)              6840 (   6.68kB)
    Total ROM Size (Code + RO Data + RW Data)      29524 (  28.83kB)

==============================================================================

