Component: Arm Compiler for Embedded 6.18 Tool: armlink [5e4cc100]

==============================================================================

Section Cross References

    startup_stm32f405xx.o(STACK) refers (Special) to heapauxi.o(.text) for __use_two_region_memory
    startup_stm32f405xx.o(HEAP) refers (Special) to heapauxi.o(.text) for __use_two_region_memory
    startup_stm32f405xx.o(RESET) refers (Special) to heapauxi.o(.text) for __use_two_region_memory
    startup_stm32f405xx.o(RESET) refers to startup_stm32f405xx.o(STACK) for __initial_sp
    startup_stm32f405xx.o(RESET) refers to startup_stm32f405xx.o(.text) for Reset_Handler
    startup_stm32f405xx.o(RESET) refers to stm32f4xx_it.o(.text.NMI_Handler) for NMI_Handler
    startup_stm32f405xx.o(RESET) refers to stm32f4xx_it.o(.text.HardFault_Handler) for HardFault_Handler
    startup_stm32f405xx.o(RESET) refers to stm32f4xx_it.o(.text.MemManage_Handler) for MemManage_Handler
    startup_stm32f405xx.o(RESET) refers to stm32f4xx_it.o(.text.BusFault_Handler) for BusFault_Handler
    startup_stm32f405xx.o(RESET) refers to stm32f4xx_it.o(.text.UsageFault_Handler) for UsageFault_Handler
    startup_stm32f405xx.o(RESET) refers to port.o(.text.SVC_Handler) for SVC_Handler
    startup_stm32f405xx.o(RESET) refers to stm32f4xx_it.o(.text.DebugMon_Handler) for DebugMon_Handler
    startup_stm32f405xx.o(RESET) refers to port.o(.text.PendSV_Handler) for PendSV_Handler
    startup_stm32f405xx.o(RESET) refers to cmsis_os2.o(.text.SysTick_Handler) for SysTick_Handler
    startup_stm32f405xx.o(RESET) refers to stm32f4xx_it.o(.text.CAN1_RX0_IRQHandler) for CAN1_RX0_IRQHandler
    startup_stm32f405xx.o(RESET) refers to stm32f4xx_it.o(.text.CAN1_RX1_IRQHandler) for CAN1_RX1_IRQHandler
    startup_stm32f405xx.o(RESET) refers to stm32f4xx_it.o(.text.TIM1_UP_TIM10_IRQHandler) for TIM1_UP_TIM10_IRQHandler
    startup_stm32f405xx.o(RESET) refers to stm32f4xx_it.o(.text.TIM2_IRQHandler) for TIM2_IRQHandler
    startup_stm32f405xx.o(RESET) refers to stm32f4xx_it.o(.text.USART1_IRQHandler) for USART1_IRQHandler
    startup_stm32f405xx.o(RESET) refers to stm32f4xx_it.o(.text.EXTI15_10_IRQHandler) for EXTI15_10_IRQHandler
    startup_stm32f405xx.o(RESET) refers to stm32f4xx_it.o(.text.DMA2_Stream2_IRQHandler) for DMA2_Stream2_IRQHandler
    startup_stm32f405xx.o(RESET) refers to stm32f4xx_it.o(.text.DMA2_Stream7_IRQHandler) for DMA2_Stream7_IRQHandler
    startup_stm32f405xx.o(.text) refers (Special) to heapauxi.o(.text) for __use_two_region_memory
    startup_stm32f405xx.o(.text) refers to system_stm32f4xx.o(.text.SystemInit) for SystemInit
    startup_stm32f405xx.o(.text) refers to __main.o(!!!main) for __main
    startup_stm32f405xx.o(.text) refers to startup_stm32f405xx.o(HEAP) for Heap_Mem
    startup_stm32f405xx.o(.text) refers to startup_stm32f405xx.o(STACK) for Stack_Mem
    main.o(.text.main) refers to stm32f4xx_hal.o(.text.HAL_Init) for HAL_Init
    main.o(.text.main) refers to main.o(.text.SystemClock_Config) for SystemClock_Config
    main.o(.text.main) refers to gpio.o(.text.MX_GPIO_Init) for MX_GPIO_Init
    main.o(.text.main) refers to dma.o(.text.MX_DMA_Init) for MX_DMA_Init
    main.o(.text.main) refers to tim.o(.text.MX_TIM2_Init) for MX_TIM2_Init
    main.o(.text.main) refers to tim.o(.text.MX_TIM3_Init) for MX_TIM3_Init
    main.o(.text.main) refers to usart.o(.text.MX_USART1_UART_Init) for MX_USART1_UART_Init
    main.o(.text.main) refers to can.o(.text.MX_CAN1_Init) for MX_CAN1_Init
    main.o(.text.main) refers to uart_app.o(.text.uart_app_init) for uart_app_init
    main.o(.text.main) refers to can_app.o(.text.can_app_init) for can_app_init
    main.o(.text.main) refers to dji_motor.o(.text.DJI_motor_init) for DJI_motor_init
    main.o(.text.main) refers to dji_motor.o(.bss.dji_motor) for dji_motor
    main.o(.text.main) refers to dji_motor.o(.text.DJI_motor_Set_Speed) for DJI_motor_Set_Speed
    main.o(.text.main) refers to dji_motor.o(.text.DJI_motor_SetMode) for DJI_motor_SetMode
    main.o(.text.main) refers to main.o(.bss.tick_2ms_count) for tick_2ms_count
    main.o(.text.main) refers to dji_motor.o(.text.DJI_motor_Func) for DJI_motor_Func
    main.o(.ARM.exidx.text.main) refers to main.o(.text.main) for [Anonymous Symbol]
    main.o(.text.SystemClock_Config) refers to rt_memclr_w.o(.text) for __aeabi_memclr4
    main.o(.text.SystemClock_Config) refers to stm32f4xx_hal_rcc.o(.text.HAL_RCC_OscConfig) for HAL_RCC_OscConfig
    main.o(.text.SystemClock_Config) refers to main.o(.text.Error_Handler) for Error_Handler
    main.o(.text.SystemClock_Config) refers to stm32f4xx_hal_rcc.o(.text.HAL_RCC_ClockConfig) for HAL_RCC_ClockConfig
    main.o(.ARM.exidx.text.SystemClock_Config) refers to main.o(.text.SystemClock_Config) for [Anonymous Symbol]
    main.o(.ARM.exidx.text.Error_Handler) refers to main.o(.text.Error_Handler) for [Anonymous Symbol]
[...]
    [Anonymous Symbol]                       0x08004a38   Section        0  stm32f4xx_it.o(.text.TIM2_IRQHandler)
    [Anonymous Symbol]                       0x08004a48   Section        0  stm32f4xx_hal_tim.o(.text.TIM_Base_SetConfig)
    [Anonymous Symbol]                       0x08004bec   Section        0  stm32f4xx_hal_tim.o(.text.TIM_CCxChannelCmd)
    [Anonymous Symbol]                       0x08004c24   Section        0  stm32f4xx_hal_tim.o(.text.TIM_ETR_SetConfig)
    TIM_ITRx_SetConfig                       0x08004c59   Thumb Code    42  stm32f4xx_hal_tim.o(.text.TIM_ITRx_SetConfig)
    [Anonymous Symbol]                       0x08004c58   Section        0  stm32f4xx_hal_tim.o(.text.TIM_ITRx_SetConfig)
    TIM_OC1_SetConfig                        0x08004c85   Thumb Code   234  stm32f4xx_hal_tim.o(.text.TIM_OC1_SetConfig)
    [Anonymous Symbol]                       0x08004c84   Section        0  stm32f4xx_hal_tim.o(.text.TIM_OC1_SetConfig)
    [Anonymous Symbol]                       0x08004d70   Section        0  stm32f4xx_hal_tim.o(.text.TIM_OC2_SetConfig)
    TIM_OC3_SetConfig                        0x08004e65   Thumb Code   242  stm32f4xx_hal_tim.o(.text.TIM_OC3_SetConfig)
    [Anonymous Symbol]                       0x08004e64   Section        0  stm32f4xx_hal_tim.o(.text.TIM_OC3_SetConfig)
    TIM_OC4_SetConfig                        0x08004f59   Thumb Code   164  stm32f4xx_hal_tim.o(.text.TIM_OC4_SetConfig)
    [Anonymous Symbol]                       0x08004f58   Section        0  stm32f4xx_hal_tim.o(.text.TIM_OC4_SetConfig)
    TIM_TI1_ConfigInputStage                 0x08004ffd   Thumb Code    80  stm32f4xx_hal_tim.o(.text.TIM_TI1_ConfigInputStage)
    [Anonymous Symbol]                       0x08004ffc   Section        0  stm32f4xx_hal_tim.o(.text.TIM_TI1_ConfigInputStage)
    TIM_TI2_ConfigInputStage                 0x0800504d   Thumb Code    82  stm32f4xx_hal_tim.o(.text.TIM_TI2_ConfigInputStage)
    [Anonymous Symbol]                       0x0800504c   Section        0  stm32f4xx_hal_tim.o(.text.TIM_TI2_ConfigInputStage)
    UART_DMAAbortOnError                     0x080050a1   Thumb Code    28  stm32f4xx_hal_uart.o(.text.UART_DMAAbortOnError)
    [Anonymous Symbol]                       0x080050a0   Section        0  stm32f4xx_hal_uart.o(.text.UART_DMAAbortOnError)
    UART_DMAError                            0x080050bd   Thumb Code   124  stm32f4xx_hal_uart.o(.text.UART_DMAError)
    [Anonymous Symbol]                       0x080050bc   Section        0  stm32f4xx_hal_uart.o(.text.UART_DMAError)
    UART_DMAReceiveCplt                      0x08005139   Thumb Code   244  stm32f4xx_hal_uart.o(.text.UART_DMAReceiveCplt)
    [Anonymous Symbol]                       0x08005138   Section        0  stm32f4xx_hal_uart.o(.text.UART_DMAReceiveCplt)
    UART_DMARxHalfCplt                       0x0800522d   Thumb Code    52  stm32f4xx_hal_uart.o(.text.UART_DMARxHalfCplt)
    [Anonymous Symbol]                       0x0800522c   Section        0  stm32f4xx_hal_uart.o(.text.UART_DMARxHalfCplt)
    UART_EndRxTransfer                       0x08005261   Thumb Code   148  stm32f4xx_hal_uart.o(.text.UART_EndRxTransfer)
    [Anonymous Symbol]                       0x08005260   Section        0  stm32f4xx_hal_uart.o(.text.UART_EndRxTransfer)
    UART_EndTransmit_IT                      0x080052f5   Thumb Code    38  stm32f4xx_hal_uart.o(.text.UART_EndTransmit_IT)
    [Anonymous Symbol]                       0x080052f4   Section        0  stm32f4xx_hal_uart.o(.text.UART_EndTransmit_IT)
    UART_EndTxTransfer                       0x0800531d   Thumb Code    54  stm32f4xx_hal_uart.o(.text.UART_EndTxTransfer)
    [Anonymous Symbol]                       0x0800531c   Section        0  stm32f4xx_hal_uart.o(.text.UART_EndTxTransfer)
    UART_Receive_IT                          0x08005355   Thumb Code   360  stm32f4xx_hal_uart.o(.text.UART_Receive_IT)
    [Anonymous Symbol]                       0x08005354   Section        0  stm32f4xx_hal_uart.o(.text.UART_Receive_IT)
    UART_SetConfig                           0x080054bd   Thumb Code   314  stm32f4xx_hal_uart.o(.text.UART_SetConfig)
    [Anonymous Symbol]                       0x080054bc   Section        0  stm32f4xx_hal_uart.o(.text.UART_SetConfig)
    [Anonymous Symbol]                       0x080055f8   Section        0  stm32f4xx_hal_uart.o(.text.UART_Start_Receive_DMA)
    UART_Transmit_IT                         0x08005729   Thumb Code   148  stm32f4xx_hal_uart.o(.text.UART_Transmit_IT)
    [Anonymous Symbol]                       0x08005728   Section        0  stm32f4xx_hal_uart.o(.text.UART_Transmit_IT)
    [Anonymous Symbol]                       0x080057bc   Section        0  stm32f4xx_it.o(.text.USART1_IRQHandler)
    [Anonymous Symbol]                       0x080057cc   Section        0  stm32f4xx_it.o(.text.UsageFault_Handler)
    __NVIC_EnableIRQ                         0x080057d1   Thumb Code    48  stm32f4xx_hal_cortex.o(.text.__NVIC_EnableIRQ)
    [Anonymous Symbol]                       0x080057d0   Section        0  stm32f4xx_hal_cortex.o(.text.__NVIC_EnableIRQ)
    __NVIC_GetPriorityGrouping               0x08005801   Thumb Code    16  stm32f4xx_hal_cortex.o(.text.__NVIC_GetPriorityGrouping)
    [Anonymous Symbol]                       0x08005800   Section        0  stm32f4xx_hal_cortex.o(.text.__NVIC_GetPriorityGrouping)
    __NVIC_SetPriority                       0x08005811   Thumb Code    66  stm32f4xx_hal_cortex.o(.text.__NVIC_SetPriority)
    [Anonymous Symbol]                       0x08005810   Section        0  stm32f4xx_hal_cortex.o(.text.__NVIC_SetPriority)
    __NVIC_SetPriorityGrouping               0x08005855   Thumb Code    60  stm32f4xx_hal_cortex.o(.text.__NVIC_SetPriorityGrouping)
    [Anonymous Symbol]                       0x08005854   Section        0  stm32f4xx_hal_cortex.o(.text.__NVIC_SetPriorityGrouping)
    [Anonymous Symbol]                       0x08005890   Section        0  can_app.o(.text.can_app_init)
    [Anonymous Symbol]                       0x08005914   Section        0  main.o(.text.main)
    prvResetNextTaskUnblockTime              0x0800598d   Thumb Code    70  tasks.o(.text.prvResetNextTaskUnblockTime)
    [Anonymous Symbol]                       0x0800598c   Section        0  tasks.o(.text.prvResetNextTaskUnblockTime)
    [Anonymous Symbol]                       0x080059d4   Section        0  uart_app.o(.text.uart_app_init)
    [Anonymous Symbol]                       0x08005a04   Section        0  list.o(.text.uxListRemove)
    [Anonymous Symbol]                       0x08005a4c   Section        0  list.o(.text.vListInsertEnd)
    [Anonymous Symbol]                       0x08005a88   Section        0  tasks.o(.text.vTaskSwitchContext)
    [Anonymous Symbol]                       0x08005b50   Section        0  port.o(.text.xPortSysTickHandler)
    [Anonymous Symbol]                       0x08005b8c   Section        0  tasks.o(.text.xTaskGetSchedulerState)
    [Anonymous Symbol]                       0x08005bc4   Section        0  tasks.o(.text.xTaskIncrementTick)
    $v0                                      0x08005d88   Number         0  daddsub_clz.o(x$fpl$dadd)
    x$fpl$dadd                               0x08005d88   Section      336  daddsub_clz.o(x$fpl$dadd)
    _dadd1                                   0x08005d99   Thumb Code     0  daddsub_clz.o(x$fpl$dadd)
    $v0                                      0x08005ed8   Number         0  dcmpi.o(x$fpl$dcmpinf)
    x$fpl$dcmpinf                            0x08005ed8   Section       24  dcmpi.o(x$fpl$dcmpinf)
    $v0                                      0x08005ef0   Number         0  ddiv.o(x$fpl$ddiv)
    x$fpl$ddiv                               0x08005ef0   Section      692  ddiv.o(x$fpl$ddiv)
    ddiv_entry                               0x08005ef7   Thumb Code     0  ddiv.o(x$fpl$ddiv)
    $v0                                      0x080061a4   Number         0  deqf.o(x$fpl$deqf)
    x$fpl$deqf                               0x080061a4   Section      120  deqf.o(x$fpl$deqf)
    $v0                                      0x0800621c   Number         0  dfix.o(x$fpl$dfix)
    x$fpl$dfix                               0x0800621c   Section       94  dfix.o(x$fpl$dfix)
    $v0                                      0x0800627a   Number         0  dflt_clz.o(x$fpl$dflt)
    x$fpl$dflt                               0x0800627a   Section       46  dflt_clz.o(x$fpl$dflt)
    $v0                                      0x080062a8   Number         0  dflt_clz.o(x$fpl$dfltu)
    x$fpl$dfltu                              0x080062a8   Section       38  dflt_clz.o(x$fpl$dfltu)
    $v0                                      0x080062d0   Number         0  dgeqf.o(x$fpl$dgeqf)
    x$fpl$dgeqf                              0x080062d0   Section      120  dgeqf.o(x$fpl$dgeqf)
    $v0                                      0x08006348   Number         0  dleqf.o(x$fpl$dleqf)
    x$fpl$dleqf                              0x08006348   Section      120  dleqf.o(x$fpl$dleqf)
    $v0                                      0x080063c0   Number         0  dmul.o(x$fpl$dmul)
    x$fpl$dmul                               0x080063c0   Section      340  dmul.o(x$fpl$dmul)
    $v0                                      0x08006514   Number         0  dnaninf.o(x$fpl$dnaninf)
    x$fpl$dnaninf                            0x08006514   Section      156  dnaninf.o(x$fpl$dnaninf)
    $v0                                      0x080065b0   Number         0  dretinf.o(x$fpl$dretinf)
    x$fpl$dretinf                            0x080065b0   Section       12  dretinf.o(x$fpl$dretinf)
    $v0                                      0x080065bc   Number         0  daddsub_clz.o(x$fpl$dsub)
    x$fpl$dsub                               0x080065bc   Section      476  daddsub_clz.o(x$fpl$dsub)
    _dsub1                                   0x080065cd   Thumb Code     0  daddsub_clz.o(x$fpl$dsub)
    $v0                                      0x08006798   Number         0  f2d.o(x$fpl$f2d)
    x$fpl$f2d                                0x08006798   Section       86  f2d.o(x$fpl$f2d)
    $v0                                      0x080067ee   Number         0  dcmp.o(x$fpl$fcmp)
    x$fpl$fcmp                               0x080067ee   Section       84  dcmp.o(x$fpl$fcmp)
    $v0                                      0x08006842   Number         0  fnaninf.o(x$fpl$fnaninf)
    x$fpl$fnaninf                            0x08006842   Section      140  fnaninf.o(x$fpl$fnaninf)
    $v0                                      0x080068ce   Number         0  fpinit.o(x$fpl$fpinit)
    x$fpl$fpinit                             0x080068ce   Section       26  fpinit.o(x$fpl$fpinit)
    x$fpl$usenofp                            0x080068e8   Section        0  usenofp.o(x$fpl$usenofp)
    DMA_CalcBaseAndBitshift.flagBitshiftOffset 0x08006900   Data           8  stm32f4xx_hal_dma.o(.rodata.DMA_CalcBaseAndBitshift.flagBitshiftOffset)
    [Anonymous Symbol]                       0x08006900   Section        0  stm32f4xx_hal_dma.o(.rodata.DMA_CalcBaseAndBitshift.flagBitshiftOffset)
    .bss                                     0x20000010   Section       96  libspace.o(.bss)
    can_rx_data                              0x20000070   Data           8  can_app.o(.bss.can_rx_data)
    [Anonymous Symbol]                       0x20000070   Section        0  can_app.o(.bss.can_rx_data)
    can_rx_header                            0x20000078   Data          28  can_app.o(.bss.can_rx_header)
    [Anonymous Symbol]                       0x20000078   Section        0  can_app.o(.bss.can_rx_header)
    pxDelayedTaskList                        0x20000444   Data           4  tasks.o(.bss.pxDelayedTaskList)
    [Anonymous Symbol]                       0x20000444   Section        0  tasks.o(.bss.pxDelayedTaskList)
    pxOverflowDelayedTaskList                0x20000448   Data           4  tasks.o(.bss.pxOverflowDelayedTaskList)
    [Anonymous Symbol]                       0x20000448   Section        0  tasks.o(.bss.pxOverflowDelayedTaskList)
    pxReadyTasksLists                        0x2000044c   Data        1120  tasks.o(.bss.pxReadyTasksLists)
    [Anonymous Symbol]                       0x2000044c   Section        0  tasks.o(.bss.pxReadyTasksLists)
    rx_buffer                                0x200008ac   Data          64  uart_app.o(.bss.rx_buffer)
    [Anonymous Symbol]                       0x200008ac   Section        0  uart_app.o(.bss.rx_buffer)
    rx_ready                                 0x200008ec   Data           1  uart_app.o(.bss.rx_ready)
    [Anonymous Symbol]                       0x200008ec   Section        0  uart_app.o(.bss.rx_ready)
    rx_size                                  0x200008ee   Data           2  uart_app.o(.bss.rx_size)
    [Anonymous Symbol]                       0x200008ee   Section        0  uart_app.o(.bss.rx_size)
    tick_2ms_count                           0x200008f0   Data           4  main.o(.bss.tick_2ms_count)
    [Anonymous Symbol]                       0x200008f0   Section        0  main.o(.bss.tick_2ms_count)
    uxSchedulerSuspended                     0x200008f8   Data           4  tasks.o(.bss.uxSchedulerSuspended)
    [Anonymous Symbol]                       0x200008f8   Section        0  tasks.o(.bss.uxSchedulerSuspended)
    uxTopReadyPriority                       0x200008fc   Data           4  tasks.o(.bss.uxTopReadyPriority)
    [Anonymous Symbol]                       0x200008fc   Section        0  tasks.o(.bss.uxTopReadyPriority)
    xNextTaskUnblockTime                     0x20000900   Data           4  tasks.o(.bss.xNextTaskUnblockTime)
    [Anonymous Symbol]                       0x20000900   Section        0  tasks.o(.bss.xNextTaskUnblockTime)
    xNumOfOverflows                          0x20000904   Data           4  tasks.o(.bss.xNumOfOverflows)
    [Anonymous Symbol]                       0x20000904   Section        0  tasks.o(.bss.xNumOfOverflows)
    xPendedTicks                             0x20000908   Data           4  tasks.o(.bss.xPendedTicks)
    [Anonymous Symbol]                       0x20000908   Section        0  tasks.o(.bss.xPendedTicks)
    xSchedulerRunning                        0x2000090c   Data           4  tasks.o(.bss.xSchedulerRunning)
    [Anonymous Symbol]                       0x2000090c   Section        0  tasks.o(.bss.xSchedulerRunning)
    xTickCount                               0x20000910   Data           4  tasks.o(.bss.xTickCount)
    [Anonymous Symbol]                       0x20000910   Section        0  tasks.o(.bss.xTickCount)
    xYieldPending                            0x20000914   Data           4  tasks.o(.bss.xYieldPending)
    [Anonymous Symbol]                       0x20000914   Section        0  tasks.o(.bss.xYieldPending)
    Heap_Mem                                 0x20000918   Data        2048  startup_stm32f405xx.o(HEAP)
    HEAP                                     0x20000918   Section     2048  startup_stm32f405xx.o(HEAP)
    Stack_Mem                                0x20001118   Data        1024  startup_stm32f405xx.o(STACK)
    STACK                                    0x20001118   Section     1024  startup_stm32f405xx.o(STACK)
    __initial_sp                             0x20001518   Data           0  startup_stm32f405xx.o(STACK)

    Global Symbols

    Symbol Name                              Value     Ov Type        Size  Object(Section)

    BuildAttributes$$THM_ISAv4$E$P$D$K$B$S$7EM$VFPi3$EXTD16$VFPS$VFMA$PE$A:L22UL41UL21$X:L11$S22US41US21$IEEE1$IW$~IW$USESV6$~STKCKD$USESV7$~SHL$OTIME$ROPI$IEEEX$EBA8$UX$STANDARDLIB$REQ8$PRES8$EABIv2 0x00000000   Number         0  anon$$obj.o ABSOLUTE
    __ARM_exceptions_init                     - Undefined Weak Reference
    __alloca_initialize                       - Undefined Weak Reference
    __arm_preinit_                            - Undefined Weak Reference
    __arm_relocate_pie_                       - Undefined Weak Reference
    __cpp_initialize__aeabi_                  - Undefined Weak Reference
    __cxa_finalize                            - Undefined Weak Reference
    __rt_locale                               - Undefined Weak Reference
    __sigvec_lookup                           - Undefined Weak Reference
    _atexit_init                              - Undefined Weak Reference
    _call_atexit_fns                          - Undefined Weak Reference
    _clock_init                               - Undefined Weak Reference
    _fp_trap_init                             - Undefined Weak Reference
    _fp_trap_shutdown                         - Undefined Weak Reference
    _get_lc_collate                           - Undefined Weak Reference
    _get_lc_ctype                             - Undefined Weak Reference
    _get_lc_monetary                          - Undefined Weak Reference
    _get_lc_numeric                           - Undefined Weak Reference
    _get_lc_time                              - Undefined Weak Reference
    _getenv_init                              - Undefined Weak Reference
    _handle_redirection                       - Undefined Weak Reference
    _init_alloc                               - Undefined Weak Reference
    _init_user_alloc                          - Undefined Weak Reference
    _initio                                   - Undefined Weak Reference
    _rand_init                                - Undefined Weak Reference
    _signal_finish                            - Undefined Weak Reference
    _signal_init                              - Undefined Weak Reference
    _terminate_alloc                          - Undefined Weak Reference
    _terminate_user_alloc                     - Undefined Weak Reference
    _terminateio                              - Undefined Weak Reference
    __Vectors_Size                           0x00000188   Number         0  startup_stm32f405xx.o ABSOLUTE
    __Vectors                                0x08000000   Data           4  startup_stm32f405xx.o(RESET)
    __Vectors_End                            0x08000188   Data           0  startup_stm32f405xx.o(RESET)
    __main                                   0x08000189   Thumb Code     8  __main.o(!!!main)
    __scatterload                            0x08000191   Thumb Code     0  __scatter.o(!!!scatter)
    __scatterload_rt2                        0x08000191   Thumb Code    44  __scatter.o(!!!scatter)
    __scatterload_rt2_thumb_only             0x08000191   Thumb Code     0  __scatter.o(!!!scatter)
    __scatterload_null                       0x0800019f   Thumb Code     0  __scatter.o(!!!scatter)
    __scatterload_copy                       0x080001c5   Thumb Code    26  __scatter_copy.o(!!handler_copy)
    __scatterload_zeroinit                   0x080001e1   Thumb Code    28  __scatter_zi.o(!!handler_zi)
    __rt_lib_init                            0x080001fd   Thumb Code     0  libinit.o(.ARM.Collect$$libinit$$00000000)
    __rt_lib_init_fp_1                       0x080001ff   Thumb Code     0  libinit2.o(.ARM.Collect$$libinit$$00000001)
    __rt_lib_init_alloca_1                   0x08000203   Thumb Code     0  libinit2.o(.ARM.Collect$$libinit$$00000030)
    __rt_lib_init_argv_1                     0x08000203   Thumb Code     0  libinit2.o(.ARM.Collect$$libinit$$0000002E)
    __rt_lib_init_atexit_1                   0x08000203   Thumb Code     0  libinit2.o(.ARM.Collect$$libinit$$0000001D)
    __rt_lib_init_clock_1                    0x08000203   Thumb Code     0  libinit2.o(.ARM.Collect$$libinit$$00000023)
    __rt_lib_init_cpp_1                      0x08000203   Thumb Code     0  libinit2.o(.ARM.Collect$$libinit$$00000034)
    __rt_lib_init_exceptions_1               0x08000203   Thumb Code     0  libinit2.o(.ARM.Collect$$libinit$$00000032)
    __rt_lib_init_fp_trap_1                  0x08000203   Thumb Code     0  libinit2.o(.ARM.Collect$$libinit$$00000021)
    __rt_lib_init_getenv_1                   0x08000203   Thumb Code     0  libinit2.o(.ARM.Collect$$libinit$$00000025)
    __rt_lib_init_heap_1                     0x08000203   Thumb Code     0  libinit2.o(.ARM.Collect$$libinit$$0000000C)
    __rt_lib_init_lc_collate_1               0x08000203   Thumb Code     0  libinit2.o(.ARM.Collect$$libinit$$00000013)
    __rt_lib_init_lc_ctype_1                 0x08000203   Thumb Code     0  libinit2.o(.ARM.Collect$$libinit$$00000015)
    __rt_lib_init_lc_monetary_1              0x08000203   Thumb Code     0  libinit2.o(.ARM.Collect$$libinit$$00000017)
    __rt_lib_init_lc_numeric_1               0x08000203   Thumb Code     0  libinit2.o(.ARM.Collect$$libinit$$00000019)
    __rt_lib_init_lc_time_1                  0x08000203   Thumb Code     0  libinit2.o(.ARM.Collect$$libinit$$0000001B)
    __rt_lib_init_preinit_1                  0x08000203   Thumb Code     0  libinit2.o(.ARM.Collect$$libinit$$00000006)
    __rt_lib_init_rand_1                     0x08000203   Thumb Code     0  libinit2.o(.ARM.Collect$$libinit$$00000010)
    __rt_lib_init_relocate_pie_1             0x08000203   Thumb Code     0  libinit2.o(.ARM.Collect$$libinit$$00000004)
    __rt_lib_init_return                     0x08000203   Thumb Code     0  libinit2.o(.ARM.Collect$$libinit$$00000035)
    __rt_lib_init_signal_1                   0x08000203   Thumb Code     0  libinit2.o(.ARM.Collect$$libinit$$0000001F)
    __rt_lib_init_stdio_1                    0x08000203   Thumb Code     0  libinit2.o(.ARM.Collect$$libinit$$00000027)
    __rt_lib_init_user_alloc_1               0x08000203   Thumb Code     0  libinit2.o(.ARM.Collect$$libinit$$0000000E)
    __rt_lib_shutdown                        0x08000205   Thumb Code     0  libshutdown.o(.ARM.Collect$$libshutdown$$00000000)
    __rt_lib_shutdown_cpp_1                  0x08000207   Thumb Code     0  libshutdown2.o(.ARM.Collect$$libshutdown$$00000002)
    __rt_lib_shutdown_fp_trap_1              0x08000207   Thumb Code     0  libshutdown2.o(.ARM.Collect$$libshutdown$$00000007)
    __rt_lib_shutdown_heap_1                 0x08000207   Thumb Code     0  libshutdown2.o(.ARM.Collect$$libshutdown$$0000000F)
    __rt_lib_shutdown_return                 0x08000207   Thumb Code     0  libshutdown2.o(.ARM.Collect$$libshutdown$$00000010)
    __rt_lib_shutdown_signal_1               0x08000207   Thumb Code     0  libshutdown2.o(.ARM.Collect$$libshutdown$$0000000A)
    __rt_lib_shutdown_stdio_1                0x08000207   Thumb Code     0  libshutdown2.o(.ARM.Collect$$libshutdown$$00000004)
    __rt_lib_shutdown_user_alloc_1           0x08000207   Thumb Code     0  libshutdown2.o(.ARM.Collect$$libshutdown$$0000000C)
    __rt_entry                               0x08000209   Thumb Code     0  __rtentry.o(.ARM.Collect$$rtentry$$00000000)
    __rt_entry_presh_1                       0x08000209   Thumb Code     0  __rtentry2.o(.ARM.Collect$$rtentry$$00000002)
    __rt_entry_sh                            0x08000209   Thumb Code     0  __rtentry4.o(.ARM.Collect$$rtentry$$00000004)
    __rt_entry_li                            0x0800020f   Thumb Code     0  __rtentry2.o(.ARM.Collect$$rtentry$$0000000A)
    __rt_entry_postsh_1                      0x0800020f   Thumb Code     0  __rtentry2.o(.ARM.Collect$$rtentry$$00000009)
    __rt_entry_main                          0x08000213   Thumb Code     0  __rtentry2.o(.ARM.Collect$$rtentry$$0000000D)
    __rt_entry_postli_1                      0x08000213   Thumb Code     0  __rtentry2.o(.ARM.Collect$$rtentry$$0000000C)
    __rt_exit                                0x0800021b   Thumb Code     0  rtexit.o(.ARM.Collect$$rtexit$$00000000)
    __rt_exit_ls                             0x0800021d   Thumb Code     0  rtexit2.o(.ARM.Collect$$rtexit$$00000003)
    __rt_exit_prels_1                        0x0800021d   Thumb Code     0  rtexit2.o(.ARM.Collect$$rtexit$$00000002)
    __rt_exit_exit                           0x08000221   Thumb Code     0  rtexit2.o(.ARM.Collect$$rtexit$$00000004)
    Reset_Handler                            0x08000229   Thumb Code     8  startup_stm32f405xx.o(.text)
    ADC_IRQHandler                           0x08000243   Thumb Code     0  startup_stm32f405xx.o(.text)
    CAN1_SCE_IRQHandler                      0x08000243   Thumb Code     0  startup_stm32f405xx.o(.text)
    CAN1_TX_IRQHandler                       0x08000243   Thumb Code     0  startup_stm32f405xx.o(.text)
    CAN2_RX0_IRQHandler                      0x08000243   Thumb Code     0  startup_stm32f405xx.o(.text)
    CAN2_RX1_IRQHandler                      0x08000243   Thumb Code     0  startup_stm32f405xx.o(.text)
    CAN2_SCE_IRQHandler                      0x08000243   Thumb Code     0  startup_stm32f405xx.o(.text)
    CAN2_TX_IRQHandler                       0x08000243   Thumb Code     0  startup_stm32f405xx.o(.text)
    DMA1_Stream0_IRQHandler                  0x08000243   Thumb Code     0  startup_stm32f405xx.o(.text)
    DMA1_Stream1_IRQHandler                  0x08000243   Thumb Code     0  startup_stm32f405xx.o(.text)
    DMA1_Stream2_IRQHandler                  0x08000243   Thumb Code     0  startup_stm32f405xx.o(.text)
    DMA1_Stream3_IRQHandler                  0x08000243   Thumb Code     0  startup_stm32f405xx.o(.text)
    DMA1_Stream4_IRQHandler                  0x08000243   Thumb Code     0  startup_stm32f405xx.o(.text)
    DMA1_Stream5_IRQHandler                  0x08000243   Thumb Code     0  startup_stm32f405xx.o(.text)
    DMA1_Stream6_IRQHandler                  0x08000243   Thumb Code     0  startup_stm32f405xx.o(.text)
    DMA1_Stream7_IRQHandler                  0x08000243   Thumb Code     0  startup_stm32f405xx.o(.text)
    DMA2_Stream0_IRQHandler                  0x08000243   Thumb Code     0  startup_stm32f405xx.o(.text)
    DMA2_Stream1_IRQHandler                  0x08000243   Thumb Code     0  startup_stm32f405xx.o(.text)
    DMA2_Stream3_IRQHandler                  0x08000243   Thumb Code     0  startup_stm32f405xx.o(.text)
    DMA2_Stream4_IRQHandler                  0x08000243   Thumb Code     0  startup_stm32f405xx.o(.text)
    DMA2_Stream5_IRQHandler                  0x08000243   Thumb Code     0  startup_stm32f405xx.o(.text)
    DMA2_Stream6_IRQHandler                  0x08000243   Thumb Code     0  startup_stm32f405xx.o(.text)
    EXTI0_IRQHandler                         0x08000243   Thumb Code     0  startup_stm32f405xx.o(.text)
    EXTI1_IRQHandler                         0x08000243   Thumb Code     0  startup_stm32f405xx.o(.text)
    EXTI2_IRQHandler                         0x08000243   Thumb Code     0  startup_stm32f405xx.o(.text)
    EXTI3_IRQHandler                         0x08000243   Thumb Code     0  startup_stm32f405xx.o(.text)
    EXTI4_IRQHandler                         0x08000243   Thumb Code     0  startup_stm32f405xx.o(.text)
    EXTI9_5_IRQHandler                       0x08000243   Thumb Code     0  startup_stm32f405xx.o(.text)
    FLASH_IRQHandler                         0x08000243   Thumb Code     0  startup_stm32f405xx.o(.text)
    FMC_IRQHandler                           0x08000243   Thumb Code     0  startup_stm32f405xx.o(.text)
    FPU_IRQHandler                           0x08000243   Thumb Code     0  startup_stm32f405xx.o(.text)
    HASH_RNG_IRQHandler                      0x08000243   Thumb Code     0  startup_stm32f405xx.o(.text)
    I2C1_ER_IRQHandler                       0x08000243   Thumb Code     0  startup_stm32f405xx.o(.text)
    I2C1_EV_IRQHandler                       0x08000243   Thumb Code     0  startup_stm32f405xx.o(.text)
    I2C2_ER_IRQHandler                       0x08000243   Thumb Code     0  startup_stm32f405xx.o(.text)
    I2C2_EV_IRQHandler                       0x08000243   Thumb Code     0  startup_stm32f405xx.o(.text)
    I2C3_ER_IRQHandler                       0x08000243   Thumb Code     0  startup_stm32f405xx.o(.text)
    I2C3_EV_IRQHandler                       0x08000243   Thumb Code     0  startup_stm32f405xx.o(.text)
    OTG_FS_IRQHandler                        0x08000243   Thumb Code     0  startup_stm32f405xx.o(.text)
    OTG_FS_WKUP_IRQHandler                   0x08000243   Thumb Code     0  startup_stm32f405xx.o(.text)
    OTG_HS_EP1_IN_IRQHandler                 0x08000243   Thumb Code     0  startup_stm32f405xx.o(.text)
    OTG_HS_EP1_OUT_IRQHandler                0x08000243   Thumb Code     0  startup_stm32f405xx.o(.text)
    OTG_HS_IRQHandler                        0x08000243   Thumb Code     0  startup_stm32f405xx.o(.text)
    OTG_HS_WKUP_IRQHandler                   0x08000243   Thumb Code     0  startup_stm32f405xx.o(.text)
    PVD_IRQHandler                           0x08000243   Thumb Code     0  startup_stm32f405xx.o(.text)
    RCC_IRQHandler                           0x08000243   Thumb Code     0  startup_stm32f405xx.o(.text)
    RTC_Alarm_IRQHandler                     0x08000243   Thumb Code     0  startup_stm32f405xx.o(.text)
    RTC_WKUP_IRQHandler                      0x08000243   Thumb Code     0  startup_stm32f405xx.o(.text)
    SDIO_IRQHandler                          0x08000243   Thumb Code     0  startup_stm32f405xx.o(.text)
    SPI1_IRQHandler                          0x08000243   Thumb Code     0  startup_stm32f405xx.o(.text)
    SPI2_IRQHandler                          0x08000243   Thumb Code     0  startup_stm32f405xx.o(.text)
    SPI3_IRQHandler                          0x08000243   Thumb Code     0  startup_stm32f405xx.o(.text)
    TAMP_STAMP_IRQHandler                    0x08000243   Thumb Code     0  startup_stm32f405xx.o(.text)
    TIM1_BRK_TIM9_IRQHandler                 0x08000243   Thumb Code     0  startup_stm32f405xx.o(.text)
    TIM1_CC_IRQHandler                       0x08000243   Thumb Code     0  startup_stm32f405xx.o(.text)
    TIM1_TRG_COM_TIM11_IRQHandler            0x08000243   Thumb Code     0  startup_stm32f405xx.o(.text)
    TIM3_IRQHandler                          0x08000243   Thumb Code     0  startup_stm32f405xx.o(.text)
    TIM4_IRQHandler                          0x08000243   Thumb Code     0  startup_stm32f405xx.o(.text)
    TIM5_IRQHandler                          0x08000243   Thumb Code     0  startup_stm32f405xx.o(.text)
    TIM6_DAC_IRQHandler                      0x08000243   Thumb Code     0  startup_stm32f405xx.o(.text)
    TIM7_IRQHandler                          0x08000243   Thumb Code     0  startup_stm32f405xx.o(.text)
    TIM8_BRK_TIM12_IRQHandler                0x08000243   Thumb Code     0  startup_stm32f405xx.o(.text)
    TIM8_CC_IRQHandler                       0x08000243   Thumb Code     0  startup_stm32f405xx.o(.text)
    TIM8_TRG_COM_TIM14_IRQHandler            0x08000243   Thumb Code     0  startup_stm32f405xx.o(.text)
    TIM8_UP_TIM13_IRQHandler                 0x08000243   Thumb Code     0  startup_stm32f405xx.o(.text)
    UART4_IRQHandler                         0x08000243   Thumb Code     0  startup_stm32f405xx.o(.text)
    UART5_IRQHandler                         0x08000243   Thumb Code     0  startup_stm32f405xx.o(.text)
    USART2_IRQHandler                        0x08000243   Thumb Code     0  startup_stm32f405xx.o(.text)
    USART3_IRQHandler                        0x08000243   Thumb Code     0  startup_stm32f405xx.o(.text)
    USART6_IRQHandler                        0x08000243   Thumb Code     0  startup_stm32f405xx.o(.text)
    WWDG_IRQHandler                          0x08000243   Thumb Code     0  startup_stm32f405xx.o(.text)
    __user_initial_stackheap                 0x08000245   Thumb Code     0  startup_stm32f405xx.o(.text)
    __aeabi_uldivmod                         0x08000269   Thumb Code     0  lludivv7m.o(.text)
    _ll_udiv                                 0x08000269   Thumb Code   240  lludivv7m.o(.text)
    __aeabi_memclr4                          0x08000359   Thumb Code     0  rt_memclr_w.o(.text)
    __aeabi_memclr8                          0x08000359   Thumb Code     0  rt_memclr_w.o(.text)
    __rt_memclr_w                            0x08000359   Thumb Code     0  rt_memclr_w.o(.text)
    _memset_w                                0x0800035d   Thumb Code    74  rt_memclr_w.o(.text)
    __use_two_region_memory                  0x080003a7   Thumb Code     2  heapauxi.o(.text)
    __rt_heap_escrow$2region                 0x080003a9   Thumb Code     2  heapauxi.o(.text)
    __rt_heap_expand$2region                 0x080003ab   Thumb Code     2  heapauxi.o(.text)
    __user_libspace                          0x080003ad   Thumb Code     8  libspace.o(.text)
    __user_perproc_libspace                  0x080003ad   Thumb Code     0  libspace.o(.text)
    __user_perthread_libspace                0x080003ad   Thumb Code     0  libspace.o(.text)
    __user_setup_stackheap                   0x080003b5   Thumb Code    74  sys_stackheap_outer.o(.text)
    exit                                     0x080003ff   Thumb Code    18  exit.o(.text)
    _sys_exit                                0x08000411   Thumb Code     8  sys_exit.o(.text)
    __I$use$semihosting                      0x0800041d   Thumb Code     0  use_no_semi.o(.text)
    __use_no_semihosting_swi                 0x0800041d   Thumb Code     2  use_no_semi.o(.text)
    __semihosting_library_function           0x0800041f   Thumb Code     0  indicate_semi.o(.text)
    BusFault_Handler                         0x08000421   Thumb Code     4  stm32f4xx_it.o(.text.BusFault_Handler)
    CAN1_RX0_IRQHandler                      0x08000425   Thumb Code    16  stm32f4xx_it.o(.text.CAN1_RX0_IRQHandler)
    CAN1_RX1_IRQHandler                      0x08000435   Thumb Code    16  stm32f4xx_it.o(.text.CAN1_RX1_IRQHandler)
    DJI_motor_AngleCalculate                 0x08000449   Thumb Code   272  dji_motor.o(.text.DJI_motor_AngleCalculate)
    DJI_motor_CurrentTransmit                0x08000559   Thumb Code   122  dji_motor.o(.text.DJI_motor_CurrentTransmit)
    DJI_motor_Func                           0x080005d5   Thumb Code   102  dji_motor.o(.text.DJI_motor_Func)
    DJI_motor_Receive                        0x0800063d   Thumb Code   136  dji_motor.o(.text.DJI_motor_Receive)
    DJI_motor_SetMode                        0x080006c5   Thumb Code    30  dji_motor.o(.text.DJI_motor_SetMode)
    DJI_motor_Set_Speed                      0x080006e5   Thumb Code    30  dji_motor.o(.text.DJI_motor_Set_Speed)
    DJI_motor_init                           0x08000709   Thumb Code   248  dji_motor.o(.text.DJI_motor_init)
    DJmotor_CurrentMode                      0x08000801   Thumb Code    16  dji_motor.o(.text.DJmotor_CurrentMode)
    DJmotor_SpeedMode                        0x08000811   Thumb Code   130  dji_motor.o(.text.DJmotor_SpeedMode)
    DMA2_Stream2_IRQHandler                  0x08000895   Thumb Code    16  stm32f4xx_it.o(.text.DMA2_Stream2_IRQHandler)
    DMA2_Stream7_IRQHandler                  0x080008a5   Thumb Code    16  stm32f4xx_it.o(.text.DMA2_Stream7_IRQHandler)
    DebugMon_Handler                         0x08000a4d   Thumb Code     2  stm32f4xx_it.o(.text.DebugMon_Handler)
    EXTI15_10_IRQHandler                     0x08000a51   Thumb Code    12  stm32f4xx_it.o(.text.EXTI15_10_IRQHandler)
    Error_Handler                            0x08000a5d   Thumb Code     6  main.o(.text.Error_Handler)
    HAL_CAN_ActivateNotification             0x08000a65   Thumb Code    82  stm32f4xx_hal_can.o(.text.HAL_CAN_ActivateNotification)
    HAL_CAN_AddTxMessage                     0x08000ab9   Thumb Code   342  stm32f4xx_hal_can.o(.text.HAL_CAN_AddTxMessage)
    HAL_CAN_ConfigFilter                     0x08000c11   Thumb Code   414  stm32f4xx_hal_can.o(.text.HAL_CAN_ConfigFilter)
    HAL_CAN_ErrorCallback                    0x08000db1   Thumb Code     8  stm32f4xx_hal_can.o(.text.HAL_CAN_ErrorCallback)
    HAL_CAN_GetRxMessage                     0x08000db9   Thumb Code   530  stm32f4xx_hal_can.o(.text.HAL_CAN_GetRxMessage)
    HAL_CAN_IRQHandler                       0x08000fcd   Thumb Code  1010  stm32f4xx_hal_can.o(.text.HAL_CAN_IRQHandler)
    HAL_CAN_Init                             0x080013c1   Thumb Code   478  stm32f4xx_hal_can.o(.text.HAL_CAN_Init)
    HAL_CAN_MspInit                          0x080015a1   Thumb Code   184  can.o(.text.HAL_CAN_MspInit)
    HAL_CAN_RxFifo0FullCallback              0x08001659   Thumb Code     8  stm32f4xx_hal_can.o(.text.HAL_CAN_RxFifo0FullCallback)
    HAL_CAN_RxFifo0MsgPendingCallback        0x08001661   Thumb Code   162  can_app.o(.text.HAL_CAN_RxFifo0MsgPendingCallback)
    HAL_CAN_RxFifo1FullCallback              0x08001705   Thumb Code     8  stm32f4xx_hal_can.o(.text.HAL_CAN_RxFifo1FullCallback)
    HAL_CAN_RxFifo1MsgPendingCallback        0x0800170d   Thumb Code     8  stm32f4xx_hal_can.o(.text.HAL_CAN_RxFifo1MsgPendingCallback)
    HAL_CAN_SleepCallback                    0x08001715   Thumb Code     8  stm32f4xx_hal_can.o(.text.HAL_CAN_SleepCallback)
    HAL_CAN_Start                            0x0800171d   Thumb Code   138  stm32f4xx_hal_can.o(.text.HAL_CAN_Start)
    HAL_CAN_TxMailbox0AbortCallback          0x080017a9   Thumb Code     8  stm32f4xx_hal_can.o(.text.HAL_CAN_TxMailbox0AbortCallback)
    HAL_CAN_TxMailbox0CompleteCallback       0x080017b1   Thumb Code     8  stm32f4xx_hal_can.o(.text.HAL_CAN_TxMailbox0CompleteCallback)
    HAL_CAN_TxMailbox1AbortCallback          0x080017b9   Thumb Code     8  stm32f4xx_hal_can.o(.text.HAL_CAN_TxMailbox1AbortCallback)
    HAL_CAN_TxMailbox1CompleteCallback       0x080017c1   Thumb Code     8  stm32f4xx_hal_can.o(.text.HAL_CAN_TxMailbox1CompleteCallback)
    HAL_CAN_TxMailbox2AbortCallback          0x080017c9   Thumb Code     8  stm32f4xx_hal_can.o(.text.HAL_CAN_TxMailbox2AbortCallback)
    HAL_CAN_TxMailbox2CompleteCallback       0x080017d1   Thumb Code     8  stm32f4xx_hal_can.o(.text.HAL_CAN_TxMailbox2CompleteCallback)
    HAL_CAN_WakeUpFromRxMsgCallback          0x080017d9   Thumb Code     8  stm32f4xx_hal_can.o(.text.HAL_CAN_WakeUpFromRxMsgCallback)
    HAL_DMA_Abort                            0x080017e1   Thumb Code   236  stm32f4xx_hal_dma.o(.text.HAL_DMA_Abort)
    HAL_DMA_Abort_IT                         0x080018cd   Thumb Code    68  stm32f4xx_hal_dma.o(.text.HAL_DMA_Abort_IT)
    HAL_DMA_IRQHandler                       0x08001911   Thumb Code   798  stm32f4xx_hal_dma.o(.text.HAL_DMA_IRQHandler)
    HAL_DMA_Init                             0x08001c31   Thumb Code   366  stm32f4xx_hal_dma.o(.text.HAL_DMA_Init)
    HAL_DMA_Start_IT                         0x08001da1   Thumb Code   194  stm32f4xx_hal_dma.o(.text.HAL_DMA_Start_IT)
    HAL_GPIO_EXTI_Callback                   0x08001e65   Thumb Code    10  stm32f4xx_hal_gpio.o(.text.HAL_GPIO_EXTI_Callback)
    HAL_GPIO_EXTI_IRQHandler                 0x08001e71   Thumb Code    56  stm32f4xx_hal_gpio.o(.text.HAL_GPIO_EXTI_IRQHandler)
    HAL_GPIO_Init                            0x08001ea9   Thumb Code   950  stm32f4xx_hal_gpio.o(.text.HAL_GPIO_Init)
    HAL_GPIO_WritePin                        0x08002261   Thumb Code    46  stm32f4xx_hal_gpio.o(.text.HAL_GPIO_WritePin)
    HAL_GetTick                              0x08002291   Thumb Code    12  stm32f4xx_hal.o(.text.HAL_GetTick)
    HAL_IncTick                              0x0800229d   Thumb Code    26  stm32f4xx_hal.o(.text.HAL_IncTick)
    HAL_Init                                 0x080022b9   Thumb Code    54  stm32f4xx_hal.o(.text.HAL_Init)
    HAL_InitTick                             0x080022f1   Thumb Code   218  stm32f4xx_hal_timebase_tim.o(.text.HAL_InitTick)
    HAL_MspInit                              0x080023cd   Thumb Code    88  stm32f4xx_hal_msp.o(.text.HAL_MspInit)
    HAL_NVIC_EnableIRQ                       0x08002425   Thumb Code    20  stm32f4xx_hal_cortex.o(.text.HAL_NVIC_EnableIRQ)
    HAL_NVIC_SetPriority                     0x08002439   Thumb Code    50  stm32f4xx_hal_cortex.o(.text.HAL_NVIC_SetPriority)
    HAL_NVIC_SetPriorityGrouping             0x0800246d   Thumb Code    16  stm32f4xx_hal_cortex.o(.text.HAL_NVIC_SetPriorityGrouping)
    HAL_RCC_ClockConfig                      0x0800247d   Thumb Code   610  stm32f4xx_hal_rcc.o(.text.HAL_RCC_ClockConfig)
    HAL_RCC_GetClockConfig                   0x080026e1   Thumb Code    84  stm32f4xx_hal_rcc.o(.text.HAL_RCC_GetClockConfig)
    HAL_RCC_GetHCLKFreq                      0x08002735   Thumb Code    12  stm32f4xx_hal_rcc.o(.text.HAL_RCC_GetHCLKFreq)
    HAL_RCC_GetPCLK1Freq                     0x08002741   Thumb Code    34  stm32f4xx_hal_rcc.o(.text.HAL_RCC_GetPCLK1Freq)
    HAL_RCC_GetPCLK2Freq                     0x08002765   Thumb Code    34  stm32f4xx_hal_rcc.o(.text.HAL_RCC_GetPCLK2Freq)
    HAL_RCC_GetSysClockFreq                  0x08002789   Thumb Code   230  stm32f4xx_hal_rcc.o(.text.HAL_RCC_GetSysClockFreq)
    HAL_RCC_OscConfig                        0x08002871   Thumb Code  1726  stm32f4xx_hal_rcc.o(.text.HAL_RCC_OscConfig)
    HAL_TIMEx_BreakCallback                  0x08002f31   Thumb Code     8  stm32f4xx_hal_tim_ex.o(.text.HAL_TIMEx_BreakCallback)
    HAL_TIMEx_CommutCallback                 0x08002f39   Thumb Code     8  stm32f4xx_hal_tim_ex.o(.text.HAL_TIMEx_CommutCallback)
    HAL_TIMEx_MasterConfigSynchronization    0x08002f41   Thumb Code   290  stm32f4xx_hal_tim_ex.o(.text.HAL_TIMEx_MasterConfigSynchronization)
    HAL_TIM_Base_Init                        0x08003065   Thumb Code   156  stm32f4xx_hal_tim.o(.text.HAL_TIM_Base_Init)
    HAL_TIM_Base_MspInit                     0x08003101   Thumb Code   132  tim.o(.text.HAL_TIM_Base_MspInit)
    HAL_TIM_Base_Start_IT                    0x08003185   Thumb Code   246  stm32f4xx_hal_tim.o(.text.HAL_TIM_Base_Start_IT)
    HAL_TIM_ConfigClockSource                0x0800327d   Thumb Code   388  stm32f4xx_hal_tim.o(.text.HAL_TIM_ConfigClockSource)
    HAL_TIM_IC_CaptureCallback               0x08003401   Thumb Code     8  stm32f4xx_hal_tim.o(.text.HAL_TIM_IC_CaptureCallback)
    HAL_TIM_IRQHandler                       0x08003409   Thumb Code   538  stm32f4xx_hal_tim.o(.text.HAL_TIM_IRQHandler)
    HAL_TIM_MspPostInit                      0x08003625   Thumb Code   104  tim.o(.text.HAL_TIM_MspPostInit)
    HAL_TIM_OC_DelayElapsedCallback          0x0800368d   Thumb Code     8  stm32f4xx_hal_tim.o(.text.HAL_TIM_OC_DelayElapsedCallback)
    HAL_TIM_PWM_ConfigChannel                0x08003695   Thumb Code   322  stm32f4xx_hal_tim.o(.text.HAL_TIM_PWM_ConfigChannel)
    HAL_TIM_PWM_Init                         0x080037d9   Thumb Code   156  stm32f4xx_hal_tim.o(.text.HAL_TIM_PWM_Init)
    HAL_TIM_PWM_MspInit                      0x08003875   Thumb Code     8  stm32f4xx_hal_tim.o(.text.HAL_TIM_PWM_MspInit)
    HAL_TIM_PWM_PulseFinishedCallback        0x0800387d   Thumb Code     8  stm32f4xx_hal_tim.o(.text.HAL_TIM_PWM_PulseFinishedCallback)
    HAL_TIM_PWM_Start                        0x08003885   Thumb Code   458  stm32f4xx_hal_tim.o(.text.HAL_TIM_PWM_Start)
    HAL_TIM_PeriodElapsedCallback            0x08003a51   Thumb Code    60  main.o(.text.HAL_TIM_PeriodElapsedCallback)
    HAL_TIM_TriggerCallback                  0x08003a8d   Thumb Code     8  stm32f4xx_hal_tim.o(.text.HAL_TIM_TriggerCallback)
    HAL_UARTEx_ReceiveToIdle_DMA             0x08003a95   Thumb Code   184  stm32f4xx_hal_uart.o(.text.HAL_UARTEx_ReceiveToIdle_DMA)
    HAL_UARTEx_RxEventCallback               0x08003b4d   Thumb Code    82  uart_app.o(.text.HAL_UARTEx_RxEventCallback)
    HAL_UART_ErrorCallback                   0x08003ba1   Thumb Code     8  stm32f4xx_hal_uart.o(.text.HAL_UART_ErrorCallback)
    HAL_UART_IRQHandler                      0x08003ba9   Thumb Code  1116  stm32f4xx_hal_uart.o(.text.HAL_UART_IRQHandler)
    HAL_UART_Init                            0x08004005   Thumb Code   158  stm32f4xx_hal_uart.o(.text.HAL_UART_Init)
    HAL_UART_MspInit                         0x080040a5   Thumb Code   384  usart.o(.text.HAL_UART_MspInit)
    HAL_UART_RxCpltCallback                  0x08004225   Thumb Code     8  stm32f4xx_hal_uart.o(.text.HAL_UART_RxCpltCallback)
    HAL_UART_RxHalfCpltCallback              0x0800422d   Thumb Code     8  stm32f4xx_hal_uart.o(.text.HAL_UART_RxHalfCpltCallback)
    HAL_UART_TxCpltCallback                  0x08004235   Thumb Code     8  stm32f4xx_hal_uart.o(.text.HAL_UART_TxCpltCallback)
    HardFault_Handler                        0x0800423d   Thumb Code     4  stm32f4xx_it.o(.text.HardFault_Handler)
    MX_CAN1_Init                             0x08004241   Thumb Code    78  can.o(.text.MX_CAN1_Init)
    MX_DMA_Init                              0x08004291   Thumb Code    82  dma.o(.text.MX_DMA_Init)
    MX_GPIO_Init                             0x080042e5   Thumb Code   220  gpio.o(.text.MX_GPIO_Init)
    MX_TIM2_Init                             0x080043c1   Thumb Code   150  tim.o(.text.MX_TIM2_Init)
    MX_TIM3_Init                             0x08004459   Thumb Code   262  tim.o(.text.MX_TIM3_Init)
    MX_USART1_UART_Init                      0x08004561   Thumb Code    64  usart.o(.text.MX_USART1_UART_Init)
    MemManage_Handler                        0x080045a1   Thumb Code     4  stm32f4xx_it.o(.text.MemManage_Handler)
    NMI_Handler                              0x080045a5   Thumb Code     4  stm32f4xx_it.o(.text.NMI_Handler)
    PID_Caculate                             0x08004615   Thumb Code   554  pid.o(.text.PID_Caculate)
    PID_Init                                 0x08004841   Thumb Code    92  pid.o(.text.PID_Init)
    PendSV_Handler                           0x080048a1   Thumb Code   100  port.o(.text.PendSV_Handler)
    SVC_Handler                              0x08004911   Thumb Code    36  port.o(.text.SVC_Handler)
    SysTick_Handler                          0x08004935   Thumb Code    30  cmsis_os2.o(.text.SysTick_Handler)
    SystemClock_Config                       0x08004955   Thumb Code   190  main.o(.text.SystemClock_Config)
    SystemInit                               0x08004a15   Thumb Code    18  system_stm32f4xx.o(.text.SystemInit)
    TIM1_UP_TIM10_IRQHandler                 0x08004a29   Thumb Code    16  stm32f4xx_it.o(.text.TIM1_UP_TIM10_IRQHandler)
    TIM2_IRQHandler                          0x08004a39   Thumb Code    16  stm32f4xx_it.o(.text.TIM2_IRQHandler)
    TIM_Base_SetConfig                       0x08004a49   Thumb Code   420  stm32f4xx_hal_tim.o(.text.TIM_Base_SetConfig)
    TIM_CCxChannelCmd                        0x08004bed   Thumb Code    54  stm32f4xx_hal_tim.o(.text.TIM_CCxChannelCmd)
    TIM_ETR_SetConfig                        0x08004c25   Thumb Code    52  stm32f4xx_hal_tim.o(.text.TIM_ETR_SetConfig)
    TIM_OC2_SetConfig                        0x08004d71   Thumb Code   244  stm32f4xx_hal_tim.o(.text.TIM_OC2_SetConfig)
    UART_Start_Receive_DMA                   0x080055f9   Thumb Code   304  stm32f4xx_hal_uart.o(.text.UART_Start_Receive_DMA)
    USART1_IRQHandler                        0x080057bd   Thumb Code    16  stm32f4xx_it.o(.text.USART1_IRQHandler)
    UsageFault_Handler                       0x080057cd   Thumb Code     4  stm32f4xx_it.o(.text.UsageFault_Handler)
    can_app_init                             0x08005891   Thumb Code   130  can_app.o(.text.can_app_init)
    main                                     0x08005915   Thumb Code   120  main.o(.text.main)
    uart_app_init                            0x080059d5   Thumb Code    48  uart_app.o(.text.uart_app_init)
    uxListRemove                             0x08005a05   Thumb Code    72  list.o(.text.uxListRemove)
    vListInsertEnd                           0x08005a4d   Thumb Code    58  list.o(.text.vListInsertEnd)
    vTaskSwitchContext                       0x08005a89   Thumb Code   198  tasks.o(.text.vTaskSwitchContext)
    xPortSysTickHandler                      0x08005b51   Thumb Code    60  port.o(.text.xPortSysTickHandler)
    xTaskGetSchedulerState                   0x08005b8d   Thumb Code    56  tasks.o(.text.xTaskGetSchedulerState)
    xTaskIncrementTick                       0x08005bc5   Thumb Code   452  tasks.o(.text.xTaskIncrementTick)
    __aeabi_dadd                             0x08005d89   Thumb Code     0  daddsub_clz.o(x$fpl$dadd)
    _dadd                                    0x08005d89   Thumb Code   332  daddsub_clz.o(x$fpl$dadd)
    __fpl_dcmp_Inf                           0x08005ed9   Thumb Code    24  dcmpi.o(x$fpl$dcmpinf)
    __aeabi_ddiv                             0x08005ef1   Thumb Code     0  ddiv.o(x$fpl$ddiv)
    _ddiv                                    0x08005ef1   Thumb Code   556  ddiv.o(x$fpl$ddiv)
    __aeabi_cdcmpeq                          0x080061a5   Thumb Code     0  deqf.o(x$fpl$deqf)
    _dcmpeq                                  0x080061a5   Thumb Code   120  deqf.o(x$fpl$deqf)
    __aeabi_d2iz                             0x0800621d   Thumb Code     0  dfix.o(x$fpl$dfix)
    _dfix                                    0x0800621d   Thumb Code    94  dfix.o(x$fpl$dfix)
    __aeabi_i2d                              0x0800627b   Thumb Code     0  dflt_clz.o(x$fpl$dflt)
    _dflt                                    0x0800627b   Thumb Code    46  dflt_clz.o(x$fpl$dflt)
    __aeabi_ui2d                             0x080062a9   Thumb Code     0  dflt_clz.o(x$fpl$dfltu)
    _dfltu                                   0x080062a9   Thumb Code    38  dflt_clz.o(x$fpl$dfltu)
    __aeabi_cdcmpge                          0x080062d1   Thumb Code     0  dgeqf.o(x$fpl$dgeqf)
    _dcmpge                                  0x080062d1   Thumb Code   120  dgeqf.o(x$fpl$dgeqf)
    __aeabi_cdcmple                          0x08006349   Thumb Code     0  dleqf.o(x$fpl$dleqf)
    _dcmple                                  0x08006349   Thumb Code   120  dleqf.o(x$fpl$dleqf)
    __fpl_dcmple_InfNaN                      0x080063ab   Thumb Code     0  dleqf.o(x$fpl$dleqf)
    __aeabi_dmul                             0x080063c1   Thumb Code     0  dmul.o(x$fpl$dmul)
    _dmul                                    0x080063c1   Thumb Code   332  dmul.o(x$fpl$dmul)
    __fpl_dnaninf                            0x08006515   Thumb Code   156  dnaninf.o(x$fpl$dnaninf)
    __fpl_dretinf                            0x080065b1   Thumb Code    12  dretinf.o(x$fpl$dretinf)
    __aeabi_dsub                             0x080065bd   Thumb Code     0  daddsub_clz.o(x$fpl$dsub)
    _dsub                                    0x080065bd   Thumb Code   472  daddsub_clz.o(x$fpl$dsub)
    __aeabi_f2d                              0x08006799   Thumb Code     0  f2d.o(x$fpl$f2d)
    _f2d                                     0x08006799   Thumb Code    86  f2d.o(x$fpl$f2d)
    __aeabi_dcmpeq                           0x080067ef   Thumb Code     0  dcmp.o(x$fpl$fcmp)
    _deq                                     0x080067ef   Thumb Code    14  dcmp.o(x$fpl$fcmp)
    _dneq                                    0x080067fd   Thumb Code    14  dcmp.o(x$fpl$fcmp)
    __aeabi_dcmpgt                           0x0800680b   Thumb Code     0  dcmp.o(x$fpl$fcmp)
    _dgr                                     0x0800680b   Thumb Code    14  dcmp.o(x$fpl$fcmp)
    __aeabi_dcmpge                           0x08006819   Thumb Code     0  dcmp.o(x$fpl$fcmp)
    _dgeq                                    0x08006819   Thumb Code    14  dcmp.o(x$fpl$fcmp)
    __aeabi_dcmple                           0x08006827   Thumb Code     0  dcmp.o(x$fpl$fcmp)
    _dleq                                    0x08006827   Thumb Code    14  dcmp.o(x$fpl$fcmp)
    __aeabi_dcmplt                           0x08006835   Thumb Code     0  dcmp.o(x$fpl$fcmp)
    _dls                                     0x08006835   Thumb Code    14  dcmp.o(x$fpl$fcmp)
    __fpl_fnaninf                            0x08006843   Thumb Code   140  fnaninf.o(x$fpl$fnaninf)
    _fp_init                                 0x080068cf   Thumb Code    26  fpinit.o(x$fpl$fpinit)
    __fplib_config_fpu_vfp                   0x080068e7   Thumb Code     0  fpinit.o(x$fpl$fpinit)
    __fplib_config_pureend_doubles           0x080068e7   Thumb Code     0  fpinit.o(x$fpl$fpinit)
    AHBPrescTable                            0x080068e8   Data          16  system_stm32f4xx.o(.rodata.AHBPrescTable)
    __I$use$fp                               0x080068e8   Number         0  usenofp.o(x$fpl$usenofp)
    APBPrescTable                            0x080068f8   Data           8  system_stm32f4xx.o(.rodata.APBPrescTable)
    Region$$Table$$Base                      0x08006908   Number         0  anon$$obj.o(Region$$Table)
    Region$$Table$$Limit                     0x08006928   Number         0  anon$$obj.o(Region$$Table)
    SystemCoreClock                          0x20000000   Data           4  system_stm32f4xx.o(.data.SystemCoreClock)
    uwTickFreq                               0x20000004   Data           1  stm32f4xx_hal.o(.data.uwTickFreq)
    uwTickPrio                               0x20000008   Data           4  stm32f4xx_hal.o(.data.uwTickPrio)
    __libspace_start                         0x20000010   Data          96  libspace.o(.bss)
    __temporary_stack_top$libspace           0x20000070   Data           0  libspace.o(.bss)
    dji_motor                                0x20000098   Data         416  dji_motor.o(.bss.dji_motor)
    hcan1                                    0x20000238   Data          40  can.o(.bss.hcan1)
    hdma_usart1_rx                           0x20000260   Data          96  usart.o(.bss.hdma_usart1_rx)
    hdma_usart1_tx                           0x200002c0   Data          96  usart.o(.bss.hdma_usart1_tx)
    htim1                                    0x20000320   Data          72  stm32f4xx_hal_timebase_tim.o(.bss.htim1)
    htim2                                    0x20000368   Data          72  tim.o(.bss.htim2)
    htim3                                    0x200003b0   Data          72  tim.o(.bss.htim3)
    huart1                                   0x200003f8   Data          72  usart.o(.bss.huart1)
    pxCurrentTCB                             0x20000440   Data           4  tasks.o(.bss.pxCurrentTCB)
    uwTick                                   0x200008f4   Data           4  stm32f4xx_hal.o(.bss.uwTick)



==============================================================================

Memory Map of the image

  Image Entry point : 0x08000189

  Load Region LR_IROM1 (Base: 0x08000000, Size: 0x00006938, Max: 0x00100000, ABSOLUTE)

    Execution Region ER_IROM1 (Exec base: 0x08000000, Load base: 0x08000000, Size: 0x00006928, Max: 0x00100000, ABSOLUTE)

    Exec Addr    Load Addr    Size         Type   Attr      Idx    E Section Name        Object

    0x08000000   0x08000000   0x00000188   Data   RO            3    RESET               startup_stm32f405xx.o
    0x08000188   0x08000188   0x00000008   Code   RO         1978  * !!!main             c_w.l(__main.o)
    0x08000190   0x08000190   0x00000034   Code   RO         2228    !!!scatter          c_w.l(__scatter.o)
    0x080001c4   0x080001c4   0x0000001a   Code   RO         2230    !!handler_copy      c_w.l(__scatter_copy.o)
    0x080001de   0x080001de   0x00000002   PAD
    0x080001e0   0x080001e0   0x0000001c   Code   RO         2232    !!handler_zi        c_w.l(__scatter_zi.o)
    0x080001fc   0x080001fc   0x00000002   Code   RO         2093    .ARM.Collect$$libinit$$00000000  c_w.l(libinit.o)
    0x080001fe   0x080001fe   0x00000004   Code   RO         2102    .ARM.Collect$$libinit$$00000001  c_w.l(libinit2.o)
    0x08000202   0x08000202   0x00000000   Code   RO         2105    .ARM.Collect$$libinit$$00000004  c_w.l(libinit2.o)
    0x08000202   0x08000202   0x00000000   Code   RO         2107    .ARM.Collect$$libinit$$00000006  c_w.l(libinit2.o)
    0x08000202   0x08000202   0x00000000   Code   RO         2110    .ARM.Collect$$libinit$$0000000C  c_w.l(libinit2.o)
    0x08000202   0x08000202   0x00000000   Code   RO         2112    .ARM.Collect$$libinit$$0000000E  c_w.l(libinit2.o)
    0x08000202   0x08000202   0x00000000   Code   RO         2114    .ARM.Collect$$libinit$$00000010  c_w.l(libinit2.o)
    0x08000202   0x08000202   0x00000000   Code   RO         2117    .ARM.Collect$$libinit$$00000013  c_w.l(libinit2.o)
    0x08000202   0x08000202   0x00000000   Code   RO         2119    .ARM.Collect$$libinit$$00000015  c_w.l(libinit2.o)
    0x08000202   0x08000202   0x00000000   Code   RO         2121    .ARM.Collect$$libinit$$00000017  c_w.l(libinit2.o)
    0x08000202   0x08000202   0x00000000   Code   RO         2123    .ARM.Collect$$libinit$$00000019  c_w.l(libinit2.o)
    0x08000202   0x08000202   0x00000000   Code   RO         2125    .ARM.Collect$$libinit$$0000001B  c_w.l(libinit2.o)
    0x08000202   0x08000202   0x00000000   Code   RO         2127    .ARM.Collect$$libinit$$0000001D  c_w.l(libinit2.o)
    0x08000202   0x08000202   0x00000000   Code   RO         2129    .ARM.Collect$$libinit$$0000001F  c_w.l(libinit2.o)
    0x08000202   0x08000202   0x00000000   Code   RO         2131    .ARM.Collect$$libinit$$00000021  c_w.l(libinit2.o)
    0x08000202   0x08000202   0x00000000   Code   RO         2133    .ARM.Collect$$libinit$$00000023  c_w.l(libinit2.o)
    0x08000202   0x08000202   0x00000000   Code   RO         2135    .ARM.Collect$$libinit$$00000025  c_w.l(libinit2.o)
    0x08000202   0x08000202   0x00000000   Code   RO         2137    .ARM.Collect$$libinit$$00000027  c_w.l(libinit2.o)
    0x08000202   0x08000202   0x00000000   Code   RO         2141    .ARM.Collect$$libinit$$0000002E  c_w.l(libinit2.o)
    0x08000202   0x08000202   0x00000000   Code   RO         2143    .ARM.Collect$$libinit$$00000030  c_w.l(libinit2.o)
    0x08000202   0x08000202   0x00000000   Code   RO         2145    .ARM.Collect$$libinit$$00000032  c_w.l(libinit2.o)
    0x08000202   0x08000202   0x00000000   Code   RO         2147    .ARM.Collect$$libinit$$00000034  c_w.l(libinit2.o)
    0x08000202   0x08000202   0x00000002   Code   RO         2148    .ARM.Collect$$libinit$$00000035  c_w.l(libinit2.o)
    0x08000204   0x08000204   0x00000002   Code   RO         2183    .ARM.Collect$$libshutdown$$00000000  c_w.l(libshutdown.o)
    0x08000206   0x08000206   0x00000000   Code   RO         2211    .ARM.Collect$$libshutdown$$00000002  c_w.l(libshutdown2.o)
    0x08000206   0x08000206   0x00000000   Code   RO         2213    .ARM.Collect$$libshutdown$$00000004  c_w.l(libshutdown2.o)
    0x08000206   0x08000206   0x00000000   Code   RO         2216    .ARM.Collect$$libshutdown$$00000007  c_w.l(libshutdown2.o)
    0x08000206   0x08000206   0x00000000   Code   RO         2219    .ARM.Collect$$libshutdown$$0000000A  c_w.l(libshutdown2.o)
    0x08000206   0x08000206   0x00000000   Code   RO         2221    .ARM.Collect$$libshutdown$$0000000C  c_w.l(libshutdown2.o)
    0x08000206   0x08000206   0x00000000   Code   RO         2224    .ARM.Collect$$libshutdown$$0000000F  c_w.l(libshutdown2.o)
    0x08000206   0x08000206   0x00000002   Code   RO         2225    .ARM.Collect$$libshutdown$$00000010  c_w.l(libshutdown2.o)
    0x08000208   0x08000208   0x00000000   Code   RO         2012    .ARM.Collect$$rtentry$$00000000  c_w.l(__rtentry.o)
    0x08000208   0x08000208   0x00000000   Code   RO         2054    .ARM.Collect$$rtentry$$00000002  c_w.l(__rtentry2.o)
    0x08000208   0x08000208   0x00000006   Code   RO         2066    .ARM.Collect$$rtentry$$00000004  c_w.l(__rtentry4.o)
    0x0800020e   0x0800020e   0x00000000   Code   RO         2056    .ARM.Collect$$rtentry$$00000009  c_w.l(__rtentry2.o)
    0x0800020e   0x0800020e   0x00000004   Code   RO         2057    .ARM.Collect$$rtentry$$0000000A  c_w.l(__rtentry2.o)
    0x08000212   0x08000212   0x00000000   Code   RO         2059    .ARM.Collect$$rtentry$$0000000C  c_w.l(__rtentry2.o)
    0x08000212   0x08000212   0x00000008   Code   RO         2060    .ARM.Collect$$rtentry$$0000000D  c_w.l(__rtentry2.o)
    0x0800021a   0x0800021a   0x00000002   Code   RO         2094    .ARM.Collect$$rtexit$$00000000  c_w.l(rtexit.o)
    0x0800021c   0x0800021c   0x00000000   Code   RO         2154    .ARM.Collect$$rtexit$$00000002  c_w.l(rtexit2.o)
    0x0800021c   0x0800021c   0x00000004   Code   RO         2155    .ARM.Collect$$rtexit$$00000003  c_w.l(rtexit2.o)
    0x08000220   0x08000220   0x00000006   Code   RO         2156    .ARM.Collect$$rtexit$$00000004  c_w.l(rtexit2.o)
    0x08000226   0x08000226   0x00000002   PAD
    0x08000228   0x08000228   0x00000040   Code   RO            4    .text               startup_stm32f405xx.o
    0x08000268   0x08000268   0x000000f0   Code   RO         1964    .text               c_w.l(lludivv7m.o)
    0x08000358   0x08000358   0x0000004e   Code   RO         1974    .text               c_w.l(rt_memclr_w.o)
    0x080003a6   0x080003a6   0x00000006   Code   RO         1976    .text               c_w.l(heapauxi.o)
    0x080003ac   0x080003ac   0x00000008   Code   RO         2077    .text               c_w.l(libspace.o)
    0x080003b4   0x080003b4   0x0000004a   Code   RO         2080    .text               c_w.l(sys_stackheap_outer.o)
    0x080003fe   0x080003fe   0x00000012   Code   RO         2082    .text               c_w.l(exit.o)
    0x08000410   0x08000410   0x0000000c   Code   RO         2149    .text               c_w.l(sys_exit.o)
    0x0800041c   0x0800041c   0x00000002   Code   RO         2172    .text               c_w.l(use_no_semi.o)
    0x0800041e   0x0800041e   0x00000000   Code   RO         2174    .text               c_w.l(indicate_semi.o)
    0x0800041e   0x0800041e   0x00000002   PAD
    0x08000420   0x08000420   0x00000004   Code   RO          117    .text.BusFault_Handler  stm32f4xx_it.o
    0x08000424   0x08000424   0x00000010   Code   RO          123    .text.CAN1_RX0_IRQHandler  stm32f4xx_it.o
    0x08000434   0x08000434   0x00000010   Code   RO          125    .text.CAN1_RX1_IRQHandler  stm32f4xx_it.o
    0x08000444   0x08000444   0x00000004   PAD
    0x08000448   0x08000448   0x00000110   Code   RO         1208    .text.DJI_motor_AngleCalculate  dji_motor.o
    0x08000558   0x08000558   0x0000007a   Code   RO         1218    .text.DJI_motor_CurrentTransmit  dji_motor.o
    0x080005d2   0x080005d2   0x00000002   PAD
    0x080005d4   0x080005d4   0x00000066   Code   RO         1212    .text.DJI_motor_Func  dji_motor.o
    0x0800063a   0x0800063a   0x00000002   PAD
    0x0800063c   0x0800063c   0x00000088   Code   RO         1210    .text.DJI_motor_Receive  dji_motor.o
    0x080006c4   0x080006c4   0x0000001e   Code   RO         1220    .text.DJI_motor_SetMode  dji_motor.o
    0x080006e2   0x080006e2   0x00000002   PAD
    0x080006e4   0x080006e4   0x0000001e   Code   RO         1222    .text.DJI_motor_Set_Speed  dji_motor.o
    0x08000702   0x08000702   0x00000006   PAD
    0x08000708   0x08000708   0x000000f8   Code   RO         1206    .text.DJI_motor_init  dji_motor.o
    0x08000800   0x08000800   0x00000010   Code   RO         1216    .text.DJmotor_CurrentMode  dji_motor.o
    0x08000810   0x08000810   0x00000082   Code   RO         1214    .text.DJmotor_SpeedMode  dji_motor.o
    0x08000892   0x08000892   0x00000002   PAD
    0x08000894   0x08000894   0x00000010   Code   RO          135    .text.DMA2_Stream2_IRQHandler  stm32f4xx_it.o
    0x080008a4   0x080008a4   0x00000010   Code   RO          137    .text.DMA2_Stream7_IRQHandler  stm32f4xx_it.o
    0x080008b4   0x080008b4   0x00000056   Code   RO          761    .text.DMA_CalcBaseAndBitshift  stm32f4xx_hal_dma.o
    0x0800090a   0x0800090a   0x00000002   PAD
    0x0800090c   0x0800090c   0x000000f0   Code   RO          759    .text.DMA_CheckFifoParam  stm32f4xx_hal_dma.o
    0x080009fc   0x080009fc   0x00000050   Code   RO          767    .text.DMA_SetConfig  stm32f4xx_hal_dma.o
    0x08000a4c   0x08000a4c   0x00000002   Code   RO          121    .text.DebugMon_Handler  stm32f4xx_it.o
    0x08000a4e   0x08000a4e   0x00000002   PAD
    0x08000a50   0x08000a50   0x0000000c   Code   RO          133    .text.EXTI15_10_IRQHandler  stm32f4xx_it.o
    0x08000a5c   0x08000a5c   0x00000006   Code   RO           15    .text.Error_Handler  main.o
    0x08000a62   0x08000a62   0x00000002   PAD
    0x08000a64   0x08000a64   0x00000052   Code   RO          538    .text.HAL_CAN_ActivateNotification  stm32f4xx_hal_can.o
    0x08000ab6   0x08000ab6   0x00000002   PAD
    0x08000ab8   0x08000ab8   0x00000156   Code   RO          524    .text.HAL_CAN_AddTxMessage  stm32f4xx_hal_can.o
    0x08000c0e   0x08000c0e   0x00000002   PAD
    0x08000c10   0x08000c10   0x0000019e   Code   RO          514    .text.HAL_CAN_ConfigFilter  stm32f4xx_hal_can.o
    0x08000dae   0x08000dae   0x00000002   PAD
    0x08000db0   0x08000db0   0x00000008   Code   RO          568    .text.HAL_CAN_ErrorCallback  stm32f4xx_hal_can.o
    0x08000db8   0x08000db8   0x00000212   Code   RO          534    .text.HAL_CAN_GetRxMessage  stm32f4xx_hal_can.o
    0x08000fca   0x08000fca   0x00000002   PAD
    0x08000fcc   0x08000fcc   0x000003f2   Code   RO          542    .text.HAL_CAN_IRQHandler  stm32f4xx_hal_can.o
    0x080013be   0x080013be   0x00000002   PAD
    0x080013c0   0x080013c0   0x000001de   Code   RO          504    .text.HAL_CAN_Init  stm32f4xx_hal_can.o
    0x0800159e   0x0800159e   0x00000002   PAD
    0x080015a0   0x080015a0   0x000000b8   Code   RO           56    .text.HAL_CAN_MspInit  can.o
    0x08001658   0x08001658   0x00000008   Code   RO          556    .text.HAL_CAN_RxFifo0FullCallback  stm32f4xx_hal_can.o
    0x08001660   0x08001660   0x000000a2   Code   RO         1262    .text.HAL_CAN_RxFifo0MsgPendingCallback  can_app.o
    0x08001702   0x08001702   0x00000002   PAD
    0x08001704   0x08001704   0x00000008   Code   RO          560    .text.HAL_CAN_RxFifo1FullCallback  stm32f4xx_hal_can.o
    0x0800170c   0x0800170c   0x00000008   Code   RO          562    .text.HAL_CAN_RxFifo1MsgPendingCallback  stm32f4xx_hal_can.o
    0x08001714   0x08001714   0x00000008   Code   RO          564    .text.HAL_CAN_SleepCallback  stm32f4xx_hal_can.o
    0x0800171c   0x0800171c   0x0000008a   Code   RO          516    .text.HAL_CAN_Start  stm32f4xx_hal_can.o
    0x080017a6   0x080017a6   0x00000002   PAD
    0x080017a8   0x080017a8   0x00000008   Code   RO          546    .text.HAL_CAN_TxMailbox0AbortCallback  stm32f4xx_hal_can.o
    0x080017b0   0x080017b0   0x00000008   Code   RO          544    .text.HAL_CAN_TxMailbox0CompleteCallback  stm32f4xx_hal_can.o
    0x080017b8   0x080017b8   0x00000008   Code   RO          550    .text.HAL_CAN_TxMailbox1AbortCallback  stm32f4xx_hal_can.o
    0x080017c0   0x080017c0   0x00000008   Code   RO          548    .text.HAL_CAN_TxMailbox1CompleteCallback  stm32f4xx_hal_can.o
    0x080017c8   0x080017c8   0x00000008   Code   RO          554    .text.HAL_CAN_TxMailbox2AbortCallback  stm32f4xx_hal_can.o
    0x080017d0   0x080017d0   0x00000008   Code   RO          552    .text.HAL_CAN_TxMailbox2CompleteCallback  stm32f4xx_hal_can.o
    0x080017d8   0x080017d8   0x00000008   Code   RO          566    .text.HAL_CAN_WakeUpFromRxMsgCallback  stm32f4xx_hal_can.o
    0x080017e0   0x080017e0   0x000000ec   Code   RO          771    .text.HAL_DMA_Abort  stm32f4xx_hal_dma.o
    0x080018cc   0x080018cc   0x00000044   Code   RO          773    .text.HAL_DMA_Abort_IT  stm32f4xx_hal_dma.o
    0x08001910   0x08001910   0x0000031e   Code   RO          777    .text.HAL_DMA_IRQHandler  stm32f4xx_hal_dma.o
    0x08001c2e   0x08001c2e   0x00000002   PAD
    0x08001c30   0x08001c30   0x0000016e   Code   RO          757    .text.HAL_DMA_Init  stm32f4xx_hal_dma.o
    0x08001d9e   0x08001d9e   0x00000002   PAD
    0x08001da0   0x08001da0   0x000000c2   Code   RO          769    .text.HAL_DMA_Start_IT  stm32f4xx_hal_dma.o
    0x08001e62   0x08001e62   0x00000002   PAD
    0x08001e64   0x08001e64   0x0000000a   Code   RO          733    .text.HAL_GPIO_EXTI_Callback  stm32f4xx_hal_gpio.o
    0x08001e6e   0x08001e6e   0x00000002   PAD
    0x08001e70   0x08001e70   0x00000038   Code   RO          731    .text.HAL_GPIO_EXTI_IRQHandler  stm32f4xx_hal_gpio.o
    0x08001ea8   0x08001ea8   0x000003b6   Code   RO          719    .text.HAL_GPIO_Init  stm32f4xx_hal_gpio.o
    0x0800225e   0x0800225e   0x00000002   PAD
    0x08002260   0x08002260   0x0000002e   Code   RO          725    .text.HAL_GPIO_WritePin  stm32f4xx_hal_gpio.o
    0x0800228e   0x0800228e   0x00000002   PAD
    0x08002290   0x08002290   0x0000000c   Code   RO          944    .text.HAL_GetTick   stm32f4xx_hal.o
    0x0800229c   0x0800229c   0x0000001a   Code   RO          942    .text.HAL_IncTick   stm32f4xx_hal.o
    0x080022b6   0x080022b6   0x00000002   PAD
    0x080022b8   0x080022b8   0x00000036   Code   RO          932    .text.HAL_Init      stm32f4xx_hal.o
    0x080022ee   0x080022ee   0x00000002   PAD
    0x080022f0   0x080022f0   0x000000da   Code   RO          154    .text.HAL_InitTick  stm32f4xx_hal_timebase_tim.o
    0x080023ca   0x080023ca   0x00000002   PAD
    0x080023cc   0x080023cc   0x00000058   Code   RO          146    .text.HAL_MspInit   stm32f4xx_hal_msp.o
    0x08002424   0x08002424   0x00000014   Code   RO          867    .text.HAL_NVIC_EnableIRQ  stm32f4xx_hal_cortex.o
    0x08002438   0x08002438   0x00000032   Code   RO          859    .text.HAL_NVIC_SetPriority  stm32f4xx_hal_cortex.o
    0x0800246a   0x0800246a   0x00000002   PAD
    0x0800246c   0x0800246c   0x00000010   Code   RO          855    .text.HAL_NVIC_SetPriorityGrouping  stm32f4xx_hal_cortex.o
    0x0800247c   0x0800247c   0x00000262   Code   RO          587    .text.HAL_RCC_ClockConfig  stm32f4xx_hal_rcc.o
    0x080026de   0x080026de   0x00000002   PAD
    0x080026e0   0x080026e0   0x00000054   Code   RO          605    .text.HAL_RCC_GetClockConfig  stm32f4xx_hal_rcc.o
    0x08002734   0x08002734   0x0000000c   Code   RO          597    .text.HAL_RCC_GetHCLKFreq  stm32f4xx_hal_rcc.o
    0x08002740   0x08002740   0x00000022   Code   RO          599    .text.HAL_RCC_GetPCLK1Freq  stm32f4xx_hal_rcc.o
    0x08002762   0x08002762   0x00000002   PAD
    0x08002764   0x08002764   0x00000022   Code   RO          601    .text.HAL_RCC_GetPCLK2Freq  stm32f4xx_hal_rcc.o
    0x08002786   0x08002786   0x00000002   PAD
    0x08002788   0x08002788   0x000000e6   Code   RO          589    .text.HAL_RCC_GetSysClockFreq  stm32f4xx_hal_rcc.o
    0x0800286e   0x0800286e   0x00000002   PAD
    0x08002870   0x08002870   0x000006be   Code   RO          585    .text.HAL_RCC_OscConfig  stm32f4xx_hal_rcc.o
    0x08002f2e   0x08002f2e   0x00000002   PAD
    0x08002f30   0x08002f30   0x00000008   Code   RO          491    .text.HAL_TIMEx_BreakCallback  stm32f4xx_hal_tim_ex.o
    0x08002f38   0x08002f38   0x00000008   Code   RO          487    .text.HAL_TIMEx_CommutCallback  stm32f4xx_hal_tim_ex.o
    0x08002f40   0x08002f40   0x00000122   Code   RO          481    .text.HAL_TIMEx_MasterConfigSynchronization  stm32f4xx_hal_tim_ex.o
    0x08003062   0x08003062   0x00000002   PAD
    0x08003064   0x08003064   0x0000009c   Code   RO          168    .text.HAL_TIM_Base_Init  stm32f4xx_hal_tim.o
    0x08003100   0x08003100   0x00000084   Code   RO           82    .text.HAL_TIM_Base_MspInit  tim.o
    0x08003184   0x08003184   0x000000f6   Code   RO          182    .text.HAL_TIM_Base_Start_IT  stm32f4xx_hal_tim.o
    0x0800327a   0x0800327a   0x00000002   PAD
    0x0800327c   0x0800327c   0x00000184   Code   RO          360    .text.HAL_TIM_ConfigClockSource  stm32f4xx_hal_tim.o
    0x08003400   0x08003400   0x00000008   Code   RO          304    .text.HAL_TIM_IC_CaptureCallback  stm32f4xx_hal_tim.o
    0x08003408   0x08003408   0x0000021a   Code   RO          302    .text.HAL_TIM_IRQHandler  stm32f4xx_hal_tim.o
    0x08003622   0x08003622   0x00000002   PAD
    0x08003624   0x08003624   0x00000068   Code   RO           80    .text.HAL_TIM_MspPostInit  tim.o
    0x0800368c   0x0800368c   0x00000008   Code   RO          306    .text.HAL_TIM_OC_DelayElapsedCallback  stm32f4xx_hal_tim.o
    0x08003694   0x08003694   0x00000142   Code   RO          334    .text.HAL_TIM_PWM_ConfigChannel  stm32f4xx_hal_tim.o
    0x080037d6   0x080037d6   0x00000002   PAD
    0x080037d8   0x080037d8   0x0000009c   Code   RO          222    .text.HAL_TIM_PWM_Init  stm32f4xx_hal_tim.o
    0x08003874   0x08003874   0x00000008   Code   RO          224    .text.HAL_TIM_PWM_MspInit  stm32f4xx_hal_tim.o
    0x0800387c   0x0800387c   0x00000008   Code   RO          308    .text.HAL_TIM_PWM_PulseFinishedCallback  stm32f4xx_hal_tim.o
    0x08003884   0x08003884   0x000001ca   Code   RO          230    .text.HAL_TIM_PWM_Start  stm32f4xx_hal_tim.o
    0x08003a4e   0x08003a4e   0x00000002   PAD
    0x08003a50   0x08003a50   0x0000003c   Code   RO           17    .text.HAL_TIM_PeriodElapsedCallback  main.o
    0x08003a8c   0x08003a8c   0x00000008   Code   RO          312    .text.HAL_TIM_TriggerCallback  stm32f4xx_hal_tim.o
    0x08003a94   0x08003a94   0x000000b8   Code   RO         1075    .text.HAL_UARTEx_ReceiveToIdle_DMA  stm32f4xx_hal_uart.o
    0x08003b4c   0x08003b4c   0x00000052   Code   RO         1234    .text.HAL_UARTEx_RxEventCallback  uart_app.o
    0x08003b9e   0x08003b9e   0x00000002   PAD
    0x08003ba0   0x08003ba0   0x00000008   Code   RO         1111    .text.HAL_UART_ErrorCallback  stm32f4xx_hal_uart.o
    0x08003ba8   0x08003ba8   0x0000045c   Code   RO         1105    .text.HAL_UART_IRQHandler  stm32f4xx_hal_uart.o
    0x08004004   0x08004004   0x0000009e   Code   RO         1021    .text.HAL_UART_Init  stm32f4xx_hal_uart.o
    0x080040a2   0x080040a2   0x00000002   PAD
    0x080040a4   0x080040a4   0x00000180   Code   RO           97    .text.HAL_UART_MspInit  usart.o
    0x08004224   0x08004224   0x00000008   Code   RO         1123    .text.HAL_UART_RxCpltCallback  stm32f4xx_hal_uart.o
    0x0800422c   0x0800422c   0x00000008   Code   RO         1125    .text.HAL_UART_RxHalfCpltCallback  stm32f4xx_hal_uart.o
    0x08004234   0x08004234   0x00000008   Code   RO         1119    .text.HAL_UART_TxCpltCallback  stm32f4xx_hal_uart.o
    0x0800423c   0x0800423c   0x00000004   Code   RO          113    .text.HardFault_Handler  stm32f4xx_it.o
    0x08004240   0x08004240   0x0000004e   Code   RO           54    .text.MX_CAN1_Init  can.o
    0x0800428e   0x0800428e   0x00000002   PAD
    0x08004290   0x08004290   0x00000052   Code   RO           68    .text.MX_DMA_Init   dma.o
    0x080042e2   0x080042e2   0x00000002   PAD
    0x080042e4   0x080042e4   0x000000dc   Code   RO           28    .text.MX_GPIO_Init  gpio.o
    0x080043c0   0x080043c0   0x00000096   Code   RO           76    .text.MX_TIM2_Init  tim.o
    0x08004456   0x08004456   0x00000002   PAD
    0x08004458   0x08004458   0x00000106   Code   RO           78    .text.MX_TIM3_Init  tim.o
    0x0800455e   0x0800455e   0x00000002   PAD
    0x08004560   0x08004560   0x00000040   Code   RO           95    .text.MX_USART1_UART_Init  usart.o
    0x080045a0   0x080045a0   0x00000004   Code   RO          115    .text.MemManage_Handler  stm32f4xx_it.o
    0x080045a4   0x080045a4   0x00000004   Code   RO          111    .text.NMI_Handler   stm32f4xx_it.o
    0x080045a8   0x080045a8   0x0000006c   Code   RO          865    .text.NVIC_EncodePriority  stm32f4xx_hal_cortex.o
    0x08004614   0x08004614   0x0000022a   Code   RO         1952    .text.PID_Caculate  pid.o
    0x0800483e   0x0800483e   0x00000002   PAD
    0x08004840   0x08004840   0x0000005c   Code   RO         1950    .text.PID_Init      pid.o
    0x0800489c   0x0800489c   0x00000004   PAD
    0x080048a0   0x080048a0   0x00000064   Code   RO         1934    .text.PendSV_Handler  port.o
    0x08004904   0x08004904   0x0000000c   PAD
    0x08004910   0x08004910   0x00000024   Code   RO         1918    .text.SVC_Handler   port.o
    0x08004934   0x08004934   0x0000001e   Code   RO         1704    .text.SysTick_Handler  cmsis_os2.o
    0x08004952   0x08004952   0x00000002   PAD
    0x08004954   0x08004954   0x000000be   Code   RO           13    .text.SystemClock_Config  main.o
    0x08004a12   0x08004a12   0x00000002   PAD
    0x08004a14   0x08004a14   0x00000012   Code   RO         1152    .text.SystemInit    system_stm32f4xx.o
    0x08004a26   0x08004a26   0x00000002   PAD
    0x08004a28   0x08004a28   0x00000010   Code   RO          127    .text.TIM1_UP_TIM10_IRQHandler  stm32f4xx_it.o
    0x08004a38   0x08004a38   0x00000010   Code   RO          129    .text.TIM2_IRQHandler  stm32f4xx_it.o
    0x08004a48   0x08004a48   0x000001a4   Code   RO          172    .text.TIM_Base_SetConfig  stm32f4xx_hal_tim.o
    0x08004bec   0x08004bec   0x00000036   Code   RO          206    .text.TIM_CCxChannelCmd  stm32f4xx_hal_tim.o
    0x08004c22   0x08004c22   0x00000002   PAD
    0x08004c24   0x08004c24   0x00000034   Code   RO          358    .text.TIM_ETR_SetConfig  stm32f4xx_hal_tim.o
    0x08004c58   0x08004c58   0x0000002a   Code   RO          364    .text.TIM_ITRx_SetConfig  stm32f4xx_hal_tim.o
    0x08004c82   0x08004c82   0x00000002   PAD
    0x08004c84   0x08004c84   0x000000ea   Code   RO          316    .text.TIM_OC1_SetConfig  stm32f4xx_hal_tim.o
    0x08004d6e   0x08004d6e   0x00000002   PAD
    0x08004d70   0x08004d70   0x000000f4   Code   RO          318    .text.TIM_OC2_SetConfig  stm32f4xx_hal_tim.o
    0x08004e64   0x08004e64   0x000000f2   Code   RO          320    .text.TIM_OC3_SetConfig  stm32f4xx_hal_tim.o
    0x08004f56   0x08004f56   0x00000002   PAD
    0x08004f58   0x08004f58   0x000000a4   Code   RO          322    .text.TIM_OC4_SetConfig  stm32f4xx_hal_tim.o
    0x08004ffc   0x08004ffc   0x00000050   Code   RO          362    .text.TIM_TI1_ConfigInputStage  stm32f4xx_hal_tim.o
    0x0800504c   0x0800504c   0x00000052   Code   RO          366    .text.TIM_TI2_ConfigInputStage  stm32f4xx_hal_tim.o
    0x0800509e   0x0800509e   0x00000002   PAD
    0x080050a0   0x080050a0   0x0000001c   Code   RO         1109    .text.UART_DMAAbortOnError  stm32f4xx_hal_uart.o
    0x080050bc   0x080050bc   0x0000007c   Code   RO         1055    .text.UART_DMAError  stm32f4xx_hal_uart.o
    0x08005138   0x08005138   0x000000f4   Code   RO         1141    .text.UART_DMAReceiveCplt  stm32f4xx_hal_uart.o
    0x0800522c   0x0800522c   0x00000034   Code   RO         1143    .text.UART_DMARxHalfCplt  stm32f4xx_hal_uart.o
    0x08005260   0x08005260   0x00000094   Code   RO         1069    .text.UART_EndRxTransfer  stm32f4xx_hal_uart.o
    0x080052f4   0x080052f4   0x00000026   Code   RO         1117    .text.UART_EndTransmit_IT  stm32f4xx_hal_uart.o
    0x0800531a   0x0800531a   0x00000002   PAD
    0x0800531c   0x0800531c   0x00000036   Code   RO         1067    .text.UART_EndTxTransfer  stm32f4xx_hal_uart.o
    0x08005352   0x08005352   0x00000002   PAD
    0x08005354   0x08005354   0x00000168   Code   RO         1107    .text.UART_Receive_IT  stm32f4xx_hal_uart.o
    0x080054bc   0x080054bc   0x0000013a   Code   RO         1025    .text.UART_SetConfig  stm32f4xx_hal_uart.o
    0x080055f6   0x080055f6   0x00000002   PAD
    0x080055f8   0x080055f8   0x00000130   Code   RO         1059    .text.UART_Start_Receive_DMA  stm32f4xx_hal_uart.o
    0x08005728   0x08005728   0x00000094   Code   RO         1115    .text.UART_Transmit_IT  stm32f4xx_hal_uart.o
    0x080057bc   0x080057bc   0x00000010   Code   RO          131    .text.USART1_IRQHandler  stm32f4xx_it.o
    0x080057cc   0x080057cc   0x00000004   Code   RO          119    .text.UsageFault_Handler  stm32f4xx_it.o
    0x080057d0   0x080057d0   0x00000030   Code   RO          869    .text.__NVIC_EnableIRQ  stm32f4xx_hal_cortex.o
    0x08005800   0x08005800   0x00000010   Code   RO          861    .text.__NVIC_GetPriorityGrouping  stm32f4xx_hal_cortex.o
    0x08005810   0x08005810   0x00000042   Code   RO          863    .text.__NVIC_SetPriority  stm32f4xx_hal_cortex.o
    0x08005852   0x08005852   0x00000002   PAD
    0x08005854   0x08005854   0x0000003c   Code   RO          857    .text.__NVIC_SetPriorityGrouping  stm32f4xx_hal_cortex.o
    0x08005890   0x08005890   0x00000082   Code   RO         1260    .text.can_app_init  can_app.o
    0x08005912   0x08005912   0x00000002   PAD
    0x08005914   0x08005914   0x00000078   Code   RO           11    .text.main          main.o
    0x0800598c   0x0800598c   0x00000046   Code   RO         1492    .text.prvResetNextTaskUnblockTime  tasks.o
    0x080059d2   0x080059d2   0x00000002   PAD
    0x080059d4   0x080059d4   0x00000030   Code   RO         1238    .text.uart_app_init  uart_app.o
    0x08005a04   0x08005a04   0x00000048   Code   RO         1326    .text.uxListRemove  list.o
    0x08005a4c   0x08005a4c   0x0000003a   Code   RO         1322    .text.vListInsertEnd  list.o
    0x08005a86   0x08005a86   0x00000002   PAD
    0x08005a88   0x08005a88   0x000000c6   Code   RO         1514    .text.vTaskSwitchContext  tasks.o
    0x08005b4e   0x08005b4e   0x00000002   PAD
    0x08005b50   0x08005b50   0x0000003c   Code   RO         1936    .text.xPortSysTickHandler  port.o
    0x08005b8c   0x08005b8c   0x00000038   Code   RO         1574    .text.xTaskGetSchedulerState  tasks.o
    0x08005bc4   0x08005bc4   0x000001c4   Code   RO         1528    .text.xTaskIncrementTick  tasks.o
    0x08005d88   0x08005d88   0x00000150   Code   RO         1980    x$fpl$dadd          fz_wm.l(daddsub_clz.o)
    0x08005ed8   0x08005ed8   0x00000018   Code   RO         2075    x$fpl$dcmpinf       fz_wm.l(dcmpi.o)
    0x08005ef0   0x08005ef0   0x000002b4   Code   RO         1989    x$fpl$ddiv          fz_wm.l(ddiv.o)
    0x080061a4   0x080061a4   0x00000078   Code   RO         2021    x$fpl$deqf          fz_wm.l(deqf.o)
    0x0800621c   0x0800621c   0x0000005e   Code   RO         1992    x$fpl$dfix          fz_wm.l(dfix.o)
    0x0800627a   0x0800627a   0x0000002e   Code   RO         1997    x$fpl$dflt          fz_wm.l(dflt_clz.o)
    0x080062a8   0x080062a8   0x00000026   Code   RO         1996    x$fpl$dfltu         fz_wm.l(dflt_clz.o)
    0x080062ce   0x080062ce   0x00000002   PAD
    0x080062d0   0x080062d0   0x00000078   Code   RO         2023    x$fpl$dgeqf         fz_wm.l(dgeqf.o)
    0x08006348   0x08006348   0x00000078   Code   RO         2025    x$fpl$dleqf         fz_wm.l(dleqf.o)
    0x080063c0   0x080063c0   0x00000154   Code   RO         2002    x$fpl$dmul          fz_wm.l(dmul.o)
    0x08006514   0x08006514   0x0000009c   Code   RO         2027    x$fpl$dnaninf       fz_wm.l(dnaninf.o)
    0x080065b0   0x080065b0   0x0000000c   Code   RO         2029    x$fpl$dretinf       fz_wm.l(dretinf.o)
    0x080065bc   0x080065bc   0x000001dc   Code   RO         1982    x$fpl$dsub          fz_wm.l(daddsub_clz.o)
    0x08006798   0x08006798   0x00000056   Code   RO         2004    x$fpl$f2d           fz_wm.l(f2d.o)
    0x080067ee   0x080067ee   0x00000054   Code   RO         1986    x$fpl$fcmp          fz_wm.l(dcmp.o)
    0x08006842   0x08006842   0x0000008c   Code   RO         2031    x$fpl$fnaninf       fz_wm.l(fnaninf.o)
    0x080068ce   0x080068ce   0x0000001a   Code   RO         2166    x$fpl$fpinit        fz_wm.l(fpinit.o)
    0x080068e8   0x080068e8   0x00000000   Code   RO         2033    x$fpl$usenofp       fz_wm.l(usenofp.o)
    0x080068e8   0x080068e8   0x00000010   Data   RO         1157    .rodata.AHBPrescTable  system_stm32f4xx.o
    0x080068f8   0x080068f8   0x00000008   Data   RO         1158    .rodata.APBPrescTable  system_stm32f4xx.o
    0x08006900   0x08006900   0x00000008   Data   RO          787    .rodata.DMA_CalcBaseAndBitshift.flagBitshiftOffset  stm32f4xx_hal_dma.o
    0x08006908   0x08006908   0x00000020   Data   RO         2227    Region$$Table       anon$$obj.o


    Execution Region RW_IRAM1 (Exec base: 0x20000000, Load base: 0x08006928, Size: 0x00001518, Max: 0x0001c000, ABSOLUTE)

    Exec Addr    Load Addr    Size         Type   Attr      Idx    E Section Name        Object

    0x20000000   0x08006928   0x00000004   Data   RW         1156    .data.SystemCoreClock  system_stm32f4xx.o
    0x20000004   0x0800692c   0x00000001   Data   RW          987    .data.uwTickFreq    stm32f4xx_hal.o
    0x20000005   0x0800692d   0x00000003   PAD
    0x20000008   0x08006930   0x00000004   Data   RW          986    .data.uwTickPrio    stm32f4xx_hal.o
    0x2000000c   0x08006934   0x00000004   PAD
    0x20000010        -       0x00000060   Zero   RW         2078    .bss                c_w.l(libspace.o)
    0x20000070        -       0x00000008   Zero   RW         1267    .bss.can_rx_data    can_app.o
    0x20000078        -       0x0000001c   Zero   RW         1266    .bss.can_rx_header  can_app.o
    0x20000094   0x08006934   0x00000004   PAD
    0x20000098        -       0x000001a0   Zero   RW         1226    .bss.dji_motor      dji_motor.o
    0x20000238        -       0x00000028   Zero   RW           60    .bss.hcan1          can.o
    0x20000260        -       0x00000060   Zero   RW          102    .bss.hdma_usart1_rx  usart.o
    0x200002c0        -       0x00000060   Zero   RW          103    .bss.hdma_usart1_tx  usart.o
    0x20000320        -       0x00000048   Zero   RW          160    .bss.htim1          stm32f4xx_hal_timebase_tim.o
    0x20000368        -       0x00000048   Zero   RW           86    .bss.htim2          tim.o
    0x200003b0        -       0x00000048   Zero   RW           87    .bss.htim3          tim.o
    0x200003f8        -       0x00000048   Zero   RW          101    .bss.huart1         usart.o
    0x20000440        -       0x00000004   Zero   RW         1604    .bss.pxCurrentTCB   tasks.o
    0x20000444        -       0x00000004   Zero   RW         1612    .bss.pxDelayedTaskList  tasks.o
    0x20000448        -       0x00000004   Zero   RW         1613    .bss.pxOverflowDelayedTaskList  tasks.o
    0x2000044c        -       0x00000460   Zero   RW         1615    .bss.pxReadyTasksLists  tasks.o
    0x200008ac        -       0x00000040   Zero   RW         1242    .bss.rx_buffer      uart_app.o
    0x200008ec        -       0x00000001   Zero   RW         1241    .bss.rx_ready       uart_app.o
    0x200008ed   0x08006934   0x00000001   PAD
    0x200008ee        -       0x00000002   Zero   RW         1240    .bss.rx_size        uart_app.o
    0x200008f0        -       0x00000004   Zero   RW           19    .bss.tick_2ms_count  main.o
    0x200008f4        -       0x00000004   Zero   RW          988    .bss.uwTick         stm32f4xx_hal.o
    0x200008f8        -       0x00000004   Zero   RW         1610    .bss.uxSchedulerSuspended  tasks.o
    0x200008fc        -       0x00000004   Zero   RW         1616    .bss.uxTopReadyPriority  tasks.o
    0x20000900        -       0x00000004   Zero   RW         1620    .bss.xNextTaskUnblockTime  tasks.o
    0x20000904        -       0x00000004   Zero   RW         1623    .bss.xNumOfOverflows  tasks.o
    0x20000908        -       0x00000004   Zero   RW         1622    .bss.xPendedTicks   tasks.o
    0x2000090c        -       0x00000004   Zero   RW         1609    .bss.xSchedulerRunning  tasks.o
    0x20000910        -       0x00000004   Zero   RW         1611    .bss.xTickCount     tasks.o
    0x20000914        -       0x00000004   Zero   RW         1621    .bss.xYieldPending  tasks.o
    0x20000918        -       0x00000800   Zero   RW            2    HEAP                startup_stm32f405xx.o
    0x20001118        -       0x00000400   Zero   RW            1    STACK               startup_stm32f405xx.o


    Execution Region RW_IRAM2 (Exec base: 0x2001c000, Load base: 0x08006938, Size: 0x00000000, Max: 0x00004000, ABSOLUTE)

    **** No section assigned to this execution region ****


==============================================================================

Image component sizes


      Code (inc. data)   RO Data    RW Data    ZI Data      Debug   Object Name

       262          0          0          0         40       5894   can.o
       292          0          0          0         36       4196   can_app.o
        30          0          0          0          0      34882   cmsis_os2.o
      1086         52          0          0        416       4116   dji_motor.o
        82          0          0          0          0       3239   dma.o
       220          0          0          0          0       3909   gpio.o
       130          0          0          0          0       2215   list.o
       376          0          0          0          4       5982   main.o
       646          0          0          0          0       1458   pid.o
       196          8          0          0          0       3827   port.o
        64         26        392          0       3072        836   startup_stm32f405xx.o
        92          0          0          5          4       7059   stm32f4xx_hal.o
      3090          0          0          0          0      11489   stm32f4xx_hal_can.o
       384          0          0          0          0       9639   stm32f4xx_hal_cortex.o
      2068          8          8          0          0       8468   stm32f4xx_hal_dma.o
      1062          0          0          0          0       5096   stm32f4xx_hal_gpio.o
        88          0          0          0          0       3304   stm32f4xx_hal_msp.o
      2730          0          0          0          0       7593   stm32f4xx_hal_rcc.o
      3918         14          0          0          0      35833   stm32f4xx_hal_tim.o
       306          0          0          0          0      15259   stm32f4xx_hal_tim_ex.o
       218          0          0          0         72       6991   stm32f4xx_hal_timebase_tim.o
      3304          0          0          0          0      20314   stm32f4xx_hal_uart.o
       146          0          0          0          0       1700   stm32f4xx_it.o
        18          0         24          4          0       2507   system_stm32f4xx.o
       776          0          0          0       1164      24076   tasks.o
       648          0          0          0        144       8178   tim.o
       130          0          0          0         67       3807   uart_app.o
       448          0          0          0        264       6874   usart.o

    ----------------------------------------------------------------------
     22952        120        456         12       5292     248741   Object Totals
         0          0         32          0          0          0   (incl. Generated)
       142         12          0          3          9          0   (incl. Padding)

    ----------------------------------------------------------------------

      Code (inc. data)   RO Data    RW Data    ZI Data      Debug   Library Member Name

         8          0          0          0          0         68   __main.o
         0          0          0          0          0          0   __rtentry.o
        12          0          0          0          0          0   __rtentry2.o
         6          0          0          0          0          0   __rtentry4.o
        52          8          0          0          0          0   __scatter.o
        26          0          0          0          0          0   __scatter_copy.o
        28          0          0          0          0          0   __scatter_zi.o
        18          0          0          0          0         80   exit.o
         6          0          0          0          0        152   heapauxi.o
         0          0          0          0          0          0   indicate_semi.o
         2          0          0          0          0          0   libinit.o
         6          0          0          0          0          0   libinit2.o
         2          0          0          0          0          0   libshutdown.o
         2          0          0          0          0          0   libshutdown2.o
         8          4          0          0         96         68   libspace.o
       240          0          0          0          0        100   lludivv7m.o
        78          0          0          0          0         80   rt_memclr_w.o
         2          0          0          0          0          0   rtexit.o
        10          0          0          0          0          0   rtexit2.o
        12          4          0          0          0         68   sys_exit.o
        74          0          0          0          0         80   sys_stackheap_outer.o
         2          0          0          0          0         68   use_no_semi.o
       812         16          0          0          0        392   daddsub_clz.o
        84          0          0          0          0        244   dcmp.o
        24          0          0          0          0        116   dcmpi.o
       692        140          0          0          0        264   ddiv.o
       120          4          0          0          0        140   deqf.o
        94          4          0          0          0        140   dfix.o
        84          0          0          0          0        232   dflt_clz.o
       120          4          0          0          0        140   dgeqf.o
       120          4          0          0          0        140   dleqf.o
       340         12          0          0          0        152   dmul.o
       156          4          0          0          0        140   dnaninf.o
        12          0          0          0          0        116   dretinf.o
        86          4          0          0          0        132   f2d.o
       140          4          0          0          0        132   fnaninf.o
        26          0          0          0          0        116   fpinit.o
         0          0          0          0          0          0   usenofp.o

    ----------------------------------------------------------------------
      3512        212          0          0         96       3360   Library Totals
         8          0          0          0          0          0   (incl. Padding)

    ----------------------------------------------------------------------

      Code (inc. data)   RO Data    RW Data    ZI Data      Debug   Library Name

       594         16          0          0         96        764   c_w.l
      2910        196          0          0          0       2596   fz_wm.l

    ----------------------------------------------------------------------
      3512        212          0          0         96       3360   Library Totals

    ----------------------------------------------------------------------

==============================================================================


      Code (inc. data)   RO Data    RW Data    ZI Data      Debug   

     26464        332        456         12       5388     249721   Grand Totals
     26464        332        456         12       5388     249721   ELF Image Totals
     26464        332        456         12          0          0   ROM Totals

==============================================================================

    Total RO  Size (Code + RO Data)                26920 (  26.29kB)
    Total RW  Size (RW Data + ZI Data)              5400 (   5.27kB)
    Total ROM Size (Code + RO Data + RW Data)      26932 (  26.30kB)

==============================================================================

